Archive member included to satisfy reference by file (symbol)

e:/program files (x86)/atmel/studio/7.0/toolchain/arm/arm-gnu-toolchain/bin/../lib/gcc/arm-none-eabi/6.3.1/thumb/v6-m\libgcc.a(_udivsi3.o)
                              src/ASF/sam0/drivers/system/clock/clock_samd21_r21_da_ha1/clock.o (__aeabi_uidiv)
e:/program files (x86)/atmel/studio/7.0/toolchain/arm/arm-gnu-toolchain/bin/../lib/gcc/arm-none-eabi/6.3.1/thumb/v6-m\libgcc.a(_dvmd_tls.o)
                              e:/program files (x86)/atmel/studio/7.0/toolchain/arm/arm-gnu-toolchain/bin/../lib/gcc/arm-none-eabi/6.3.1/thumb/v6-m\libgcc.a(_udivsi3.o) (__aeabi_idiv0)
e:/program files (x86)/atmel/studio/7.0/toolchain/arm/arm-gnu-toolchain/bin/../lib/gcc/arm-none-eabi/6.3.1/../../../../arm-none-eabi/lib/thumb/v6-m\libc_nano.a(lib_a-exit.o)
                              e:/program files (x86)/atmel/studio/7.0/toolchain/arm/arm-gnu-toolchain/bin/../lib/gcc/arm-none-eabi/6.3.1/../../../../arm-none-eabi/lib/thumb/v6-m/crt0.o (exit)
e:/program files (x86)/atmel/studio/7.0/toolchain/arm/arm-gnu-toolchain/bin/../lib/gcc/arm-none-eabi/6.3.1/../../../../arm-none-eabi/lib/thumb/v6-m\libc_nano.a(lib_a-impure.o)
                              e:/program files (x86)/atmel/studio/7.0/toolchain/arm/arm-gnu-toolchain/bin/../lib/gcc/arm-none-eabi/6.3.1/../../../../arm-none-eabi/lib/thumb/v6-m\libc_nano.a(lib_a-exit.o) (_global_impure_ptr)
e:/program files (x86)/atmel/studio/7.0/toolchain/arm/arm-gnu-toolchain/bin/../lib/gcc/arm-none-eabi/6.3.1/../../../../arm-none-eabi/lib/thumb/v6-m\libc_nano.a(lib_a-init.o)
                              e:/program files (x86)/atmel/studio/7.0/toolchain/arm/arm-gnu-toolchain/bin/../lib/gcc/arm-none-eabi/6.3.1/../../../../arm-none-eabi/lib/thumb/v6-m/crt0.o (__libc_init_array)
e:/program files (x86)/atmel/studio/7.0/toolchain/arm/arm-gnu-toolchain/bin/../lib/gcc/arm-none-eabi/6.3.1/../../../../arm-none-eabi/lib/thumb/v6-m\libc_nano.a(lib_a-memset.o)
                              e:/program files (x86)/atmel/studio/7.0/toolchain/arm/arm-gnu-toolchain/bin/../lib/gcc/arm-none-eabi/6.3.1/../../../../arm-none-eabi/lib/thumb/v6-m/crt0.o (memset)

Allocating common symbols
Common symbol       size              file

_extint_dev         0x40              src/ASF/sam0/drivers/extint/extint_sam_d_r_h/extint.o
_current_channel    0x1               src/ASF/sam0/drivers/extint/extint_callback.o

Discarded input sections

 .text          0x00000000        0x0 e:/program files (x86)/atmel/studio/7.0/toolchain/arm/arm-gnu-toolchain/bin/../lib/gcc/arm-none-eabi/6.3.1/thumb/v6-m/crti.o
 .data          0x00000000        0x0 e:/program files (x86)/atmel/studio/7.0/toolchain/arm/arm-gnu-toolchain/bin/../lib/gcc/arm-none-eabi/6.3.1/thumb/v6-m/crti.o
 .bss           0x00000000        0x0 e:/program files (x86)/atmel/studio/7.0/toolchain/arm/arm-gnu-toolchain/bin/../lib/gcc/arm-none-eabi/6.3.1/thumb/v6-m/crti.o
 .data          0x00000000        0x4 e:/program files (x86)/atmel/studio/7.0/toolchain/arm/arm-gnu-toolchain/bin/../lib/gcc/arm-none-eabi/6.3.1/thumb/v6-m/crtbegin.o
 .text          0x00000000       0x78 e:/program files (x86)/atmel/studio/7.0/toolchain/arm/arm-gnu-toolchain/bin/../lib/gcc/arm-none-eabi/6.3.1/../../../../arm-none-eabi/lib/thumb/v6-m/crt0.o
 .data          0x00000000        0x0 e:/program files (x86)/atmel/studio/7.0/toolchain/arm/arm-gnu-toolchain/bin/../lib/gcc/arm-none-eabi/6.3.1/../../../../arm-none-eabi/lib/thumb/v6-m/crt0.o
 .bss           0x00000000        0x0 e:/program files (x86)/atmel/studio/7.0/toolchain/arm/arm-gnu-toolchain/bin/../lib/gcc/arm-none-eabi/6.3.1/../../../../arm-none-eabi/lib/thumb/v6-m/crt0.o
 .ARM.extab     0x00000000        0x0 e:/program files (x86)/atmel/studio/7.0/toolchain/arm/arm-gnu-toolchain/bin/../lib/gcc/arm-none-eabi/6.3.1/../../../../arm-none-eabi/lib/thumb/v6-m/crt0.o
 .ARM.exidx     0x00000000        0x8 e:/program files (x86)/atmel/studio/7.0/toolchain/arm/arm-gnu-toolchain/bin/../lib/gcc/arm-none-eabi/6.3.1/../../../../arm-none-eabi/lib/thumb/v6-m/crt0.o
 .ARM.attributes
                0x00000000       0x1b e:/program files (x86)/atmel/studio/7.0/toolchain/arm/arm-gnu-toolchain/bin/../lib/gcc/arm-none-eabi/6.3.1/../../../../arm-none-eabi/lib/thumb/v6-m/crt0.o
 .group         0x00000000        0x8 src/ASF/common/utils/interrupt/interrupt_sam_nvic.o
 .group         0x00000000        0x8 src/ASF/common/utils/interrupt/interrupt_sam_nvic.o
 .group         0x00000000        0x8 src/ASF/common/utils/interrupt/interrupt_sam_nvic.o
 .group         0x00000000        0x8 src/ASF/common/utils/interrupt/interrupt_sam_nvic.o
 .group         0x00000000        0x8 src/ASF/common/utils/interrupt/interrupt_sam_nvic.o
 .group         0x00000000        0x8 src/ASF/common/utils/interrupt/interrupt_sam_nvic.o
 .group         0x00000000        0x8 src/ASF/common/utils/interrupt/interrupt_sam_nvic.o
 .group         0x00000000        0x8 src/ASF/common/utils/interrupt/interrupt_sam_nvic.o
[...]
Memory Configuration

Name             Origin             Length             Attributes
rom              0x00000000         0x00040000         xr
ram              0x20000000         0x00008000         xrw
*default*        0x00000000         0xffffffff

Linker script and memory map

LOAD e:/program files (x86)/atmel/studio/7.0/toolchain/arm/arm-gnu-toolchain/bin/../lib/gcc/arm-none-eabi/6.3.1/thumb/v6-m/crti.o
LOAD e:/program files (x86)/atmel/studio/7.0/toolchain/arm/arm-gnu-toolchain/bin/../lib/gcc/arm-none-eabi/6.3.1/thumb/v6-m/crtbegin.o
LOAD e:/program files (x86)/atmel/studio/7.0/toolchain/arm/arm-gnu-toolchain/bin/../lib/gcc/arm-none-eabi/6.3.1/../../../../arm-none-eabi/lib/thumb/v6-m/crt0.o
LOAD src/ASF/common/utils/interrupt/interrupt_sam_nvic.o
LOAD src/ASF/sam0/boards/samr21_xplained_pro/board_init.o
LOAD src/ASF/sam0/drivers/extint/extint_callback.o
LOAD src/ASF/sam0/drivers/extint/extint_sam_d_r_h/extint.o
LOAD src/ASF/sam0/drivers/port/port.o
LOAD src/ASF/sam0/drivers/system/clock/clock_samd21_r21_da_ha1/clock.o
LOAD src/ASF/sam0/drivers/system/clock/clock_samd21_r21_da_ha1/gclk.o
LOAD src/ASF/sam0/drivers/system/interrupt/system_interrupt.o
LOAD src/ASF/sam0/drivers/system/pinmux/pinmux.o
LOAD src/ASF/sam0/drivers/system/system.o
LOAD src/ASF/sam0/utils/cmsis/samr21/source/gcc/startup_samr21.o
LOAD src/ASF/sam0/utils/cmsis/samr21/source/system_samr21.o
LOAD src/ASF/sam0/utils/syscalls/gcc/syscalls.o
LOAD src/main.o
START GROUP
LOAD ../src/ASF/thirdparty/CMSIS/Lib/GCC\libarm_cortexM0l_math.a
LOAD e:/program files (x86)/atmel/studio/7.0/toolchain/arm/arm-gnu-toolchain/bin/../lib/gcc/arm-none-eabi/6.3.1/../../../../arm-none-eabi/lib/thumb/v6-m\libm.a
END GROUP
START GROUP
LOAD e:/program files (x86)/atmel/studio/7.0/toolchain/arm/arm-gnu-toolchain/bin/../lib/gcc/arm-none-eabi/6.3.1/thumb/v6-m\libgcc.a
LOAD e:/program files (x86)/atmel/studio/7.0/toolchain/arm/arm-gnu-toolchain/bin/../lib/gcc/arm-none-eabi/6.3.1/../../../../arm-none-eabi/lib/thumb/v6-m\libc_nano.a
END GROUP
START GROUP
LOAD e:/program files (x86)/atmel/studio/7.0/toolchain/arm/arm-gnu-toolchain/bin/../lib/gcc/arm-none-eabi/6.3.1/thumb/v6-m\libgcc.a
LOAD e:/program files (x86)/atmel/studio/7.0/toolchain/arm/arm-gnu-toolchain/bin/../lib/gcc/arm-none-eabi/6.3.1/../../../../arm-none-eabi/lib/thumb/v6-m\libc_nano.a
END GROUP
LOAD e:/program files (x86)/atmel/studio/7.0/toolchain/arm/arm-gnu-toolchain/bin/../lib/gcc/arm-none-eabi/6.3.1/thumb/v6-m/crtend.o
LOAD e:/program files (x86)/atmel/studio/7.0/toolchain/arm/arm-gnu-toolchain/bin/../lib/gcc/arm-none-eabi/6.3.1/thumb/v6-m/crtn.o
                0x00002000                STACK_SIZE = DEFINED (STACK_SIZE)?STACK_SIZE:DEFINED (__stack_size__)?__stack_size__:0x2000

.text           0x00000000      0x9e0
                0x00000000                . = ALIGN (0x4)
                0x00000000                _sfixed = .
 *(.vectors .vectors.*)
 .vectors       0x00000000       0xb4 src/ASF/sam0/utils/cmsis/samr21/source/gcc/startup_samr21.o
                0x00000000                exception_table
 *(.text .text.* .gnu.linkonce.t.*)
 .text          0x000000b4       0x60 e:/program files (x86)/atmel/studio/7.0/toolchain/arm/arm-gnu-toolchain/bin/../lib/gcc/arm-none-eabi/6.3.1/thumb/v6-m/crtbegin.o
 .text.cpu_irq_enter_critical
                0x00000114       0x40 src/ASF/common/utils/interrupt/interrupt_sam_nvic.o
                0x00000114                cpu_irq_enter_critical
 .text.cpu_irq_leave_critical
                0x00000154       0x30 src/ASF/common/utils/interrupt/interrupt_sam_nvic.o
                0x00000154                cpu_irq_leave_critical
 .text.system_board_init
                0x00000184       0x38 src/ASF/sam0/boards/samr21_xplained_pro/board_init.o
                0x00000184                board_init
                0x00000184                system_board_init
 .text.extint_register_callback
                0x000001bc       0x2c src/ASF/sam0/drivers/extint/extint_callback.o
                0x000001bc                extint_register_callback
 .text.extint_chan_enable_callback
                0x000001e8       0x20 src/ASF/sam0/drivers/extint/extint_callback.o
                0x000001e8                extint_chan_enable_callback
 .text.EIC_Handler
                0x00000208       0x54 src/ASF/sam0/drivers/extint/extint_callback.o
                0x00000208                EIC_Handler
 .text._extint_enable
                0x0000025c       0x18 src/ASF/sam0/drivers/extint/extint_sam_d_r_h/extint.o
 .text._system_extint_init
                0x00000274       0x6c src/ASF/sam0/drivers/extint/extint_sam_d_r_h/extint.o
                0x00000274                _system_extint_init
 .text.extint_chan_get_config_defaults
                0x000002e0       0x14 src/ASF/sam0/drivers/extint/extint_sam_d_r_h/extint.o
                0x000002e0                extint_chan_get_config_defaults
 .text.extint_chan_set_config
                0x000002f4       0x78 src/ASF/sam0/drivers/extint/extint_sam_d_r_h/extint.o
                0x000002f4                extint_chan_set_config
 .text.port_pin_set_config
                0x0000036c       0x24 src/ASF/sam0/drivers/port/port.o
                0x0000036c                port_pin_set_config
 .text.system_clock_source_osc8m_set_config
                0x00000390       0x3c src/ASF/sam0/drivers/system/clock/clock_samd21_r21_da_ha1/clock.o
                0x00000390                system_clock_source_osc8m_set_config
 .text.system_clock_source_enable
                0x000003cc       0xa8 src/ASF/sam0/drivers/system/clock/clock_samd21_r21_da_ha1/clock.o
                0x000003cc                system_clock_source_enable
 .text.system_clock_init
                0x00000474       0x98 src/ASF/sam0/drivers/system/clock/clock_samd21_r21_da_ha1/clock.o
                0x00000474                system_clock_init
 .text.system_gclk_init
                0x0000050c       0x24 src/ASF/sam0/drivers/system/clock/clock_samd21_r21_da_ha1/gclk.o
                0x0000050c                system_gclk_init
 .text.system_gclk_gen_set_config
                0x00000530       0xb8 src/ASF/sam0/drivers/system/clock/clock_samd21_r21_da_ha1/gclk.o
                0x00000530                system_gclk_gen_set_config
 .text.system_gclk_gen_enable
                0x000005e8       0x44 src/ASF/sam0/drivers/system/clock/clock_samd21_r21_da_ha1/gclk.o
                0x000005e8                system_gclk_gen_enable
 .text.system_gclk_chan_enable
                0x0000062c       0x30 src/ASF/sam0/drivers/system/clock/clock_samd21_r21_da_ha1/gclk.o
                0x0000062c                system_gclk_chan_enable
 .text.system_gclk_chan_disable
                0x0000065c       0x5c src/ASF/sam0/drivers/system/clock/clock_samd21_r21_da_ha1/gclk.o
                0x0000065c                system_gclk_chan_disable
 .text.system_gclk_chan_set_config
                0x000006b8       0x1c src/ASF/sam0/drivers/system/clock/clock_samd21_r21_da_ha1/gclk.o
                0x000006b8                system_gclk_chan_set_config
 .text._system_pinmux_config
                0x000006d4       0xa8 src/ASF/sam0/drivers/system/pinmux/pinmux.o
 .text.system_pinmux_pin_set_config
                0x0000077c       0x30 src/ASF/sam0/drivers/system/pinmux/pinmux.o
                0x0000077c                system_pinmux_pin_set_config
 .text._system_dummy_init
                0x000007ac        0x2 src/ASF/sam0/drivers/system/system.o
                0x000007ac                _system_events_init
                0x000007ac                _system_dummy_init
                0x000007ac                _system_divas_init
 *fill*         0x000007ae        0x2 
 .text.system_init
                0x000007b0       0x2c src/ASF/sam0/drivers/system/system.o
                0x000007b0                system_init
 .text.Dummy_Handler
                0x000007dc        0x2 src/ASF/sam0/utils/cmsis/samr21/source/gcc/startup_samr21.o
                0x000007dc                DMAC_Handler
                0x000007dc                HardFault_Handler
                0x000007dc                AC_Handler
                0x000007dc                SysTick_Handler
                0x000007dc                PendSV_Handler
                0x000007dc                NMI_Handler
                0x000007dc                SERCOM1_Handler
                0x000007dc                ADC_Handler
                0x000007dc                TCC1_Handler
                0x000007dc                SERCOM2_Handler
                0x000007dc                TCC0_Handler
                0x000007dc                RTC_Handler
                0x000007dc                WDT_Handler
                0x000007dc                TC4_Handler
                0x000007dc                USB_Handler
                0x000007dc                TC3_Handler
                0x000007dc                Dummy_Handler
                0x000007dc                PM_Handler
                0x000007dc                SERCOM5_Handler
                0x000007dc                SVC_Handler
                0x000007dc                TCC2_Handler
                0x000007dc                EVSYS_Handler
                0x000007dc                SERCOM3_Handler
                0x000007dc                SERCOM4_Handler
                0x000007dc                NVMCTRL_Handler
                0x000007dc                SERCOM0_Handler
                0x000007dc                PTC_Handler
                0x000007dc                TC5_Handler
                0x000007dc                SYSCTRL_Handler
 *fill*         0x000007de        0x2 
 .text.Reset_Handler
                0x000007e0       0xe4 src/ASF/sam0/utils/cmsis/samr21/source/gcc/startup_samr21.o
                0x000007e0                Reset_Handler
 .text.extint_detection_callback
                0x000008c4       0x20 src/main.o
                0x000008c4                extint_detection_callback
 .text.configure_extint_channel
                0x000008e4       0x30 src/main.o
                0x000008e4                configure_extint_channel
 .text.configure_extint_callbacks
                0x00000914       0x24 src/main.o
                0x00000914                configure_extint_callbacks
 .text.main     0x00000938       0x1c src/main.o
                0x00000938                main
 .text.__libc_init_array
                0x00000954       0x48 e:/program files (x86)/atmel/studio/7.0/toolchain/arm/arm-gnu-toolchain/bin/../lib/gcc/arm-none-eabi/6.3.1/../../../../arm-none-eabi/lib/thumb/v6-m\libc_nano.a(lib_a-init.o)
                0x00000954                __libc_init_array
 *(.glue_7t)
 .glue_7t       0x0000099c        0x0 linker stubs
 *(.glue_7)
 .glue_7        0x0000099c        0x0 linker stubs
 *(.rodata .rodata* .gnu.linkonce.r.*)
 .rodata.system_clock_source_enable
                0x0000099c       0x24 src/ASF/sam0/drivers/system/clock/clock_samd21_r21_da_ha1/clock.o
 *(.ARM.extab* .gnu.linkonce.armextab.*)
                0x000009c0                . = ALIGN (0x4)
 *(.init)
 .init          0x000009c0        0x4 e:/program files (x86)/atmel/studio/7.0/toolchain/arm/arm-gnu-toolchain/bin/../lib/gcc/arm-none-eabi/6.3.1/thumb/v6-m/crti.o
                0x000009c0                _init
 .init          0x000009c4        0x8 e:/program files (x86)/atmel/studio/7.0/toolchain/arm/arm-gnu-toolchain/bin/../lib/gcc/arm-none-eabi/6.3.1/thumb/v6-m/crtn.o
                0x000009cc                . = ALIGN (0x4)
                0x000009cc                __preinit_array_start = .
 *(.preinit_array)
                0x000009cc                __preinit_array_end = .
                0x000009cc                . = ALIGN (0x4)
                0x000009cc                __init_array_start = .
 *(SORT(.init_array.*))
 *(.init_array)
 .init_array    0x000009cc        0x4 e:/program files (x86)/atmel/studio/7.0/toolchain/arm/arm-gnu-toolchain/bin/../lib/gcc/arm-none-eabi/6.3.1/thumb/v6-m/crtbegin.o
                0x000009d0                __init_array_end = .
                0x000009d0                . = ALIGN (0x4)
 *crtbegin.o(.ctors)
 *(EXCLUDE_FILE(*crtend.o) .ctors)
 *(SORT(.ctors.*))
 *crtend.o(.ctors)
                0x000009d0                . = ALIGN (0x4)
 *(.fini)
 .fini          0x000009d0        0x4 e:/program files (x86)/atmel/studio/7.0/toolchain/arm/arm-gnu-toolchain/bin/../lib/gcc/arm-none-eabi/6.3.1/thumb/v6-m/crti.o
                0x000009d0                _fini
 .fini          0x000009d4        0x8 e:/program files (x86)/atmel/studio/7.0/toolchain/arm/arm-gnu-toolchain/bin/../lib/gcc/arm-none-eabi/6.3.1/thumb/v6-m/crtn.o
                0x000009dc                . = ALIGN (0x4)
                0x000009dc                __fini_array_start = .
 *(.fini_array)
 .fini_array    0x000009dc        0x4 e:/program files (x86)/atmel/studio/7.0/toolchain/arm/arm-gnu-toolchain/bin/../lib/gcc/arm-none-eabi/6.3.1/thumb/v6-m/crtbegin.o
 *(SORT(.fini_array.*))
                0x000009e0                __fini_array_end = .
 *crtbegin.o(.dtors)
 *(EXCLUDE_FILE(*crtend.o) .dtors)
 *(SORT(.dtors.*))
 *crtend.o(.dtors)
                0x000009e0                . = ALIGN (0x4)
                0x000009e0                _efixed = .
                [!provide]                PROVIDE (__exidx_start, .)

.vfp11_veneer   0x000009e0        0x0
 .vfp11_veneer  0x000009e0        0x0 linker stubs

.v4_bx          0x000009e0        0x0
 .v4_bx         0x000009e0        0x0 linker stubs

.iplt           0x000009e0        0x0
 .iplt          0x000009e0        0x0 e:/program files (x86)/atmel/studio/7.0/toolchain/arm/arm-gnu-toolchain/bin/../lib/gcc/arm-none-eabi/6.3.1/thumb/v6-m/crtbegin.o

.eh_frame       0x000009e0        0x0
 .eh_frame      0x000009e0        0x0 e:/program files (x86)/atmel/studio/7.0/toolchain/arm/arm-gnu-toolchain/bin/../lib/gcc/arm-none-eabi/6.3.1/thumb/v6-m/crtbegin.o

.rel.dyn        0x000009e0        0x0
 .rel.iplt      0x000009e0        0x0 e:/program files (x86)/atmel/studio/7.0/toolchain/arm/arm-gnu-toolchain/bin/../lib/gcc/arm-none-eabi/6.3.1/thumb/v6-m/crtbegin.o

.jcr            0x000009e0        0x0
 .jcr           0x000009e0        0x0 e:/program files (x86)/atmel/studio/7.0/toolchain/arm/arm-gnu-toolchain/bin/../lib/gcc/arm-none-eabi/6.3.1/thumb/v6-m/crtbegin.o

.igot.plt       0x000009e0        0x0
 .igot.plt      0x000009e0        0x0 e:/program files (x86)/atmel/studio/7.0/toolchain/arm/arm-gnu-toolchain/bin/../lib/gcc/arm-none-eabi/6.3.1/thumb/v6-m/crtbegin.o

.ARM.exidx
 *(.ARM.exidx* .gnu.linkonce.armexidx.*)
                [!provide]                PROVIDE (__exidx_end, .)
                0x000009e0                . = ALIGN (0x4)
                0x000009e0                _etext = .

.relocate       0x20000000        0x4 load address 0x000009e0
                0x20000000                . = ALIGN (0x4)
                0x20000000                _srelocate = .
 *(.ramfunc .ramfunc.*)
 *(.data .data.*)
 .data.g_interrupt_enabled
                0x20000000        0x1 src/ASF/common/utils/interrupt/interrupt_sam_nvic.o
                0x20000000                g_interrupt_enabled
                0x20000004                . = ALIGN (0x4)
 *fill*         0x20000001        0x3 
                0x20000004                _erelocate = .

.bss            0x20000004       0x80 load address 0x000009e4
                0x20000004                . = ALIGN (0x4)
                0x20000004                _sbss = .
                0x20000004                _szero = .
 *(.bss .bss.*)
 .bss           0x20000004       0x1c e:/program files (x86)/atmel/studio/7.0/toolchain/arm/arm-gnu-toolchain/bin/../lib/gcc/arm-none-eabi/6.3.1/thumb/v6-m/crtbegin.o
 .bss.cpu_irq_critical_section_counter
                0x20000020        0x4 src/ASF/common/utils/interrupt/interrupt_sam_nvic.o
 .bss.cpu_irq_prev_interrupt_state
                0x20000024        0x1 src/ASF/common/utils/interrupt/interrupt_sam_nvic.o
 *fill*         0x20000025        0x3 
 .bss._system_clock_inst
                0x20000028       0x18 src/ASF/sam0/drivers/system/clock/clock_samd21_r21_da_ha1/clock.o
 *(COMMON)
 COMMON         0x20000040        0x1 src/ASF/sam0/drivers/extint/extint_callback.o
                0x20000040                _current_channel
 *fill*         0x20000041        0x3 
 COMMON         0x20000044       0x40 src/ASF/sam0/drivers/extint/extint_sam_d_r_h/extint.o
                0x20000044                _extint_dev
                0x20000084                . = ALIGN (0x4)
                0x20000084                _ebss = .
                0x20000084                _ezero = .

.stack          0x20000084     0x2004 load address 0x00000a64
                0x20000088                . = ALIGN (0x8)
 *fill*         0x20000084        0x4 
                0x20000088                _sstack = .
                0x20002088                . = (. + STACK_SIZE)
 *fill*         0x20000088     0x2000 
                0x20002088                . = ALIGN (0x8)
                0x20002088                _estack = .
                0x20002088                . = ALIGN (0x4)
                0x20002088                _end = .
OUTPUT(DRIVER_EXTINT_R21.elf elf32-littlearm)

.ARM.attributes
                0x00000000       0x28
 .ARM.attributes
                0x00000000       0x1e e:/program files (x86)/atmel/studio/7.0/toolchain/arm/arm-gnu-toolchain/bin/../lib/gcc/arm-none-eabi/6.3.1/thumb/v6-m/crti.o
 .ARM.attributes
                0x0000001e       0x2c e:/program files (x86)/atmel/studio/7.0/toolchain/arm/arm-gnu-toolchain/bin/../lib/gcc/arm-none-eabi/6.3.1/thumb/v6-m/crtbegin.o
 .ARM.attributes
                0x0000004a       0x32 src/ASF/common/utils/interrupt/interrupt_sam_nvic.o
 .ARM.attributes
                0x0000007c       0x32 src/ASF/sam0/boards/samr21_xplained_pro/board_init.o
 .ARM.attributes
                0x000000ae       0x32 src/ASF/sam0/drivers/extint/extint_callback.o
 .ARM.attributes
                0x000000e0       0x32 src/ASF/sam0/drivers/extint/extint_sam_d_r_h/extint.o
 .ARM.attributes
                0x00000112       0x32 src/ASF/sam0/drivers/port/port.o
 .ARM.attributes
                0x00000144       0x32 src/ASF/sam0/drivers/system/clock/clock_samd21_r21_da_ha1/clock.o
 .ARM.attributes
                0x00000176       0x32 src/ASF/sam0/drivers/system/clock/clock_samd21_r21_da_ha1/gclk.o
 .ARM.attributes
                0x000001a8       0x32 src/ASF/sam0/drivers/system/pinmux/pinmux.o
 .ARM.attributes
                0x000001da       0x32 src/ASF/sam0/drivers/system/system.o
 .ARM.attributes
                0x0000020c       0x32 src/ASF/sam0/utils/cmsis/samr21/source/gcc/startup_samr21.o
 .ARM.attributes
                0x0000023e       0x32 src/main.o
 .ARM.attributes
                0x00000270       0x2c e:/program files (x86)/atmel/studio/7.0/toolchain/arm/arm-gnu-toolchain/bin/../lib/gcc/arm-none-eabi/6.3.1/../../../../arm-none-eabi/lib/thumb/v6-m\libc_nano.a(lib_a-init.o)
 .ARM.attributes
                0x0000029c       0x1e e:/program files (x86)/atmel/studio/7.0/toolchain/arm/arm-gnu-toolchain/bin/../lib/gcc/arm-none-eabi/6.3.1/thumb/v6-m/crtn.o

.comment        0x00000000       0x59
 .comment       0x00000000       0x59 src/ASF/common/utils/interrupt/interrupt_sam_nvic.o
                                 0x5a (size before relaxing)
 .comment       0x00000059       0x5a src/ASF/sam0/boards/samr21_xplained_pro/board_init.o
 .comment       0x00000059       0x5a src/ASF/sam0/drivers/extint/extint_callback.o
 .comment       0x00000059       0x5a src/ASF/sam0/drivers/extint/extint_sam_d_r_h/extint.o
 .comment       0x00000059       0x5a src/ASF/sam0/drivers/port/port.o
 .comment       0x00000059       0x5a src/ASF/sam0/drivers/system/clock/clock_samd21_r21_da_ha1/clock.o
 .comment       0x00000059       0x5a src/ASF/sam0/drivers/system/clock/clock_samd21_r21_da_ha1/gclk.o
 .comment       0x00000059       0x5a src/ASF/sam0/drivers/system/pinmux/pinmux.o
 .comment       0x00000059       0x5a src/ASF/sam0/drivers/system/system.o
 .comment       0x00000059       0x5a src/ASF/sam0/utils/cmsis/samr21/source/gcc/startup_samr21.o
 .comment       0x00000059       0x5a src/main.o

.debug_info     0x00000000    0x13587
 .debug_info    0x00000000      0xb05 src/ASF/common/utils/interrupt/interrupt_sam_nvic.o
 .debug_info    0x00000b05     0x12ac src/ASF/sam0/boards/samr21_xplained_pro/board_init.o
 .debug_info    0x00001db1     0x19a7 src/ASF/sam0/drivers/extint/extint_callback.o
 .debug_info    0x00003758     0x2a47 src/ASF/sam0/drivers/extint/extint_sam_d_r_h/extint.o
 .debug_info    0x0000619f     0x12b6 src/ASF/sam0/drivers/port/port.o
 .debug_info    0x00007455     0x36f8 src/ASF/sam0/drivers/system/clock/clock_samd21_r21_da_ha1/clock.o
 .debug_info    0x0000ab4d     0x1e27 src/ASF/sam0/drivers/system/clock/clock_samd21_r21_da_ha1/gclk.o
 .debug_info    0x0000c974     0x1374 src/ASF/sam0/drivers/system/pinmux/pinmux.o
 .debug_info    0x0000dce8      0xa73 src/ASF/sam0/drivers/system/system.o
 .debug_info    0x0000e75b     0x3a2c src/ASF/sam0/utils/cmsis/samr21/source/gcc/startup_samr21.o
 .debug_info    0x00012187     0x1400 src/main.o

.debug_abbrev   0x00000000     0x22b9
 .debug_abbrev  0x00000000      0x23b src/ASF/common/utils/interrupt/interrupt_sam_nvic.o
 .debug_abbrev  0x0000023b      0x2dc src/ASF/sam0/boards/samr21_xplained_pro/board_init.o
 .debug_abbrev  0x00000517      0x333 src/ASF/sam0/drivers/extint/extint_callback.o
 .debug_abbrev  0x0000084a      0x4b4 src/ASF/sam0/drivers/extint/extint_sam_d_r_h/extint.o
 .debug_abbrev  0x00000cfe      0x298 src/ASF/sam0/drivers/port/port.o
 .debug_abbrev  0x00000f96      0x465 src/ASF/sam0/drivers/system/clock/clock_samd21_r21_da_ha1/clock.o
 .debug_abbrev  0x000013fb      0x40d src/ASF/sam0/drivers/system/clock/clock_samd21_r21_da_ha1/gclk.o
 .debug_abbrev  0x00001808      0x332 src/ASF/sam0/drivers/system/pinmux/pinmux.o
 .debug_abbrev  0x00001b3a      0x1e1 src/ASF/sam0/drivers/system/system.o
 .debug_abbrev  0x00001d1b      0x234 src/ASF/sam0/utils/cmsis/samr21/source/gcc/startup_samr21.o
 .debug_abbrev  0x00001f4f      0x36a src/main.o

.debug_aranges  0x00000000      0x2c0
 .debug_aranges
                0x00000000       0x28 src/ASF/common/utils/interrupt/interrupt_sam_nvic.o
 .debug_aranges
                0x00000028       0x20 src/ASF/sam0/boards/samr21_xplained_pro/board_init.o
 .debug_aranges
                0x00000048       0x48 src/ASF/sam0/drivers/extint/extint_callback.o
 .debug_aranges
                0x00000090       0x50 src/ASF/sam0/drivers/extint/extint_sam_d_r_h/extint.o
 .debug_aranges
                0x000000e0       0x28 src/ASF/sam0/drivers/port/port.o
 .debug_aranges
                0x00000108       0x78 src/ASF/sam0/drivers/system/clock/clock_samd21_r21_da_ha1/clock.o
 .debug_aranges
                0x00000180       0x80 src/ASF/sam0/drivers/system/clock/clock_samd21_r21_da_ha1/gclk.o
 .debug_aranges
                0x00000200       0x38 src/ASF/sam0/drivers/system/pinmux/pinmux.o
 .debug_aranges
                0x00000238       0x28 src/ASF/sam0/drivers/system/system.o
 .debug_aranges
                0x00000260       0x28 src/ASF/sam0/utils/cmsis/samr21/source/gcc/startup_samr21.o
 .debug_aranges
                0x00000288       0x38 src/main.o

.debug_ranges   0x00000000      0x298
 .debug_ranges  0x00000000       0x18 src/ASF/common/utils/interrupt/interrupt_sam_nvic.o
 .debug_ranges  0x00000018       0x10 src/ASF/sam0/boards/samr21_xplained_pro/board_init.o
 .debug_ranges  0x00000028       0x90 src/ASF/sam0/drivers/extint/extint_callback.o
 .debug_ranges  0x000000b8       0x40 src/ASF/sam0/drivers/extint/extint_sam_d_r_h/extint.o
 .debug_ranges  0x000000f8       0x18 src/ASF/sam0/drivers/port/port.o
 .debug_ranges  0x00000110       0x68 src/ASF/sam0/drivers/system/clock/clock_samd21_r21_da_ha1/clock.o
 .debug_ranges  0x00000178       0x88 src/ASF/sam0/drivers/system/clock/clock_samd21_r21_da_ha1/gclk.o
 .debug_ranges  0x00000200       0x28 src/ASF/sam0/drivers/system/pinmux/pinmux.o
 .debug_ranges  0x00000228       0x18 src/ASF/sam0/drivers/system/system.o
 .debug_ranges  0x00000240       0x18 src/ASF/sam0/utils/cmsis/samr21/source/gcc/startup_samr21.o
 .debug_ranges  0x00000258       0x40 src/main.o

.debug_macro    0x00000000    0x16d07
 .debug_macro   0x00000000      0x4f7 src/ASF/common/utils/interrupt/interrupt_sam_nvic.o
 .debug_macro   0x000004f7      0x8b6 src/ASF/common/utils/interrupt/interrupt_sam_nvic.o
 .debug_macro   0x00000dad      0x16d src/ASF/common/utils/interrupt/interrupt_sam_nvic.o
 .debug_macro   0x00000f1a      0x71d src/ASF/common/utils/interrupt/interrupt_sam_nvic.o
 .debug_macro   0x00001637       0x22 src/ASF/common/utils/interrupt/interrupt_sam_nvic.o
 .debug_macro   0x00001659       0x87 src/ASF/common/utils/interrupt/interrupt_sam_nvic.o
 .debug_macro   0x000016e0       0x51 src/ASF/common/utils/interrupt/interrupt_sam_nvic.o
 .debug_macro   0x00001731       0xef src/ASF/common/utils/interrupt/interrupt_sam_nvic.o
 .debug_macro   0x00001820       0x6a src/ASF/common/utils/interrupt/interrupt_sam_nvic.o
 .debug_macro   0x0000188a      0x1df src/ASF/common/utils/interrupt/interrupt_sam_nvic.o
 .debug_macro   0x00001a69       0x10 src/ASF/common/utils/interrupt/interrupt_sam_nvic.o
 .debug_macro   0x00001a79       0x76 src/ASF/common/utils/interrupt/interrupt_sam_nvic.o
 .debug_macro   0x00001aef       0x16 src/ASF/common/utils/interrupt/interrupt_sam_nvic.o
 .debug_macro   0x00001b05      0x6db src/ASF/common/utils/interrupt/interrupt_sam_nvic.o
 .debug_macro   0x000021e0      0xdd8 src/ASF/common/utils/interrupt/interrupt_sam_nvic.o
 .debug_macro   0x00002fb8       0x22 src/ASF/common/utils/interrupt/interrupt_sam_nvic.o
 .debug_macro   0x00002fda       0x40 src/ASF/common/utils/interrupt/interrupt_sam_nvic.o
 .debug_macro   0x0000301a       0x1c src/ASF/common/utils/interrupt/interrupt_sam_nvic.o
 .debug_macro   0x00003036       0x22 src/ASF/common/utils/interrupt/interrupt_sam_nvic.o
 .debug_macro   0x00003058       0xb5 src/ASF/common/utils/interrupt/interrupt_sam_nvic.o
 .debug_macro   0x0000310d      0x3ad src/ASF/common/utils/interrupt/interrupt_sam_nvic.o
 .debug_macro   0x000034ba      0x681 src/ASF/common/utils/interrupt/interrupt_sam_nvic.o
 .debug_macro   0x00003b3b      0x8b5 src/ASF/common/utils/interrupt/interrupt_sam_nvic.o
 .debug_macro   0x000043f0      0xd60 src/ASF/common/utils/interrupt/interrupt_sam_nvic.o
 .debug_macro   0x00005150      0x4cb src/ASF/common/utils/interrupt/interrupt_sam_nvic.o
 .debug_macro   0x0000561b      0x9f8 src/ASF/common/utils/interrupt/interrupt_sam_nvic.o
 .debug_macro   0x00006013      0x82b src/ASF/common/utils/interrupt/interrupt_sam_nvic.o
 .debug_macro   0x0000683e      0x455 src/ASF/common/utils/interrupt/interrupt_sam_nvic.o
 .debug_macro   0x00006c93       0x5e src/ASF/common/utils/interrupt/interrupt_sam_nvic.o
 .debug_macro   0x00006cf1      0x21c src/ASF/common/utils/interrupt/interrupt_sam_nvic.o
 .debug_macro   0x00006f0d      0x78d src/ASF/common/utils/interrupt/interrupt_sam_nvic.o
 .debug_macro   0x0000769a       0x5e src/ASF/common/utils/interrupt/interrupt_sam_nvic.o
 .debug_macro   0x000076f8      0x60a src/ASF/common/utils/interrupt/interrupt_sam_nvic.o
 .debug_macro   0x00007d02      0x3b6 src/ASF/common/utils/interrupt/interrupt_sam_nvic.o
 .debug_macro   0x000080b8       0x94 src/ASF/common/utils/interrupt/interrupt_sam_nvic.o
 .debug_macro   0x0000814c      0xc50 src/ASF/common/utils/interrupt/interrupt_sam_nvic.o
 .debug_macro   0x00008d9c     0x1092 src/ASF/common/utils/interrupt/interrupt_sam_nvic.o
 .debug_macro   0x00009e2e      0xc4a src/ASF/common/utils/interrupt/interrupt_sam_nvic.o
 .debug_macro   0x0000aa78      0x6ba src/ASF/common/utils/interrupt/interrupt_sam_nvic.o
 .debug_macro   0x0000b132     0x1b41 src/ASF/common/utils/interrupt/interrupt_sam_nvic.o
 .debug_macro   0x0000cc73     0x1440 src/ASF/common/utils/interrupt/interrupt_sam_nvic.o
 .debug_macro   0x0000e0b3      0x344 src/ASF/common/utils/interrupt/interrupt_sam_nvic.o
 .debug_macro   0x0000e3f7       0x7c src/ASF/common/utils/interrupt/interrupt_sam_nvic.o
 .debug_macro   0x0000e473       0xa0 src/ASF/common/utils/interrupt/interrupt_sam_nvic.o
 .debug_macro   0x0000e513       0xca src/ASF/common/utils/interrupt/interrupt_sam_nvic.o
 .debug_macro   0x0000e5dd       0x94 src/ASF/common/utils/interrupt/interrupt_sam_nvic.o
 .debug_macro   0x0000e671       0x58 src/ASF/common/utils/interrupt/interrupt_sam_nvic.o
 .debug_macro   0x0000e6c9      0x35a src/ASF/common/utils/interrupt/interrupt_sam_nvic.o
 .debug_macro   0x0000ea23       0x82 src/ASF/common/utils/interrupt/interrupt_sam_nvic.o
 .debug_macro   0x0000eaa5      0x18d src/ASF/common/utils/interrupt/interrupt_sam_nvic.o
 .debug_macro   0x0000ec32       0xa0 src/ASF/common/utils/interrupt/interrupt_sam_nvic.o
 .debug_macro   0x0000ecd2       0xb2 src/ASF/common/utils/interrupt/interrupt_sam_nvic.o
 .debug_macro   0x0000ed84       0x1c src/ASF/common/utils/interrupt/interrupt_sam_nvic.o
 .debug_macro   0x0000eda0       0x1c src/ASF/common/utils/interrupt/interrupt_sam_nvic.o
 .debug_macro   0x0000edbc       0x1c src/ASF/common/utils/interrupt/interrupt_sam_nvic.o
 .debug_macro   0x0000edd8       0x7c src/ASF/common/utils/interrupt/interrupt_sam_nvic.o
 .debug_macro   0x0000ee54      0x1bf src/ASF/common/utils/interrupt/interrupt_sam_nvic.o
 .debug_macro   0x0000f013       0x16 src/ASF/common/utils/interrupt/interrupt_sam_nvic.o
 .debug_macro   0x0000f029       0xdc src/ASF/common/utils/interrupt/interrupt_sam_nvic.o
 .debug_macro   0x0000f105      0x128 src/ASF/common/utils/interrupt/interrupt_sam_nvic.o
 .debug_macro   0x0000f22d      0x128 src/ASF/common/utils/interrupt/interrupt_sam_nvic.o
 .debug_macro   0x0000f355      0x128 src/ASF/common/utils/interrupt/interrupt_sam_nvic.o
 .debug_macro   0x0000f47d      0x128 src/ASF/common/utils/interrupt/interrupt_sam_nvic.o
 .debug_macro   0x0000f5a5      0x128 src/ASF/common/utils/interrupt/interrupt_sam_nvic.o
 .debug_macro   0x0000f6cd      0x128 src/ASF/common/utils/interrupt/interrupt_sam_nvic.o
 .debug_macro   0x0000f7f5      0x11e src/ASF/common/utils/interrupt/interrupt_sam_nvic.o
 .debug_macro   0x0000f913       0xe2 src/ASF/common/utils/interrupt/interrupt_sam_nvic.o
 .debug_macro   0x0000f9f5       0xe2 src/ASF/common/utils/interrupt/interrupt_sam_nvic.o
 .debug_macro   0x0000fad7       0xe2 src/ASF/common/utils/interrupt/interrupt_sam_nvic.o
 .debug_macro   0x0000fbb9      0x12a src/ASF/common/utils/interrupt/interrupt_sam_nvic.o
 .debug_macro   0x0000fce3      0x100 src/ASF/common/utils/interrupt/interrupt_sam_nvic.o
 .debug_macro   0x0000fde3       0xf4 src/ASF/common/utils/interrupt/interrupt_sam_nvic.o
 .debug_macro   0x0000fed7      0x40f src/ASF/common/utils/interrupt/interrupt_sam_nvic.o
 .debug_macro   0x000102e6       0x40 src/ASF/common/utils/interrupt/interrupt_sam_nvic.o
 .debug_macro   0x00010326      0x345 src/ASF/common/utils/interrupt/interrupt_sam_nvic.o
 .debug_macro   0x0001066b     0x1742 src/ASF/common/utils/interrupt/interrupt_sam_nvic.o
 .debug_macro   0x00011dad       0x74 src/ASF/common/utils/interrupt/interrupt_sam_nvic.o
 .debug_macro   0x00011e21       0x58 src/ASF/common/utils/interrupt/interrupt_sam_nvic.o
 .debug_macro   0x00011e79       0x35 src/ASF/common/utils/interrupt/interrupt_sam_nvic.o
 .debug_macro   0x00011eae       0x9c src/ASF/common/utils/interrupt/interrupt_sam_nvic.o
 .debug_macro   0x00011f4a       0x16 src/ASF/common/utils/interrupt/interrupt_sam_nvic.o
 .debug_macro   0x00011f60       0x35 src/ASF/common/utils/interrupt/interrupt_sam_nvic.o
 .debug_macro   0x00011f95      0x34d src/ASF/common/utils/interrupt/interrupt_sam_nvic.o
 .debug_macro   0x000122e2       0x10 src/ASF/common/utils/interrupt/interrupt_sam_nvic.o
 .debug_macro   0x000122f2       0x58 src/ASF/common/utils/interrupt/interrupt_sam_nvic.o
 .debug_macro   0x0001234a       0x1f src/ASF/common/utils/interrupt/interrupt_sam_nvic.o
 .debug_macro   0x00012369       0x43 src/ASF/common/utils/interrupt/interrupt_sam_nvic.o
 .debug_macro   0x000123ac       0x20 src/ASF/common/utils/interrupt/interrupt_sam_nvic.o
 .debug_macro   0x000123cc      0x187 src/ASF/common/utils/interrupt/interrupt_sam_nvic.o
 .debug_macro   0x00012553       0x10 src/ASF/common/utils/interrupt/interrupt_sam_nvic.o
 .debug_macro   0x00012563       0x1c src/ASF/common/utils/interrupt/interrupt_sam_nvic.o
 .debug_macro   0x0001257f       0x52 src/ASF/common/utils/interrupt/interrupt_sam_nvic.o
 .debug_macro   0x000125d1       0x40 src/ASF/common/utils/interrupt/interrupt_sam_nvic.o
 .debug_macro   0x00012611       0x10 src/ASF/common/utils/interrupt/interrupt_sam_nvic.o
 .debug_macro   0x00012621       0x40 src/ASF/common/utils/interrupt/interrupt_sam_nvic.o
 .debug_macro   0x00012661       0xd7 src/ASF/common/utils/interrupt/interrupt_sam_nvic.o
 .debug_macro   0x00012738       0x16 src/ASF/common/utils/interrupt/interrupt_sam_nvic.o
 .debug_macro   0x0001274e      0x18b src/ASF/common/utils/interrupt/interrupt_sam_nvic.o
 .debug_macro   0x000128d9       0x16 src/ASF/common/utils/interrupt/interrupt_sam_nvic.o
 .debug_macro   0x000128ef       0x16 src/ASF/common/utils/interrupt/interrupt_sam_nvic.o
 .debug_macro   0x00012905       0x29 src/ASF/common/utils/interrupt/interrupt_sam_nvic.o
 .debug_macro   0x0001292e       0x51 src/ASF/common/utils/interrupt/interrupt_sam_nvic.o
 .debug_macro   0x0001297f      0x3df src/ASF/common/utils/interrupt/interrupt_sam_nvic.o
 .debug_macro   0x00012d5e       0x3e src/ASF/common/utils/interrupt/interrupt_sam_nvic.o
 .debug_macro   0x00012d9c      0x533 src/ASF/sam0/boards/samr21_xplained_pro/board_init.o
 .debug_macro   0x000132cf      0x2df src/ASF/sam0/boards/samr21_xplained_pro/board_init.o
 .debug_macro   0x000135ae      0x69a src/ASF/sam0/boards/samr21_xplained_pro/board_init.o
 .debug_macro   0x00013c48       0x11 src/ASF/sam0/boards/samr21_xplained_pro/board_init.o
 .debug_macro   0x00013c59       0x19 src/ASF/sam0/boards/samr21_xplained_pro/board_init.o
 .debug_macro   0x00013c72      0x51c src/ASF/sam0/drivers/extint/extint_callback.o
 .debug_macro   0x0001418e       0x19 src/ASF/sam0/drivers/extint/extint_callback.o
 .debug_macro   0x000141a7      0x576 src/ASF/sam0/drivers/extint/extint_sam_d_r_h/extint.o
 .debug_macro   0x0001471d       0x11 src/ASF/sam0/drivers/extint/extint_sam_d_r_h/extint.o
 .debug_macro   0x0001472e       0x16 src/ASF/sam0/drivers/extint/extint_sam_d_r_h/extint.o
 .debug_macro   0x00014744       0x2e src/ASF/sam0/drivers/extint/extint_sam_d_r_h/extint.o
 .debug_macro   0x00014772       0x1f src/ASF/sam0/drivers/extint/extint_sam_d_r_h/extint.o
 .debug_macro   0x00014791       0x16 src/ASF/sam0/drivers/extint/extint_sam_d_r_h/extint.o
 .debug_macro   0x000147a7      0x511 src/ASF/sam0/drivers/port/port.o
 .debug_macro   0x00014cb8      0x568 src/ASF/sam0/drivers/system/clock/clock_samd21_r21_da_ha1/clock.o
 .debug_macro   0x00015220      0x298 src/ASF/sam0/drivers/system/clock/clock_samd21_r21_da_ha1/clock.o
 .debug_macro   0x000154b8      0x52d src/ASF/sam0/drivers/system/clock/clock_samd21_r21_da_ha1/gclk.o
 .debug_macro   0x000159e5      0x509 src/ASF/sam0/drivers/system/pinmux/pinmux.o
 .debug_macro   0x00015eee      0x53a src/ASF/sam0/drivers/system/system.o
 .debug_macro   0x00016428      0x2de src/ASF/sam0/utils/cmsis/samr21/source/gcc/startup_samr21.o
 .debug_macro   0x00016706       0x3a src/ASF/sam0/utils/cmsis/samr21/source/gcc/startup_samr21.o
 .debug_macro   0x00016740      0x5a8 src/main.o
 .debug_macro   0x00016ce8       0x1f src/main.o

.debug_line     0x00000000     0x6f1b
 .debug_line    0x00000000      0x8c7 src/ASF/common/utils/interrupt/interrupt_sam_nvic.o
 .debug_line    0x000008c7      0x974 src/ASF/sam0/boards/samr21_xplained_pro/board_init.o
 .debug_line    0x0000123b      0x9cf src/ASF/sam0/drivers/extint/extint_callback.o
 .debug_line    0x00001c0a      0xc2f src/ASF/sam0/drivers/extint/extint_sam_d_r_h/extint.o
 .debug_line    0x00002839      0x8f9 src/ASF/sam0/drivers/port/port.o
 .debug_line    0x00003132      0xc4f src/ASF/sam0/drivers/system/clock/clock_samd21_r21_da_ha1/clock.o
 .debug_line    0x00003d81      0xc75 src/ASF/sam0/drivers/system/clock/clock_samd21_r21_da_ha1/gclk.o
 .debug_line    0x000049f6      0x929 src/ASF/sam0/drivers/system/pinmux/pinmux.o
 .debug_line    0x0000531f      0x9f0 src/ASF/sam0/drivers/system/system.o
 .debug_line    0x00005d0f      0x64b src/ASF/sam0/utils/cmsis/samr21/source/gcc/startup_samr21.o
 .debug_line    0x0000635a      0xbc1 src/main.o

.debug_str      0x00000000    0x82dd0
 .debug_str     0x00000000    0x7ac64 src/ASF/common/utils/interrupt/interrupt_sam_nvic.o
                              0x7b05c (size before relaxing)
 .debug_str     0x0007ac64     0x2db8 src/ASF/sam0/boards/samr21_xplained_pro/board_init.o
                              0x7ddb7 (size before relaxing)
 .debug_str     0x0007da1c      0x7d3 src/ASF/sam0/drivers/extint/extint_callback.o
                              0x7b879 (size before relaxing)
 .debug_str     0x0007e1ef     0x103c src/ASF/sam0/drivers/extint/extint_sam_d_r_h/extint.o
                              0x7c808 (size before relaxing)
 .debug_str     0x0007f22b       0x5e src/ASF/sam0/drivers/port/port.o
                              0x7b477 (size before relaxing)
 .debug_str     0x0007f289     0x280e src/ASF/sam0/drivers/system/clock/clock_samd21_r21_da_ha1/clock.o
                              0x7e185 (size before relaxing)
 .debug_str     0x00081a97      0x229 src/ASF/sam0/drivers/system/clock/clock_samd21_r21_da_ha1/gclk.o
                              0x7bcef (size before relaxing)
 .debug_str     0x00081cc0       0xf4 src/ASF/sam0/drivers/system/pinmux/pinmux.o
                              0x7b453 (size before relaxing)
 .debug_str     0x00081db4       0x47 src/ASF/sam0/drivers/system/system.o
                              0x7b113 (size before relaxing)
 .debug_str     0x00081dfb      0xf3c src/ASF/sam0/utils/cmsis/samr21/source/gcc/startup_samr21.o
                              0x660ef (size before relaxing)
 .debug_str     0x00082d37       0x99 src/main.o
                              0x7e1a9 (size before relaxing)

.debug_frame    0x00000000      0x5f0
 .debug_frame   0x00000000       0x30 src/ASF/common/utils/interrupt/interrupt_sam_nvic.o
 .debug_frame   0x00000030       0x30 src/ASF/sam0/boards/samr21_xplained_pro/board_init.o
 .debug_frame   0x00000060       0x7c src/ASF/sam0/drivers/extint/extint_callback.o
 .debug_frame   0x000000dc       0xb8 src/ASF/sam0/drivers/extint/extint_sam_d_r_h/extint.o
 .debug_frame   0x00000194       0x44 src/ASF/sam0/drivers/port/port.o
 .debug_frame   0x000001d8      0x14c src/ASF/sam0/drivers/system/clock/clock_samd21_r21_da_ha1/clock.o
 .debug_frame   0x00000324      0x148 src/ASF/sam0/drivers/system/clock/clock_samd21_r21_da_ha1/gclk.o
 .debug_frame   0x0000046c       0x74 src/ASF/sam0/drivers/system/pinmux/pinmux.o
 .debug_frame   0x000004e0       0x38 src/ASF/sam0/drivers/system/system.o
 .debug_frame   0x00000518       0x40 src/ASF/sam0/utils/cmsis/samr21/source/gcc/startup_samr21.o
 .debug_frame   0x00000558       0x6c src/main.o
 .debug_frame   0x000005c4       0x2c e:/program files (x86)/atmel/studio/7.0/toolchain/arm/arm-gnu-toolchain/bin/../lib/gcc/arm-none-eabi/6.3.1/../../../../arm-none-eabi/lib/thumb/v6-m\libc_nano.a(lib_a-init.o)

.debug_loc      0x00000000     0x20d2
 .debug_loc     0x00000000       0x8a src/ASF/sam0/boards/samr21_xplained_pro/board_init.o
 .debug_loc     0x0000008a      0x2ac src/ASF/sam0/drivers/extint/extint_callback.o
 .debug_loc     0x00000336      0x43d src/ASF/sam0/drivers/extint/extint_sam_d_r_h/extint.o
 .debug_loc     0x00000773      0x13d src/ASF/sam0/drivers/port/port.o
 .debug_loc     0x000008b0      0xec2 src/ASF/sam0/drivers/system/clock/clock_samd21_r21_da_ha1/clock.o
 .debug_loc     0x00001772      0x504 src/ASF/sam0/drivers/system/clock/clock_samd21_r21_da_ha1/gclk.o
 .debug_loc     0x00001c76      0x322 src/ASF/sam0/drivers/system/pinmux/pinmux.o
 .debug_loc     0x00001f98       0x20 src/ASF/sam0/drivers/system/system.o
 .debug_loc     0x00001fb8       0x40 src/ASF/sam0/utils/cmsis/samr21/source/gcc/startup_samr21.o
 .debug_loc     0x00001ff8       0xda src/main.o

Cross Reference Table

Symbol                                            File
AC_Handler                                        src/ASF/sam0/utils/cmsis/samr21/source/gcc/startup_samr21.o
ADC_Handler                                       src/ASF/sam0/utils/cmsis/samr21/source/gcc/startup_samr21.o
DMAC_Handler                                      src/ASF/sam0/utils/cmsis/samr21/source/gcc/startup_samr21.o
Dummy_Handler                                     src/ASF/sam0/utils/cmsis/samr21/source/gcc/startup_samr21.o
EIC_Handler                                       src/ASF/sam0/drivers/extint/extint_callback.o
EVSYS_Handler                                     src/ASF/sam0/utils/cmsis/samr21/source/gcc/startup_samr21.o
HardFault_Handler                                 src/ASF/sam0/utils/cmsis/samr21/source/gcc/startup_samr21.o
NMI_Handler                                       src/ASF/sam0/utils/cmsis/samr21/source/gcc/startup_samr21.o
NVMCTRL_Handler                                   src/ASF/sam0/utils/cmsis/samr21/source/gcc/startup_samr21.o
PM_Handler                                        src/ASF/sam0/utils/cmsis/samr21/source/gcc/startup_samr21.o
PTC_Handler                                       src/ASF/sam0/utils/cmsis/samr21/source/gcc/startup_samr21.o
PendSV_Handler                                    src/ASF/sam0/utils/cmsis/samr21/source/gcc/startup_samr21.o
RTC_Handler                                       src/ASF/sam0/utils/cmsis/samr21/source/gcc/startup_samr21.o
Reset_Handler                                     src/ASF/sam0/utils/cmsis/samr21/source/gcc/startup_samr21.o
SERCOM0_Handler                                   src/ASF/sam0/utils/cmsis/samr21/source/gcc/startup_samr21.o
SERCOM1_Handler                                   src/ASF/sam0/utils/cmsis/samr21/source/gcc/startup_samr21.o
SERCOM2_Handler                                   src/ASF/sam0/utils/cmsis/samr21/source/gcc/startup_samr21.o
SERCOM3_Handler                                   src/ASF/sam0/utils/cmsis/samr21/source/gcc/startup_samr21.o
SERCOM4_Handler                                   src/ASF/sam0/utils/cmsis/samr21/source/gcc/startup_samr21.o
SERCOM5_Handler                                   src/ASF/sam0/utils/cmsis/samr21/source/gcc/startup_samr21.o
SVC_Handler                                       src/ASF/sam0/utils/cmsis/samr21/source/gcc/startup_samr21.o
SYSCTRL_Handler                                   src/ASF/sam0/utils/cmsis/samr21/source/gcc/startup_samr21.o
SysTick_Handler                                   src/ASF/sam0/utils/cmsis/samr21/source/gcc/startup_samr21.o
SystemCoreClock                                   src/ASF/sam0/utils/cmsis/samr21/source/system_samr21.o
SystemCoreClockUpdate                             src/ASF/sam0/utils/cmsis/samr21/source/system_samr21.o
SystemInit                                        src/ASF/sam0/utils/cmsis/samr21/source/system_samr21.o
TC3_Handler                                       src/ASF/sam0/utils/cmsis/samr21/source/gcc/startup_samr21.o
TC4_Handler                                       src/ASF/sam0/utils/cmsis/samr21/source/gcc/startup_samr21.o
TC5_Handler                                       src/ASF/sam0/utils/cmsis/samr21/source/gcc/startup_samr21.o
TCC0_Handler                                      src/ASF/sam0/utils/cmsis/samr21/source/gcc/startup_samr21.o
TCC1_Handler                                      src/ASF/sam0/utils/cmsis/samr21/source/gcc/startup_samr21.o
TCC2_Handler                                      src/ASF/sam0/utils/cmsis/samr21/source/gcc/startup_samr21.o
USB_Handler                                       src/ASF/sam0/utils/cmsis/samr21/source/gcc/startup_samr21.o
WDT_Handler                                       src/ASF/sam0/utils/cmsis/samr21/source/gcc/startup_samr21.o
_Jv_RegisterClasses                               e:/program files (x86)/atmel/studio/7.0/toolchain/arm/arm-gnu-toolchain/bin/../lib/gcc/arm-none-eabi/6.3.1/thumb/v6-m/crtbegin.o
__aeabi_idiv0                                     e:/program files (x86)/atmel/studio/7.0/toolchain/arm/arm-gnu-toolchain/bin/../lib/gcc/arm-none-eabi/6.3.1/thumb/v6-m\libgcc.a(_dvmd_tls.o)
                                                  e:/program files (x86)/atmel/studio/7.0/toolchain/arm/arm-gnu-toolchain/bin/../lib/gcc/arm-none-eabi/6.3.1/thumb/v6-m\libgcc.a(_udivsi3.o)
__aeabi_ldiv0                                     e:/program files (x86)/atmel/studio/7.0/toolchain/arm/arm-gnu-toolchain/bin/../lib/gcc/arm-none-eabi/6.3.1/thumb/v6-m\libgcc.a(_dvmd_tls.o)
__aeabi_uidiv                                     e:/program files (x86)/atmel/studio/7.0/toolchain/arm/arm-gnu-toolchain/bin/../lib/gcc/arm-none-eabi/6.3.1/thumb/v6-m\libgcc.a(_udivsi3.o)
                                                  src/ASF/sam0/drivers/system/clock/clock_samd21_r21_da_ha1/gclk.o
                                                  src/ASF/sam0/drivers/system/clock/clock_samd21_r21_da_ha1/clock.o
__aeabi_uidivmod                                  e:/program files (x86)/atmel/studio/7.0/toolchain/arm/arm-gnu-toolchain/bin/../lib/gcc/arm-none-eabi/6.3.1/thumb/v6-m\libgcc.a(_udivsi3.o)
__bss_end__                                       e:/program files (x86)/atmel/studio/7.0/toolchain/arm/arm-gnu-toolchain/bin/../lib/gcc/arm-none-eabi/6.3.1/../../../../arm-none-eabi/lib/thumb/v6-m/crt0.o
__bss_start__                                     e:/program files (x86)/atmel/studio/7.0/toolchain/arm/arm-gnu-toolchain/bin/../lib/gcc/arm-none-eabi/6.3.1/../../../../arm-none-eabi/lib/thumb/v6-m/crt0.o
__call_exitprocs                                  e:/program files (x86)/atmel/studio/7.0/toolchain/arm/arm-gnu-toolchain/bin/../lib/gcc/arm-none-eabi/6.3.1/../../../../arm-none-eabi/lib/thumb/v6-m\libc_nano.a(lib_a-exit.o)
__deregister_frame_info                           e:/program files (x86)/atmel/studio/7.0/toolchain/arm/arm-gnu-toolchain/bin/../lib/gcc/arm-none-eabi/6.3.1/thumb/v6-m/crtbegin.o
__dso_handle                                      e:/program files (x86)/atmel/studio/7.0/toolchain/arm/arm-gnu-toolchain/bin/../lib/gcc/arm-none-eabi/6.3.1/thumb/v6-m/crtbegin.o
__init_array_end                                  e:/program files (x86)/atmel/studio/7.0/toolchain/arm/arm-gnu-toolchain/bin/../lib/gcc/arm-none-eabi/6.3.1/../../../../arm-none-eabi/lib/thumb/v6-m\libc_nano.a(lib_a-init.o)
__init_array_start                                e:/program files (x86)/atmel/studio/7.0/toolchain/arm/arm-gnu-toolchain/bin/../lib/gcc/arm-none-eabi/6.3.1/../../../../arm-none-eabi/lib/thumb/v6-m\libc_nano.a(lib_a-init.o)
__libc_fini_array                                 e:/program files (x86)/atmel/studio/7.0/toolchain/arm/arm-gnu-toolchain/bin/../lib/gcc/arm-none-eabi/6.3.1/../../../../arm-none-eabi/lib/thumb/v6-m/crt0.o
__libc_init_array                                 e:/program files (x86)/atmel/studio/7.0/toolchain/arm/arm-gnu-toolchain/bin/../lib/gcc/arm-none-eabi/6.3.1/../../../../arm-none-eabi/lib/thumb/v6-m\libc_nano.a(lib_a-init.o)
                                                  src/ASF/sam0/utils/cmsis/samr21/source/gcc/startup_samr21.o
                                                  e:/program files (x86)/atmel/studio/7.0/toolchain/arm/arm-gnu-toolchain/bin/../lib/gcc/arm-none-eabi/6.3.1/../../../../arm-none-eabi/lib/thumb/v6-m/crt0.o
__preinit_array_end                               e:/program files (x86)/atmel/studio/7.0/toolchain/arm/arm-gnu-toolchain/bin/../lib/gcc/arm-none-eabi/6.3.1/../../../../arm-none-eabi/lib/thumb/v6-m\libc_nano.a(lib_a-init.o)
__preinit_array_start                             e:/program files (x86)/atmel/studio/7.0/toolchain/arm/arm-gnu-toolchain/bin/../lib/gcc/arm-none-eabi/6.3.1/../../../../arm-none-eabi/lib/thumb/v6-m\libc_nano.a(lib_a-init.o)
__register_frame_info                             e:/program files (x86)/atmel/studio/7.0/toolchain/arm/arm-gnu-toolchain/bin/../lib/gcc/arm-none-eabi/6.3.1/thumb/v6-m/crtbegin.o
__sf_fake_stderr                                  e:/program files (x86)/atmel/studio/7.0/toolchain/arm/arm-gnu-toolchain/bin/../lib/gcc/arm-none-eabi/6.3.1/../../../../arm-none-eabi/lib/thumb/v6-m\libc_nano.a(lib_a-impure.o)
__sf_fake_stdin                                   e:/program files (x86)/atmel/studio/7.0/toolchain/arm/arm-gnu-toolchain/bin/../lib/gcc/arm-none-eabi/6.3.1/../../../../arm-none-eabi/lib/thumb/v6-m\libc_nano.a(lib_a-impure.o)
__sf_fake_stdout                                  e:/program files (x86)/atmel/studio/7.0/toolchain/arm/arm-gnu-toolchain/bin/../lib/gcc/arm-none-eabi/6.3.1/../../../../arm-none-eabi/lib/thumb/v6-m\libc_nano.a(lib_a-impure.o)
__stack                                           e:/program files (x86)/atmel/studio/7.0/toolchain/arm/arm-gnu-toolchain/bin/../lib/gcc/arm-none-eabi/6.3.1/../../../../arm-none-eabi/lib/thumb/v6-m/crt0.o
__udivsi3                                         e:/program files (x86)/atmel/studio/7.0/toolchain/arm/arm-gnu-toolchain/bin/../lib/gcc/arm-none-eabi/6.3.1/thumb/v6-m\libgcc.a(_udivsi3.o)
_close                                            src/ASF/sam0/utils/syscalls/gcc/syscalls.o
_current_channel                                  src/ASF/sam0/drivers/extint/extint_callback.o
_end                                              src/ASF/sam0/utils/syscalls/gcc/syscalls.o
_erelocate                                        src/ASF/sam0/utils/cmsis/samr21/source/gcc/startup_samr21.o
_estack                                           src/ASF/sam0/utils/cmsis/samr21/source/gcc/startup_samr21.o
_etext                                            src/ASF/sam0/utils/cmsis/samr21/source/gcc/startup_samr21.o
_exit                                             src/ASF/sam0/utils/syscalls/gcc/syscalls.o
                                                  e:/program files (x86)/atmel/studio/7.0/toolchain/arm/arm-gnu-toolchain/bin/../lib/gcc/arm-none-eabi/6.3.1/../../../../arm-none-eabi/lib/thumb/v6-m\libc_nano.a(lib_a-exit.o)
_extint_dev                                       src/ASF/sam0/drivers/extint/extint_sam_d_r_h/extint.o
                                                  src/ASF/sam0/drivers/extint/extint_callback.o
_ezero                                            src/ASF/sam0/utils/cmsis/samr21/source/gcc/startup_samr21.o
_fini                                             e:/program files (x86)/atmel/studio/7.0/toolchain/arm/arm-gnu-toolchain/bin/../lib/gcc/arm-none-eabi/6.3.1/thumb/v6-m/crti.o
_fstat                                            src/ASF/sam0/utils/syscalls/gcc/syscalls.o
_getpid                                           src/ASF/sam0/utils/syscalls/gcc/syscalls.o
_global_impure_ptr                                e:/program files (x86)/atmel/studio/7.0/toolchain/arm/arm-gnu-toolchain/bin/../lib/gcc/arm-none-eabi/6.3.1/../../../../arm-none-eabi/lib/thumb/v6-m\libc_nano.a(lib_a-impure.o)
                                                  e:/program files (x86)/atmel/studio/7.0/toolchain/arm/arm-gnu-toolchain/bin/../lib/gcc/arm-none-eabi/6.3.1/../../../../arm-none-eabi/lib/thumb/v6-m\libc_nano.a(lib_a-exit.o)
_impure_ptr                                       e:/program files (x86)/atmel/studio/7.0/toolchain/arm/arm-gnu-toolchain/bin/../lib/gcc/arm-none-eabi/6.3.1/../../../../arm-none-eabi/lib/thumb/v6-m\libc_nano.a(lib_a-impure.o)
_init                                             e:/program files (x86)/atmel/studio/7.0/toolchain/arm/arm-gnu-toolchain/bin/../lib/gcc/arm-none-eabi/6.3.1/thumb/v6-m/crti.o
                                                  e:/program files (x86)/atmel/studio/7.0/toolchain/arm/arm-gnu-toolchain/bin/../lib/gcc/arm-none-eabi/6.3.1/../../../../arm-none-eabi/lib/thumb/v6-m\libc_nano.a(lib_a-init.o)
_isatty                                           src/ASF/sam0/utils/syscalls/gcc/syscalls.o
_kill                                             src/ASF/sam0/utils/syscalls/gcc/syscalls.o
_lseek                                            src/ASF/sam0/utils/syscalls/gcc/syscalls.o
_mainCRTStartup                                   e:/program files (x86)/atmel/studio/7.0/toolchain/arm/arm-gnu-toolchain/bin/../lib/gcc/arm-none-eabi/6.3.1/../../../../arm-none-eabi/lib/thumb/v6-m/crt0.o
_sbrk                                             src/ASF/sam0/utils/syscalls/gcc/syscalls.o
_sfixed                                           src/ASF/sam0/utils/cmsis/samr21/source/gcc/startup_samr21.o
_srelocate                                        src/ASF/sam0/utils/cmsis/samr21/source/gcc/startup_samr21.o
_start                                            e:/program files (x86)/atmel/studio/7.0/toolchain/arm/arm-gnu-toolchain/bin/../lib/gcc/arm-none-eabi/6.3.1/../../../../arm-none-eabi/lib/thumb/v6-m/crt0.o
_system_divas_init                                src/ASF/sam0/drivers/system/system.o
_system_dummy_init                                src/ASF/sam0/drivers/system/system.o
_system_events_init                               src/ASF/sam0/drivers/system/system.o
_system_extint_init                               src/ASF/sam0/drivers/extint/extint_sam_d_r_h/extint.o
_szero                                            src/ASF/sam0/utils/cmsis/samr21/source/gcc/startup_samr21.o
atexit                                            e:/program files (x86)/atmel/studio/7.0/toolchain/arm/arm-gnu-toolchain/bin/../lib/gcc/arm-none-eabi/6.3.1/../../../../arm-none-eabi/lib/thumb/v6-m/crt0.o
board_init                                        src/ASF/sam0/boards/samr21_xplained_pro/board_init.o
configure_extint_callbacks                        src/main.o
configure_extint_channel                          src/main.o
cpu_irq_enter_critical                            src/ASF/common/utils/interrupt/interrupt_sam_nvic.o
                                                  src/ASF/sam0/drivers/system/clock/clock_samd21_r21_da_ha1/gclk.o
cpu_irq_leave_critical                            src/ASF/common/utils/interrupt/interrupt_sam_nvic.o
                                                  src/ASF/sam0/drivers/system/clock/clock_samd21_r21_da_ha1/gclk.o
exception_table                                   src/ASF/sam0/utils/cmsis/samr21/source/gcc/startup_samr21.o
exit                                              e:/program files (x86)/atmel/studio/7.0/toolchain/arm/arm-gnu-toolchain/bin/../lib/gcc/arm-none-eabi/6.3.1/../../../../arm-none-eabi/lib/thumb/v6-m\libc_nano.a(lib_a-exit.o)
                                                  e:/program files (x86)/atmel/studio/7.0/toolchain/arm/arm-gnu-toolchain/bin/../lib/gcc/arm-none-eabi/6.3.1/../../../../arm-none-eabi/lib/thumb/v6-m/crt0.o
extint_chan_disable_callback                      src/ASF/sam0/drivers/extint/extint_callback.o
extint_chan_enable_callback                       src/ASF/sam0/drivers/extint/extint_callback.o
                                                  src/main.o
extint_chan_get_config_defaults                   src/ASF/sam0/drivers/extint/extint_sam_d_r_h/extint.o
                                                  src/main.o
extint_chan_set_config                            src/ASF/sam0/drivers/extint/extint_sam_d_r_h/extint.o
                                                  src/main.o
extint_detection_callback                         src/main.o
extint_disable_events                             src/ASF/sam0/drivers/extint/extint_sam_d_r_h/extint.o
extint_enable_events                              src/ASF/sam0/drivers/extint/extint_sam_d_r_h/extint.o
extint_get_current_channel                        src/ASF/sam0/drivers/extint/extint_callback.o
extint_nmi_set_config                             src/ASF/sam0/drivers/extint/extint_sam_d_r_h/extint.o
extint_register_callback                          src/ASF/sam0/drivers/extint/extint_callback.o
                                                  src/main.o
extint_unregister_callback                        src/ASF/sam0/drivers/extint/extint_callback.o
g_interrupt_enabled                               src/ASF/common/utils/interrupt/interrupt_sam_nvic.o
hardware_init_hook                                e:/program files (x86)/atmel/studio/7.0/toolchain/arm/arm-gnu-toolchain/bin/../lib/gcc/arm-none-eabi/6.3.1/../../../../arm-none-eabi/lib/thumb/v6-m/crt0.o
link                                              src/ASF/sam0/utils/syscalls/gcc/syscalls.o
main                                              src/main.o
                                                  src/ASF/sam0/utils/cmsis/samr21/source/gcc/startup_samr21.o
                                                  e:/program files (x86)/atmel/studio/7.0/toolchain/arm/arm-gnu-toolchain/bin/../lib/gcc/arm-none-eabi/6.3.1/../../../../arm-none-eabi/lib/thumb/v6-m/crt0.o
memset                                            e:/program files (x86)/atmel/studio/7.0/toolchain/arm/arm-gnu-toolchain/bin/../lib/gcc/arm-none-eabi/6.3.1/../../../../arm-none-eabi/lib/thumb/v6-m\libc_nano.a(lib_a-memset.o)
                                                  e:/program files (x86)/atmel/studio/7.0/toolchain/arm/arm-gnu-toolchain/bin/../lib/gcc/arm-none-eabi/6.3.1/../../../../arm-none-eabi/lib/thumb/v6-m/crt0.o
port_group_set_config                             src/ASF/sam0/drivers/port/port.o
port_pin_set_config                               src/ASF/sam0/drivers/port/port.o
                                                  src/ASF/sam0/boards/samr21_xplained_pro/board_init.o
software_init_hook                                e:/program files (x86)/atmel/studio/7.0/toolchain/arm/arm-gnu-toolchain/bin/../lib/gcc/arm-none-eabi/6.3.1/../../../../arm-none-eabi/lib/thumb/v6-m/crt0.o
system_board_init                                 src/ASF/sam0/boards/samr21_xplained_pro/board_init.o
system_clock_init                                 src/ASF/sam0/drivers/system/clock/clock_samd21_r21_da_ha1/clock.o
system_clock_source_dfll_set_config               src/ASF/sam0/drivers/system/clock/clock_samd21_r21_da_ha1/clock.o
system_clock_source_disable                       src/ASF/sam0/drivers/system/clock/clock_samd21_r21_da_ha1/clock.o
system_clock_source_dpll_set_config               src/ASF/sam0/drivers/system/clock/clock_samd21_r21_da_ha1/clock.o
system_clock_source_enable                        src/ASF/sam0/drivers/system/clock/clock_samd21_r21_da_ha1/clock.o
system_clock_source_get_hz                        src/ASF/sam0/drivers/system/clock/clock_samd21_r21_da_ha1/clock.o
                                                  src/ASF/sam0/drivers/system/clock/clock_samd21_r21_da_ha1/gclk.o
system_clock_source_is_ready                      src/ASF/sam0/drivers/system/clock/clock_samd21_r21_da_ha1/clock.o
system_clock_source_osc32k_set_config             src/ASF/sam0/drivers/system/clock/clock_samd21_r21_da_ha1/clock.o
system_clock_source_osc8m_set_config              src/ASF/sam0/drivers/system/clock/clock_samd21_r21_da_ha1/clock.o
system_clock_source_write_calibration             src/ASF/sam0/drivers/system/clock/clock_samd21_r21_da_ha1/clock.o
system_clock_source_xosc32k_set_config            src/ASF/sam0/drivers/system/clock/clock_samd21_r21_da_ha1/clock.o
system_clock_source_xosc_set_config               src/ASF/sam0/drivers/system/clock/clock_samd21_r21_da_ha1/clock.o
system_gclk_chan_disable                          src/ASF/sam0/drivers/system/clock/clock_samd21_r21_da_ha1/gclk.o
                                                  src/ASF/sam0/drivers/extint/extint_sam_d_r_h/extint.o
system_gclk_chan_enable                           src/ASF/sam0/drivers/system/clock/clock_samd21_r21_da_ha1/gclk.o
                                                  src/ASF/sam0/drivers/extint/extint_sam_d_r_h/extint.o
system_gclk_chan_get_hz                           src/ASF/sam0/drivers/system/clock/clock_samd21_r21_da_ha1/gclk.o
                                                  src/ASF/sam0/drivers/system/clock/clock_samd21_r21_da_ha1/clock.o
system_gclk_chan_is_enabled                       src/ASF/sam0/drivers/system/clock/clock_samd21_r21_da_ha1/gclk.o
system_gclk_chan_is_locked                        src/ASF/sam0/drivers/system/clock/clock_samd21_r21_da_ha1/gclk.o
system_gclk_chan_lock                             src/ASF/sam0/drivers/system/clock/clock_samd21_r21_da_ha1/gclk.o
system_gclk_chan_set_config                       src/ASF/sam0/drivers/system/clock/clock_samd21_r21_da_ha1/gclk.o
                                                  src/ASF/sam0/drivers/system/clock/clock_samd21_r21_da_ha1/clock.o
                                                  src/ASF/sam0/drivers/extint/extint_sam_d_r_h/extint.o
system_gclk_gen_disable                           src/ASF/sam0/drivers/system/clock/clock_samd21_r21_da_ha1/gclk.o
system_gclk_gen_enable                            src/ASF/sam0/drivers/system/clock/clock_samd21_r21_da_ha1/gclk.o
                                                  src/ASF/sam0/drivers/system/clock/clock_samd21_r21_da_ha1/clock.o
system_gclk_gen_get_hz                            src/ASF/sam0/drivers/system/clock/clock_samd21_r21_da_ha1/gclk.o
system_gclk_gen_is_enabled                        src/ASF/sam0/drivers/system/clock/clock_samd21_r21_da_ha1/gclk.o
system_gclk_gen_set_config                        src/ASF/sam0/drivers/system/clock/clock_samd21_r21_da_ha1/gclk.o
                                                  src/ASF/sam0/drivers/system/clock/clock_samd21_r21_da_ha1/clock.o
system_gclk_init                                  src/ASF/sam0/drivers/system/clock/clock_samd21_r21_da_ha1/gclk.o
                                                  src/ASF/sam0/drivers/system/clock/clock_samd21_r21_da_ha1/clock.o
system_init                                       src/ASF/sam0/drivers/system/system.o
                                                  src/main.o
system_interrupt_clear_pending                    src/ASF/sam0/drivers/system/interrupt/system_interrupt.o
system_interrupt_get_priority                     src/ASF/sam0/drivers/system/interrupt/system_interrupt.o
system_interrupt_is_pending                       src/ASF/sam0/drivers/system/interrupt/system_interrupt.o
system_interrupt_set_pending                      src/ASF/sam0/drivers/system/interrupt/system_interrupt.o
system_interrupt_set_priority                     src/ASF/sam0/drivers/system/interrupt/system_interrupt.o
system_pinmux_group_set_config                    src/ASF/sam0/drivers/system/pinmux/pinmux.o
                                                  src/ASF/sam0/drivers/port/port.o
system_pinmux_group_set_input_sample_mode         src/ASF/sam0/drivers/system/pinmux/pinmux.o
system_pinmux_pin_set_config                      src/ASF/sam0/drivers/system/pinmux/pinmux.o
                                                  src/ASF/sam0/drivers/port/port.o
                                                  src/ASF/sam0/drivers/extint/extint_sam_d_r_h/extint.o
