Archive member included to satisfy reference by file (symbol)

e:/program files (x86)/atmel/studio/7.0/toolchain/arm/arm-gnu-toolchain/bin/../lib/gcc/arm-none-eabi/6.3.1/thumb/v6-m\libgcc.a(_udivsi3.o)
                              src/ASF/sam0/drivers/system/clock/clock_samd21_r21_da/clock.o (__aeabi_uidiv)
e:/program files (x86)/atmel/studio/7.0/toolchain/arm/arm-gnu-toolchain/bin/../lib/gcc/arm-none-eabi/6.3.1/thumb/v6-m\libgcc.a(_dvmd_tls.o)
                              e:/program files (x86)/atmel/studio/7.0/toolchain/arm/arm-gnu-toolchain/bin/../lib/gcc/arm-none-eabi/6.3.1/thumb/v6-m\libgcc.a(_udivsi3.o) (__aeabi_idiv0)
e:/program files (x86)/atmel/studio/7.0/toolchain/arm/arm-gnu-toolchain/bin/../lib/gcc/arm-none-eabi/6.3.1/thumb/v6-m\libgcc.a(_muldi3.o)
                              src/ASF/sam0/drivers/sercom/sercom.o (__aeabi_lmul)
e:/program files (x86)/atmel/studio/7.0/toolchain/arm/arm-gnu-toolchain/bin/../lib/gcc/arm-none-eabi/6.3.1/../../../../arm-none-eabi/lib/thumb/v6-m\libc_nano.a(lib_a-exit.o)
                              e:/program files (x86)/atmel/studio/7.0/toolchain/arm/arm-gnu-toolchain/bin/../lib/gcc/arm-none-eabi/6.3.1/../../../../arm-none-eabi/lib/thumb/v6-m/crt0.o (exit)
e:/program files (x86)/atmel/studio/7.0/toolchain/arm/arm-gnu-toolchain/bin/../lib/gcc/arm-none-eabi/6.3.1/../../../../arm-none-eabi/lib/thumb/v6-m\libc_nano.a(lib_a-impure.o)
                              e:/program files (x86)/atmel/studio/7.0/toolchain/arm/arm-gnu-toolchain/bin/../lib/gcc/arm-none-eabi/6.3.1/../../../../arm-none-eabi/lib/thumb/v6-m\libc_nano.a(lib_a-exit.o) (_global_impure_ptr)
e:/program files (x86)/atmel/studio/7.0/toolchain/arm/arm-gnu-toolchain/bin/../lib/gcc/arm-none-eabi/6.3.1/../../../../arm-none-eabi/lib/thumb/v6-m\libc_nano.a(lib_a-init.o)
                              e:/program files (x86)/atmel/studio/7.0/toolchain/arm/arm-gnu-toolchain/bin/../lib/gcc/arm-none-eabi/6.3.1/../../../../arm-none-eabi/lib/thumb/v6-m/crt0.o (__libc_init_array)
e:/program files (x86)/atmel/studio/7.0/toolchain/arm/arm-gnu-toolchain/bin/../lib/gcc/arm-none-eabi/6.3.1/../../../../arm-none-eabi/lib/thumb/v6-m\libc_nano.a(lib_a-memset.o)
                              e:/program files (x86)/atmel/studio/7.0/toolchain/arm/arm-gnu-toolchain/bin/../lib/gcc/arm-none-eabi/6.3.1/../../../../arm-none-eabi/lib/thumb/v6-m/crt0.o (memset)
e:/program files (x86)/atmel/studio/7.0/toolchain/arm/arm-gnu-toolchain/bin/../lib/gcc/arm-none-eabi/6.3.1/../../../../arm-none-eabi/lib/thumb/v6-m\libc_nano.a(lib_a-printf.o)
                              src/ASF/sam0/utils/syscalls/gcc/syscalls.o (printf)
e:/program files (x86)/atmel/studio/7.0/toolchain/arm/arm-gnu-toolchain/bin/../lib/gcc/arm-none-eabi/6.3.1/../../../../arm-none-eabi/lib/thumb/v6-m\libc_nano.a(lib_a-puts.o)
                              src/main.o (puts)
e:/program files (x86)/atmel/studio/7.0/toolchain/arm/arm-gnu-toolchain/bin/../lib/gcc/arm-none-eabi/6.3.1/../../../../arm-none-eabi/lib/thumb/v6-m\libc_nano.a(lib_a-setbuf.o)
                              src/main.o (setbuf)
e:/program files (x86)/atmel/studio/7.0/toolchain/arm/arm-gnu-toolchain/bin/../lib/gcc/arm-none-eabi/6.3.1/../../../../arm-none-eabi/lib/thumb/v6-m\libc_nano.a(lib_a-setvbuf.o)
                              e:/program files (x86)/atmel/studio/7.0/toolchain/arm/arm-gnu-toolchain/bin/../lib/gcc/arm-none-eabi/6.3.1/../../../../arm-none-eabi/lib/thumb/v6-m\libc_nano.a(lib_a-setbuf.o) (setvbuf)
e:/program files (x86)/atmel/studio/7.0/toolchain/arm/arm-gnu-toolchain/bin/../lib/gcc/arm-none-eabi/6.3.1/../../../../arm-none-eabi/lib/thumb/v6-m\libc_nano.a(lib_a-wbuf.o)
                              e:/program files (x86)/atmel/studio/7.0/toolchain/arm/arm-gnu-toolchain/bin/../lib/gcc/arm-none-eabi/6.3.1/../../../../arm-none-eabi/lib/thumb/v6-m\libc_nano.a(lib_a-puts.o) (__swbuf_r)
e:/program files (x86)/atmel/studio/7.0/toolchain/arm/arm-gnu-toolchain/bin/../lib/gcc/arm-none-eabi/6.3.1/../../../../arm-none-eabi/lib/thumb/v6-m\libc_nano.a(lib_a-wsetup.o)
                              e:/program files (x86)/atmel/studio/7.0/toolchain/arm/arm-gnu-toolchain/bin/../lib/gcc/arm-none-eabi/6.3.1/../../../../arm-none-eabi/lib/thumb/v6-m\libc_nano.a(lib_a-puts.o) (__swsetup_r)
e:/program files (x86)/atmel/studio/7.0/toolchain/arm/arm-gnu-toolchain/bin/../lib/gcc/arm-none-eabi/6.3.1/../../../../arm-none-eabi/lib/thumb/v6-m\libc_nano.a(lib_a-fflush.o)
                              e:/program files (x86)/atmel/studio/7.0/toolchain/arm/arm-gnu-toolchain/bin/../lib/gcc/arm-none-eabi/6.3.1/../../../../arm-none-eabi/lib/thumb/v6-m\libc_nano.a(lib_a-setvbuf.o) (_fflush_r)
e:/program files (x86)/atmel/studio/7.0/toolchain/arm/arm-gnu-toolchain/bin/../lib/gcc/arm-none-eabi/6.3.1/../../../../arm-none-eabi/lib/thumb/v6-m\libc_nano.a(lib_a-findfp.o)
[...]
Memory Configuration

Name             Origin             Length             Attributes
rom              0x00000000         0x00040000         xr
ram              0x20000000         0x00008000         xrw
*default*        0x00000000         0xffffffff

Linker script and memory map

LOAD e:/program files (x86)/atmel/studio/7.0/toolchain/arm/arm-gnu-toolchain/bin/../lib/gcc/arm-none-eabi/6.3.1/thumb/v6-m/crti.o
LOAD e:/program files (x86)/atmel/studio/7.0/toolchain/arm/arm-gnu-toolchain/bin/../lib/gcc/arm-none-eabi/6.3.1/thumb/v6-m/crtbegin.o
LOAD e:/program files (x86)/atmel/studio/7.0/toolchain/arm/arm-gnu-toolchain/bin/../lib/gcc/arm-none-eabi/6.3.1/../../../../arm-none-eabi/lib/thumb/v6-m/crt0.o
LOAD src/ASF/sam0/drivers/sercom/sercom.o
LOAD src/ASF/sam0/utils/stdio/read.o
LOAD src/ASF/sam0/utils/stdio/write.o
LOAD src/ASF/sam0/drivers/sercom/usart/usart.o
LOAD src/ASF/sam0/drivers/sercom/usart/usart_interrupt.o
LOAD src/ASF/sam0/drivers/sercom/sercom_interrupt.o
LOAD src/ASF/common/utils/interrupt/interrupt_sam_nvic.o
LOAD src/ASF/sam0/boards/samd21_xplained_pro/board_init.o
LOAD src/ASF/sam0/drivers/port/port.o
LOAD src/ASF/sam0/drivers/system/clock/clock_samd21_r21_da/clock.o
LOAD src/ASF/sam0/drivers/system/clock/clock_samd21_r21_da/gclk.o
LOAD src/ASF/sam0/drivers/system/interrupt/system_interrupt.o
LOAD src/ASF/sam0/drivers/system/pinmux/pinmux.o
LOAD src/ASF/sam0/drivers/system/system.o
LOAD src/ASF/sam0/utils/cmsis/samd21/source/gcc/startup_samd21.o
LOAD src/ASF/sam0/utils/cmsis/samd21/source/system_samd21.o
LOAD src/ASF/sam0/utils/syscalls/gcc/syscalls.o
LOAD src/main.o
START GROUP
LOAD ../src/ASF/thirdparty/CMSIS/Lib/GCC\libarm_cortexM0l_math.a
LOAD e:/program files (x86)/atmel/studio/7.0/toolchain/arm/arm-gnu-toolchain/bin/../lib/gcc/arm-none-eabi/6.3.1/../../../../arm-none-eabi/lib/thumb/v6-m\libm.a
END GROUP
START GROUP
LOAD e:/program files (x86)/atmel/studio/7.0/toolchain/arm/arm-gnu-toolchain/bin/../lib/gcc/arm-none-eabi/6.3.1/thumb/v6-m\libgcc.a
LOAD e:/program files (x86)/atmel/studio/7.0/toolchain/arm/arm-gnu-toolchain/bin/../lib/gcc/arm-none-eabi/6.3.1/../../../../arm-none-eabi/lib/thumb/v6-m\libc_nano.a
END GROUP
START GROUP
LOAD e:/program files (x86)/atmel/studio/7.0/toolchain/arm/arm-gnu-toolchain/bin/../lib/gcc/arm-none-eabi/6.3.1/thumb/v6-m\libgcc.a
LOAD e:/program files (x86)/atmel/studio/7.0/toolchain/arm/arm-gnu-toolchain/bin/../lib/gcc/arm-none-eabi/6.3.1/../../../../arm-none-eabi/lib/thumb/v6-m\libc_nano.a
END GROUP
LOAD e:/program files (x86)/atmel/studio/7.0/toolchain/arm/arm-gnu-toolchain/bin/../lib/gcc/arm-none-eabi/6.3.1/thumb/v6-m/crtend.o
LOAD e:/program files (x86)/atmel/studio/7.0/toolchain/arm/arm-gnu-toolchain/bin/../lib/gcc/arm-none-eabi/6.3.1/thumb/v6-m/crtn.o
                0x00002000                STACK_SIZE = DEFINED (STACK_SIZE)?STACK_SIZE:DEFINED (__stack_size__)?__stack_size__:0x2000

.text           0x00000000     0x2274
                0x00000000                . = ALIGN (0x4)
                0x00000000                _sfixed = .
 *(.vectors .vectors.*)
 .vectors       0x00000000       0xb4 src/ASF/sam0/utils/cmsis/samd21/source/gcc/startup_samd21.o
                0x00000000                exception_table
 *(.text .text.* .gnu.linkonce.t.*)
 .text          0x000000b4       0x60 e:/program files (x86)/atmel/studio/7.0/toolchain/arm/arm-gnu-toolchain/bin/../lib/gcc/arm-none-eabi/6.3.1/thumb/v6-m/crtbegin.o
 .text._sercom_get_sync_baud_val
                0x00000114       0x28 src/ASF/sam0/drivers/sercom/sercom.o
                0x00000114                _sercom_get_sync_baud_val
 .text._sercom_get_async_baud_val
                0x0000013c      0x1d0 src/ASF/sam0/drivers/sercom/sercom.o
                0x0000013c                _sercom_get_async_baud_val
 .text.sercom_set_gclk_generator
                0x0000030c       0x4c src/ASF/sam0/drivers/sercom/sercom.o
                0x0000030c                sercom_set_gclk_generator
 .text._sercom_get_default_pad
                0x00000358      0x178 src/ASF/sam0/drivers/sercom/sercom.o
                0x00000358                _sercom_get_default_pad
 .text._sercom_get_sercom_inst_index
                0x000004d0       0x38 src/ASF/sam0/drivers/sercom/sercom.o
                0x000004d0                _sercom_get_sercom_inst_index
 .text._read    0x00000508       0x44 src/ASF/sam0/utils/stdio/read.o
                0x00000508                _read
 .text._write   0x0000054c       0x50 src/ASF/sam0/utils/stdio/write.o
                0x0000054c                _write
 .text.usart_init
                0x0000059c      0x340 src/ASF/sam0/drivers/sercom/usart/usart.o
                0x0000059c                usart_init
 .text.usart_write_wait
                0x000008dc       0x2c src/ASF/sam0/drivers/sercom/usart/usart.o
                0x000008dc                usart_write_wait
 .text.usart_read_wait
                0x00000908       0x70 src/ASF/sam0/drivers/sercom/usart/usart.o
                0x00000908                usart_read_wait
 .text._usart_interrupt_handler
                0x00000978      0x194 src/ASF/sam0/drivers/sercom/usart/usart_interrupt.o
                0x00000978                _usart_interrupt_handler
 .text._sercom_default_handler
                0x00000b0c        0x2 src/ASF/sam0/drivers/sercom/sercom_interrupt.o
 *fill*         0x00000b0e        0x2 
 .text._sercom_set_handler
                0x00000b10       0x3c src/ASF/sam0/drivers/sercom/sercom_interrupt.o
                0x00000b10                _sercom_set_handler
 .text._sercom_get_interrupt_vector
                0x00000b4c       0x30 src/ASF/sam0/drivers/sercom/sercom_interrupt.o
                0x00000b4c                _sercom_get_interrupt_vector
 .text.SERCOM0_Handler
                0x00000b7c       0x10 src/ASF/sam0/drivers/sercom/sercom_interrupt.o
                0x00000b7c                SERCOM0_Handler
 .text.SERCOM1_Handler
                0x00000b8c       0x10 src/ASF/sam0/drivers/sercom/sercom_interrupt.o
                0x00000b8c                SERCOM1_Handler
 .text.SERCOM2_Handler
                0x00000b9c       0x10 src/ASF/sam0/drivers/sercom/sercom_interrupt.o
                0x00000b9c                SERCOM2_Handler
 .text.SERCOM3_Handler
                0x00000bac       0x10 src/ASF/sam0/drivers/sercom/sercom_interrupt.o
                0x00000bac                SERCOM3_Handler
 .text.SERCOM4_Handler
                0x00000bbc       0x10 src/ASF/sam0/drivers/sercom/sercom_interrupt.o
                0x00000bbc                SERCOM4_Handler
 .text.SERCOM5_Handler
                0x00000bcc       0x10 src/ASF/sam0/drivers/sercom/sercom_interrupt.o
                0x00000bcc                SERCOM5_Handler
 .text.cpu_irq_enter_critical
                0x00000bdc       0x40 src/ASF/common/utils/interrupt/interrupt_sam_nvic.o
                0x00000bdc                cpu_irq_enter_critical
 .text.cpu_irq_leave_critical
                0x00000c1c       0x30 src/ASF/common/utils/interrupt/interrupt_sam_nvic.o
                0x00000c1c                cpu_irq_leave_critical
 .text.system_board_init
                0x00000c4c       0x38 src/ASF/sam0/boards/samd21_xplained_pro/board_init.o
                0x00000c4c                board_init
                0x00000c4c                system_board_init
 .text.port_pin_set_config
                0x00000c84       0x24 src/ASF/sam0/drivers/port/port.o
                0x00000c84                port_pin_set_config
 .text.system_clock_source_get_hz
                0x00000ca8       0x90 src/ASF/sam0/drivers/system/clock/clock_samd21_r21_da/clock.o
                0x00000ca8                system_clock_source_get_hz
 .text.system_clock_source_osc8m_set_config
                0x00000d38       0x3c src/ASF/sam0/drivers/system/clock/clock_samd21_r21_da/clock.o
                0x00000d38                system_clock_source_osc8m_set_config
 .text.system_clock_source_enable
                0x00000d74       0xa8 src/ASF/sam0/drivers/system/clock/clock_samd21_r21_da/clock.o
                0x00000d74                system_clock_source_enable
 .text.system_clock_init
                0x00000e1c       0x98 src/ASF/sam0/drivers/system/clock/clock_samd21_r21_da/clock.o
                0x00000e1c                system_clock_init
 .text.system_gclk_init
                0x00000eb4       0x24 src/ASF/sam0/drivers/system/clock/clock_samd21_r21_da/gclk.o
                0x00000eb4                system_gclk_init
 .text.system_gclk_gen_set_config
                0x00000ed8       0xb8 src/ASF/sam0/drivers/system/clock/clock_samd21_r21_da/gclk.o
                0x00000ed8                system_gclk_gen_set_config
 .text.system_gclk_gen_enable
                0x00000f90       0x44 src/ASF/sam0/drivers/system/clock/clock_samd21_r21_da/gclk.o
                0x00000f90                system_gclk_gen_enable
 .text.system_gclk_gen_get_hz
                0x00000fd4       0x8c src/ASF/sam0/drivers/system/clock/clock_samd21_r21_da/gclk.o
                0x00000fd4                system_gclk_gen_get_hz
 .text.system_gclk_chan_enable
                0x00001060       0x30 src/ASF/sam0/drivers/system/clock/clock_samd21_r21_da/gclk.o
                0x00001060                system_gclk_chan_enable
 .text.system_gclk_chan_disable
                0x00001090       0x5c src/ASF/sam0/drivers/system/clock/clock_samd21_r21_da/gclk.o
                0x00001090                system_gclk_chan_disable
 .text.system_gclk_chan_set_config
                0x000010ec       0x1c src/ASF/sam0/drivers/system/clock/clock_samd21_r21_da/gclk.o
                0x000010ec                system_gclk_chan_set_config
 .text.system_gclk_chan_get_hz
                0x00001108       0x34 src/ASF/sam0/drivers/system/clock/clock_samd21_r21_da/gclk.o
                0x00001108                system_gclk_chan_get_hz
 .text._system_pinmux_config
                0x0000113c       0xa8 src/ASF/sam0/drivers/system/pinmux/pinmux.o
 .text.system_pinmux_pin_set_config
                0x000011e4       0x30 src/ASF/sam0/drivers/system/pinmux/pinmux.o
                0x000011e4                system_pinmux_pin_set_config
 .text._system_dummy_init
                0x00001214        0x2 src/ASF/sam0/drivers/system/system.o
                0x00001214                _system_extint_init
                0x00001214                _system_events_init
                0x00001214                _system_dummy_init
                0x00001214                _system_divas_init
 *fill*         0x00001216        0x2 
 .text.system_init
                0x00001218       0x2c src/ASF/sam0/drivers/system/system.o
                0x00001218                system_init
 .text.Dummy_Handler
                0x00001244        0x2 src/ASF/sam0/utils/cmsis/samd21/source/gcc/startup_samd21.o
                0x00001244                DMAC_Handler
                0x00001244                HardFault_Handler
                0x00001244                AC_Handler
                0x00001244                SysTick_Handler
                0x00001244                PendSV_Handler
                0x00001244                NMI_Handler
                0x00001244                TC7_Handler
                0x00001244                ADC_Handler
                0x00001244                TCC1_Handler
                0x00001244                TCC0_Handler
                0x00001244                RTC_Handler
                0x00001244                EIC_Handler
                0x00001244                TC6_Handler
                0x00001244                WDT_Handler
                0x00001244                TC4_Handler
                0x00001244                USB_Handler
                0x00001244                TC3_Handler
                0x00001244                Dummy_Handler
                0x00001244                PM_Handler
                0x00001244                SVC_Handler
                0x00001244                TCC2_Handler
                0x00001244                EVSYS_Handler
                0x00001244                I2S_Handler
                0x00001244                NVMCTRL_Handler
                0x00001244                DAC_Handler
                0x00001244                PTC_Handler
                0x00001244                TC5_Handler
                0x00001244                SYSCTRL_Handler
 *fill*         0x00001246        0x2 
 .text.Reset_Handler
                0x00001248       0xe4 src/ASF/sam0/utils/cmsis/samd21/source/gcc/startup_samd21.o
                0x00001248                Reset_Handler
 .text._sbrk    0x0000132c       0x24 src/ASF/sam0/utils/syscalls/gcc/syscalls.o
                0x0000132c                _sbrk
 .text._close   0x00001350        0x6 src/ASF/sam0/utils/syscalls/gcc/syscalls.o
                0x00001350                _close
 .text._fstat   0x00001356        0xa src/ASF/sam0/utils/syscalls/gcc/syscalls.o
                0x00001356                _fstat
 .text._isatty  0x00001360        0x4 src/ASF/sam0/utils/syscalls/gcc/syscalls.o
                0x00001360                _isatty
 .text._lseek   0x00001364        0x4 src/ASF/sam0/utils/syscalls/gcc/syscalls.o
                0x00001364                _lseek
 .text.usart_serial_getchar
                0x00001368       0x2c src/main.o
 .text.usart_serial_putchar
                0x00001394       0x18 src/main.o
 .text.main     0x000013ac      0x134 src/main.o
                0x000013ac                main
 .text          0x000014e0      0x114 e:/program files (x86)/atmel/studio/7.0/toolchain/arm/arm-gnu-toolchain/bin/../lib/gcc/arm-none-eabi/6.3.1/thumb/v6-m\libgcc.a(_udivsi3.o)
                0x000014e0                __aeabi_uidiv
                0x000014e0                __udivsi3
                0x000015ec                __aeabi_uidivmod
 .text          0x000015f4        0x4 e:/program files (x86)/atmel/studio/7.0/toolchain/arm/arm-gnu-toolchain/bin/../lib/gcc/arm-none-eabi/6.3.1/thumb/v6-m\libgcc.a(_dvmd_tls.o)
                0x000015f4                __aeabi_idiv0
                0x000015f4                __aeabi_ldiv0
 .text          0x000015f8       0x54 e:/program files (x86)/atmel/studio/7.0/toolchain/arm/arm-gnu-toolchain/bin/../lib/gcc/arm-none-eabi/6.3.1/thumb/v6-m\libgcc.a(_muldi3.o)
                0x000015f8                __muldi3
                0x000015f8                __aeabi_lmul
 .text.__libc_init_array
                0x0000164c       0x48 e:/program files (x86)/atmel/studio/7.0/toolchain/arm/arm-gnu-toolchain/bin/../lib/gcc/arm-none-eabi/6.3.1/../../../../arm-none-eabi/lib/thumb/v6-m\libc_nano.a(lib_a-init.o)
                0x0000164c                __libc_init_array
 .text.memset   0x00001694       0x10 e:/program files (x86)/atmel/studio/7.0/toolchain/arm/arm-gnu-toolchain/bin/../lib/gcc/arm-none-eabi/6.3.1/../../../../arm-none-eabi/lib/thumb/v6-m\libc_nano.a(lib_a-memset.o)
                0x00001694                memset
 .text._puts_r  0x000016a4       0xc0 e:/program files (x86)/atmel/studio/7.0/toolchain/arm/arm-gnu-toolchain/bin/../lib/gcc/arm-none-eabi/6.3.1/../../../../arm-none-eabi/lib/thumb/v6-m\libc_nano.a(lib_a-puts.o)
                0x000016a4                _puts_r
 .text.puts     0x00001764       0x14 e:/program files (x86)/atmel/studio/7.0/toolchain/arm/arm-gnu-toolchain/bin/../lib/gcc/arm-none-eabi/6.3.1/../../../../arm-none-eabi/lib/thumb/v6-m\libc_nano.a(lib_a-puts.o)
                0x00001764                puts
 .text.setbuf   0x00001778       0x12 e:/program files (x86)/atmel/studio/7.0/toolchain/arm/arm-gnu-toolchain/bin/../lib/gcc/arm-none-eabi/6.3.1/../../../../arm-none-eabi/lib/thumb/v6-m\libc_nano.a(lib_a-setbuf.o)
                0x00001778                setbuf
 *fill*         0x0000178a        0x2 
 .text.setvbuf  0x0000178c      0x158 e:/program files (x86)/atmel/studio/7.0/toolchain/arm/arm-gnu-toolchain/bin/../lib/gcc/arm-none-eabi/6.3.1/../../../../arm-none-eabi/lib/thumb/v6-m\libc_nano.a(lib_a-setvbuf.o)
                0x0000178c                setvbuf
 .text.__swbuf_r
                0x000018e4       0xac e:/program files (x86)/atmel/studio/7.0/toolchain/arm/arm-gnu-toolchain/bin/../lib/gcc/arm-none-eabi/6.3.1/../../../../arm-none-eabi/lib/thumb/v6-m\libc_nano.a(lib_a-wbuf.o)
                0x000018e4                __swbuf_r
 .text.__swsetup_r
                0x00001990       0xec e:/program files (x86)/atmel/studio/7.0/toolchain/arm/arm-gnu-toolchain/bin/../lib/gcc/arm-none-eabi/6.3.1/../../../../arm-none-eabi/lib/thumb/v6-m\libc_nano.a(lib_a-wsetup.o)
                0x00001990                __swsetup_r
 .text.__sflush_r
                0x00001a7c      0x114 e:/program files (x86)/atmel/studio/7.0/toolchain/arm/arm-gnu-toolchain/bin/../lib/gcc/arm-none-eabi/6.3.1/../../../../arm-none-eabi/lib/thumb/v6-m\libc_nano.a(lib_a-fflush.o)
                0x00001a7c                __sflush_r
 .text._fflush_r
                0x00001b90       0x58 e:/program files (x86)/atmel/studio/7.0/toolchain/arm/arm-gnu-toolchain/bin/../lib/gcc/arm-none-eabi/6.3.1/../../../../arm-none-eabi/lib/thumb/v6-m\libc_nano.a(lib_a-fflush.o)
                0x00001b90                _fflush_r
 .text._cleanup_r
                0x00001be8       0x10 e:/program files (x86)/atmel/studio/7.0/toolchain/arm/arm-gnu-toolchain/bin/../lib/gcc/arm-none-eabi/6.3.1/../../../../arm-none-eabi/lib/thumb/v6-m\libc_nano.a(lib_a-findfp.o)
                0x00001be8                _cleanup_r
 .text.std.isra.0
                0x00001bf8       0x48 e:/program files (x86)/atmel/studio/7.0/toolchain/arm/arm-gnu-toolchain/bin/../lib/gcc/arm-none-eabi/6.3.1/../../../../arm-none-eabi/lib/thumb/v6-m\libc_nano.a(lib_a-findfp.o)
 .text.__sfmoreglue
                0x00001c40       0x2c e:/program files (x86)/atmel/studio/7.0/toolchain/arm/arm-gnu-toolchain/bin/../lib/gcc/arm-none-eabi/6.3.1/../../../../arm-none-eabi/lib/thumb/v6-m\libc_nano.a(lib_a-findfp.o)
                0x00001c40                __sfmoreglue
 .text.__sinit  0x00001c6c       0x68 e:/program files (x86)/atmel/studio/7.0/toolchain/arm/arm-gnu-toolchain/bin/../lib/gcc/arm-none-eabi/6.3.1/../../../../arm-none-eabi/lib/thumb/v6-m\libc_nano.a(lib_a-findfp.o)
                0x00001c6c                __sinit
 .text.__sfp    0x00001cd4       0x80 e:/program files (x86)/atmel/studio/7.0/toolchain/arm/arm-gnu-toolchain/bin/../lib/gcc/arm-none-eabi/6.3.1/../../../../arm-none-eabi/lib/thumb/v6-m\libc_nano.a(lib_a-findfp.o)
                0x00001cd4                __sfp
 .text._fwalk_reent
                0x00001d54       0x42 e:/program files (x86)/atmel/studio/7.0/toolchain/arm/arm-gnu-toolchain/bin/../lib/gcc/arm-none-eabi/6.3.1/../../../../arm-none-eabi/lib/thumb/v6-m\libc_nano.a(lib_a-fwalk.o)
                0x00001d54                _fwalk_reent
 *fill*         0x00001d96        0x2 
 .text.__swhatbuf_r
                0x00001d98       0x50 e:/program files (x86)/atmel/studio/7.0/toolchain/arm/arm-gnu-toolchain/bin/../lib/gcc/arm-none-eabi/6.3.1/../../../../arm-none-eabi/lib/thumb/v6-m\libc_nano.a(lib_a-makebuf.o)
                0x00001d98                __swhatbuf_r
 .text.__smakebuf_r
                0x00001de8       0x88 e:/program files (x86)/atmel/studio/7.0/toolchain/arm/arm-gnu-toolchain/bin/../lib/gcc/arm-none-eabi/6.3.1/../../../../arm-none-eabi/lib/thumb/v6-m\libc_nano.a(lib_a-makebuf.o)
                0x00001de8                __smakebuf_r
 .text.malloc   0x00001e70       0x14 e:/program files (x86)/atmel/studio/7.0/toolchain/arm/arm-gnu-toolchain/bin/../lib/gcc/arm-none-eabi/6.3.1/../../../../arm-none-eabi/lib/thumb/v6-m\libc_nano.a(lib_a-malloc.o)
                0x00001e70                malloc
 .text._free_r  0x00001e84       0x94 e:/program files (x86)/atmel/studio/7.0/toolchain/arm/arm-gnu-toolchain/bin/../lib/gcc/arm-none-eabi/6.3.1/../../../../arm-none-eabi/lib/thumb/v6-m\libc_nano.a(lib_a-nano-freer.o)
                0x00001e84                _free_r
 .text._malloc_r
                0x00001f18       0xbc e:/program files (x86)/atmel/studio/7.0/toolchain/arm/arm-gnu-toolchain/bin/../lib/gcc/arm-none-eabi/6.3.1/../../../../arm-none-eabi/lib/thumb/v6-m\libc_nano.a(lib_a-nano-mallocr.o)
                0x00001f18                _malloc_r
 .text._sbrk_r  0x00001fd4       0x24 e:/program files (x86)/atmel/studio/7.0/toolchain/arm/arm-gnu-toolchain/bin/../lib/gcc/arm-none-eabi/6.3.1/../../../../arm-none-eabi/lib/thumb/v6-m\libc_nano.a(lib_a-sbrkr.o)
                0x00001fd4                _sbrk_r
 .text.__sread  0x00001ff8       0x28 e:/program files (x86)/atmel/studio/7.0/toolchain/arm/arm-gnu-toolchain/bin/../lib/gcc/arm-none-eabi/6.3.1/../../../../arm-none-eabi/lib/thumb/v6-m\libc_nano.a(lib_a-stdio.o)
                0x00001ff8                __sread
 .text.__swrite
                0x00002020       0x38 e:/program files (x86)/atmel/studio/7.0/toolchain/arm/arm-gnu-toolchain/bin/../lib/gcc/arm-none-eabi/6.3.1/../../../../arm-none-eabi/lib/thumb/v6-m\libc_nano.a(lib_a-stdio.o)
                0x00002020                __swrite
 .text.__sseek  0x00002058       0x2c e:/program files (x86)/atmel/studio/7.0/toolchain/arm/arm-gnu-toolchain/bin/../lib/gcc/arm-none-eabi/6.3.1/../../../../arm-none-eabi/lib/thumb/v6-m\libc_nano.a(lib_a-stdio.o)
                0x00002058                __sseek
 .text.__sclose
                0x00002084        0xc e:/program files (x86)/atmel/studio/7.0/toolchain/arm/arm-gnu-toolchain/bin/../lib/gcc/arm-none-eabi/6.3.1/../../../../arm-none-eabi/lib/thumb/v6-m\libc_nano.a(lib_a-stdio.o)
                0x00002084                __sclose
 .text._write_r
                0x00002090       0x28 e:/program files (x86)/atmel/studio/7.0/toolchain/arm/arm-gnu-toolchain/bin/../lib/gcc/arm-none-eabi/6.3.1/../../../../arm-none-eabi/lib/thumb/v6-m\libc_nano.a(lib_a-writer.o)
                0x00002090                _write_r
 .text._close_r
                0x000020b8       0x24 e:/program files (x86)/atmel/studio/7.0/toolchain/arm/arm-gnu-toolchain/bin/../lib/gcc/arm-none-eabi/6.3.1/../../../../arm-none-eabi/lib/thumb/v6-m\libc_nano.a(lib_a-closer.o)
                0x000020b8                _close_r
 .text._fstat_r
                0x000020dc       0x24 e:/program files (x86)/atmel/studio/7.0/toolchain/arm/arm-gnu-toolchain/bin/../lib/gcc/arm-none-eabi/6.3.1/../../../../arm-none-eabi/lib/thumb/v6-m\libc_nano.a(lib_a-fstatr.o)
                0x000020dc                _fstat_r
 .text._isatty_r
                0x00002100       0x24 e:/program files (x86)/atmel/studio/7.0/toolchain/arm/arm-gnu-toolchain/bin/../lib/gcc/arm-none-eabi/6.3.1/../../../../arm-none-eabi/lib/thumb/v6-m\libc_nano.a(lib_a-isattyr.o)
                0x00002100                _isatty_r
 .text._lseek_r
                0x00002124       0x28 e:/program files (x86)/atmel/studio/7.0/toolchain/arm/arm-gnu-toolchain/bin/../lib/gcc/arm-none-eabi/6.3.1/../../../../arm-none-eabi/lib/thumb/v6-m\libc_nano.a(lib_a-lseekr.o)
                0x00002124                _lseek_r
 .text.__malloc_lock
                0x0000214c        0x2 e:/program files (x86)/atmel/studio/7.0/toolchain/arm/arm-gnu-toolchain/bin/../lib/gcc/arm-none-eabi/6.3.1/../../../../arm-none-eabi/lib/thumb/v6-m\libc_nano.a(lib_a-mlock.o)
                0x0000214c                __malloc_lock
 .text.__malloc_unlock
                0x0000214e        0x2 e:/program files (x86)/atmel/studio/7.0/toolchain/arm/arm-gnu-toolchain/bin/../lib/gcc/arm-none-eabi/6.3.1/../../../../arm-none-eabi/lib/thumb/v6-m\libc_nano.a(lib_a-mlock.o)
                0x0000214e                __malloc_unlock
 .text._read_r  0x00002150       0x28 e:/program files (x86)/atmel/studio/7.0/toolchain/arm/arm-gnu-toolchain/bin/../lib/gcc/arm-none-eabi/6.3.1/../../../../arm-none-eabi/lib/thumb/v6-m\libc_nano.a(lib_a-readr.o)
                0x00002150                _read_r
 *(.glue_7t)
 .glue_7t       0x00002178        0x0 linker stubs
 *(.glue_7)
 .glue_7        0x00002178        0x0 linker stubs
 *(.rodata .rodata* .gnu.linkonce.r.*)
 .rodata        0x00002178       0x18 src/ASF/sam0/drivers/sercom/sercom.o
 .rodata.system_clock_source_get_hz
                0x00002190       0x24 src/ASF/sam0/drivers/system/clock/clock_samd21_r21_da/clock.o
 .rodata.system_clock_source_enable
                0x000021b4       0x24 src/ASF/sam0/drivers/system/clock/clock_samd21_r21_da/clock.o
 .rodata.main.str1.4
                0x000021d8       0x18 src/main.o
 .rodata._global_impure_ptr
                0x000021f0        0x4 e:/program files (x86)/atmel/studio/7.0/toolchain/arm/arm-gnu-toolchain/bin/../lib/gcc/arm-none-eabi/6.3.1/../../../../arm-none-eabi/lib/thumb/v6-m\libc_nano.a(lib_a-impure.o)
                0x000021f0                _global_impure_ptr
 .rodata.__sf_fake_stderr
                0x000021f4       0x20 e:/program files (x86)/atmel/studio/7.0/toolchain/arm/arm-gnu-toolchain/bin/../lib/gcc/arm-none-eabi/6.3.1/../../../../arm-none-eabi/lib/thumb/v6-m\libc_nano.a(lib_a-findfp.o)
                0x000021f4                __sf_fake_stderr
 .rodata.__sf_fake_stdin
                0x00002214       0x20 e:/program files (x86)/atmel/studio/7.0/toolchain/arm/arm-gnu-toolchain/bin/../lib/gcc/arm-none-eabi/6.3.1/../../../../arm-none-eabi/lib/thumb/v6-m\libc_nano.a(lib_a-findfp.o)
                0x00002214                __sf_fake_stdin
 .rodata.__sf_fake_stdout
                0x00002234       0x20 e:/program files (x86)/atmel/studio/7.0/toolchain/arm/arm-gnu-toolchain/bin/../lib/gcc/arm-none-eabi/6.3.1/../../../../arm-none-eabi/lib/thumb/v6-m\libc_nano.a(lib_a-findfp.o)
                0x00002234                __sf_fake_stdout
 *(.ARM.extab* .gnu.linkonce.armextab.*)
                0x00002254                . = ALIGN (0x4)
 *(.init)
 .init          0x00002254        0x4 e:/program files (x86)/atmel/studio/7.0/toolchain/arm/arm-gnu-toolchain/bin/../lib/gcc/arm-none-eabi/6.3.1/thumb/v6-m/crti.o
                0x00002254                _init
 .init          0x00002258        0x8 e:/program files (x86)/atmel/studio/7.0/toolchain/arm/arm-gnu-toolchain/bin/../lib/gcc/arm-none-eabi/6.3.1/thumb/v6-m/crtn.o
                0x00002260                . = ALIGN (0x4)
                0x00002260                __preinit_array_start = .
 *(.preinit_array)
                0x00002260                __preinit_array_end = .
                0x00002260                . = ALIGN (0x4)
                0x00002260                __init_array_start = .
 *(SORT(.init_array.*))
 *(.init_array)
 .init_array    0x00002260        0x4 e:/program files (x86)/atmel/studio/7.0/toolchain/arm/arm-gnu-toolchain/bin/../lib/gcc/arm-none-eabi/6.3.1/thumb/v6-m/crtbegin.o
                0x00002264                __init_array_end = .
                0x00002264                . = ALIGN (0x4)
 *crtbegin.o(.ctors)
 *(EXCLUDE_FILE(*crtend.o) .ctors)
 *(SORT(.ctors.*))
 *crtend.o(.ctors)
                0x00002264                . = ALIGN (0x4)
 *(.fini)
 .fini          0x00002264        0x4 e:/program files (x86)/atmel/studio/7.0/toolchain/arm/arm-gnu-toolchain/bin/../lib/gcc/arm-none-eabi/6.3.1/thumb/v6-m/crti.o
                0x00002264                _fini
 .fini          0x00002268        0x8 e:/program files (x86)/atmel/studio/7.0/toolchain/arm/arm-gnu-toolchain/bin/../lib/gcc/arm-none-eabi/6.3.1/thumb/v6-m/crtn.o
                0x00002270                . = ALIGN (0x4)
                0x00002270                __fini_array_start = .
 *(.fini_array)
 .fini_array    0x00002270        0x4 e:/program files (x86)/atmel/studio/7.0/toolchain/arm/arm-gnu-toolchain/bin/../lib/gcc/arm-none-eabi/6.3.1/thumb/v6-m/crtbegin.o
 *(SORT(.fini_array.*))
                0x00002274                __fini_array_end = .
 *crtbegin.o(.dtors)
 *(EXCLUDE_FILE(*crtend.o) .dtors)
 *(SORT(.dtors.*))
 *crtend.o(.dtors)
                0x00002274                . = ALIGN (0x4)
                0x00002274                _efixed = .
                [!provide]                PROVIDE (__exidx_start, .)

.vfp11_veneer   0x00002274        0x0
 .vfp11_veneer  0x00002274        0x0 linker stubs

.v4_bx          0x00002274        0x0
 .v4_bx         0x00002274        0x0 linker stubs

.iplt           0x00002274        0x0
 .iplt          0x00002274        0x0 e:/program files (x86)/atmel/studio/7.0/toolchain/arm/arm-gnu-toolchain/bin/../lib/gcc/arm-none-eabi/6.3.1/thumb/v6-m/crtbegin.o

.eh_frame       0x00002274        0x0
 .eh_frame      0x00002274        0x0 e:/program files (x86)/atmel/studio/7.0/toolchain/arm/arm-gnu-toolchain/bin/../lib/gcc/arm-none-eabi/6.3.1/thumb/v6-m/crtbegin.o

.rel.dyn        0x00002274        0x0
 .rel.iplt      0x00002274        0x0 e:/program files (x86)/atmel/studio/7.0/toolchain/arm/arm-gnu-toolchain/bin/../lib/gcc/arm-none-eabi/6.3.1/thumb/v6-m/crtbegin.o

.jcr            0x00002274        0x0
 .jcr           0x00002274        0x0 e:/program files (x86)/atmel/studio/7.0/toolchain/arm/arm-gnu-toolchain/bin/../lib/gcc/arm-none-eabi/6.3.1/thumb/v6-m/crtbegin.o

.igot.plt       0x00002274        0x0
 .igot.plt      0x00002274        0x0 e:/program files (x86)/atmel/studio/7.0/toolchain/arm/arm-gnu-toolchain/bin/../lib/gcc/arm-none-eabi/6.3.1/thumb/v6-m/crtbegin.o

.ARM.exidx
 *(.ARM.exidx* .gnu.linkonce.armexidx.*)
                [!provide]                PROVIDE (__exidx_end, .)
                0x00002274                . = ALIGN (0x4)
                0x00002274                _etext = .

.relocate       0x20000000       0x68 load address 0x00002274
                0x20000000                . = ALIGN (0x4)
                0x20000000                _srelocate = .
 *(.ramfunc .ramfunc.*)
 *(.data .data.*)
 .data.g_interrupt_enabled
                0x20000000        0x1 src/ASF/common/utils/interrupt/interrupt_sam_nvic.o
                0x20000000                g_interrupt_enabled
 *fill*         0x20000001        0x3 
 .data._impure_ptr
                0x20000004        0x4 e:/program files (x86)/atmel/studio/7.0/toolchain/arm/arm-gnu-toolchain/bin/../lib/gcc/arm-none-eabi/6.3.1/../../../../arm-none-eabi/lib/thumb/v6-m\libc_nano.a(lib_a-impure.o)
                0x20000004                _impure_ptr
 .data.impure_data
                0x20000008       0x60 e:/program files (x86)/atmel/studio/7.0/toolchain/arm/arm-gnu-toolchain/bin/../lib/gcc/arm-none-eabi/6.3.1/../../../../arm-none-eabi/lib/thumb/v6-m\libc_nano.a(lib_a-impure.o)
                0x20000068                . = ALIGN (0x4)
                0x20000068                _erelocate = .

.bss            0x20000068      0x100 load address 0x000022dc
                0x20000068                . = ALIGN (0x4)
                0x20000068                _sbss = .
                0x20000068                _szero = .
 *(.bss .bss.*)
 .bss           0x20000068       0x1c e:/program files (x86)/atmel/studio/7.0/toolchain/arm/arm-gnu-toolchain/bin/../lib/gcc/arm-none-eabi/6.3.1/thumb/v6-m/crtbegin.o
 .bss._sercom_config
                0x20000084        0x2 src/ASF/sam0/drivers/sercom/sercom.o
 .bss._handler_table_initialized
                0x20000086        0x1 src/ASF/sam0/drivers/sercom/sercom_interrupt.o
 *fill*         0x20000087        0x1 
 .bss._sercom_interrupt_handlers
                0x20000088       0x18 src/ASF/sam0/drivers/sercom/sercom_interrupt.o
 .bss.cpu_irq_critical_section_counter
                0x200000a0        0x4 src/ASF/common/utils/interrupt/interrupt_sam_nvic.o
 .bss.cpu_irq_prev_interrupt_state
                0x200000a4        0x1 src/ASF/common/utils/interrupt/interrupt_sam_nvic.o
 *fill*         0x200000a5        0x3 
 .bss._system_clock_inst
                0x200000a8       0x18 src/ASF/sam0/drivers/system/clock/clock_samd21_r21_da/clock.o
 .bss.heap.5296
                0x200000c0        0x4 src/ASF/sam0/utils/syscalls/gcc/syscalls.o
 .bss.__malloc_free_list
                0x200000c4        0x4 e:/program files (x86)/atmel/studio/7.0/toolchain/arm/arm-gnu-toolchain/bin/../lib/gcc/arm-none-eabi/6.3.1/../../../../arm-none-eabi/lib/thumb/v6-m\libc_nano.a(lib_a-nano-mallocr.o)
                0x200000c4                __malloc_free_list
 .bss.__malloc_sbrk_start
                0x200000c8        0x4 e:/program files (x86)/atmel/studio/7.0/toolchain/arm/arm-gnu-toolchain/bin/../lib/gcc/arm-none-eabi/6.3.1/../../../../arm-none-eabi/lib/thumb/v6-m\libc_nano.a(lib_a-nano-mallocr.o)
                0x200000c8                __malloc_sbrk_start
 *(COMMON)
 COMMON         0x200000cc        0x4 src/ASF/sam0/utils/stdio/read.o
                0x200000cc                ptr_get
 COMMON         0x200000d0        0x8 src/ASF/sam0/utils/stdio/write.o
                0x200000d0                ptr_put
                0x200000d4                stdio_base
 COMMON         0x200000d8       0x18 src/ASF/sam0/drivers/sercom/sercom_interrupt.o
                0x200000d8                _sercom_instances
 COMMON         0x200000f0       0x74 src/main.o
                0x200000f0                usart_instance
                0x20000124                usart_conf
 COMMON         0x20000164        0x4 e:/program files (x86)/atmel/studio/7.0/toolchain/arm/arm-gnu-toolchain/bin/../lib/gcc/arm-none-eabi/6.3.1/../../../../arm-none-eabi/lib/thumb/v6-m\libc_nano.a(lib_a-reent.o)
                0x20000164                errno
                0x20000168                . = ALIGN (0x4)
                0x20000168                _ebss = .
                0x20000168                _ezero = .

.stack          0x20000168     0x2000 load address 0x000023dc
                0x20000168                . = ALIGN (0x8)
                0x20000168                _sstack = .
                0x20002168                . = (. + STACK_SIZE)
 *fill*         0x20000168     0x2000 
                0x20002168                . = ALIGN (0x8)
                0x20002168                _estack = .
                0x20002168                . = ALIGN (0x4)
                0x20002168                _end = .
OUTPUT(STDIO_UART.elf elf32-littlearm)

.ARM.attributes
                0x00000000       0x28
 .ARM.attributes
                0x00000000       0x1e e:/program files (x86)/atmel/studio/7.0/toolchain/arm/arm-gnu-toolchain/bin/../lib/gcc/arm-none-eabi/6.3.1/thumb/v6-m/crti.o
 .ARM.attributes
                0x0000001e       0x2c e:/program files (x86)/atmel/studio/7.0/toolchain/arm/arm-gnu-toolchain/bin/../lib/gcc/arm-none-eabi/6.3.1/thumb/v6-m/crtbegin.o
 .ARM.attributes
                0x0000004a       0x32 src/ASF/sam0/drivers/sercom/sercom.o
 .ARM.attributes
                0x0000007c       0x32 src/ASF/sam0/utils/stdio/read.o
 .ARM.attributes
                0x000000ae       0x32 src/ASF/sam0/utils/stdio/write.o
 .ARM.attributes
                0x000000e0       0x32 src/ASF/sam0/drivers/sercom/usart/usart.o
 .ARM.attributes
                0x00000112       0x32 src/ASF/sam0/drivers/sercom/usart/usart_interrupt.o
 .ARM.attributes
                0x00000144       0x32 src/ASF/sam0/drivers/sercom/sercom_interrupt.o
 .ARM.attributes
                0x00000176       0x32 src/ASF/common/utils/interrupt/interrupt_sam_nvic.o
 .ARM.attributes
                0x000001a8       0x32 src/ASF/sam0/boards/samd21_xplained_pro/board_init.o
 .ARM.attributes
                0x000001da       0x32 src/ASF/sam0/drivers/port/port.o
 .ARM.attributes
                0x0000020c       0x32 src/ASF/sam0/drivers/system/clock/clock_samd21_r21_da/clock.o
 .ARM.attributes
                0x0000023e       0x32 src/ASF/sam0/drivers/system/clock/clock_samd21_r21_da/gclk.o
 .ARM.attributes
                0x00000270       0x32 src/ASF/sam0/drivers/system/pinmux/pinmux.o
 .ARM.attributes
                0x000002a2       0x32 src/ASF/sam0/drivers/system/system.o
 .ARM.attributes
                0x000002d4       0x32 src/ASF/sam0/utils/cmsis/samd21/source/gcc/startup_samd21.o
 .ARM.attributes
                0x00000306       0x32 src/ASF/sam0/utils/syscalls/gcc/syscalls.o
 .ARM.attributes
                0x00000338       0x32 src/main.o
 .ARM.attributes
                0x0000036a       0x1e e:/program files (x86)/atmel/studio/7.0/toolchain/arm/arm-gnu-toolchain/bin/../lib/gcc/arm-none-eabi/6.3.1/thumb/v6-m\libgcc.a(_udivsi3.o)
 .ARM.attributes
                0x00000388       0x1e e:/program files (x86)/atmel/studio/7.0/toolchain/arm/arm-gnu-toolchain/bin/../lib/gcc/arm-none-eabi/6.3.1/thumb/v6-m\libgcc.a(_dvmd_tls.o)
 .ARM.attributes
                0x000003a6       0x2c e:/program files (x86)/atmel/studio/7.0/toolchain/arm/arm-gnu-toolchain/bin/../lib/gcc/arm-none-eabi/6.3.1/thumb/v6-m\libgcc.a(_muldi3.o)
 .ARM.attributes
                0x000003d2       0x2c e:/program files (x86)/atmel/studio/7.0/toolchain/arm/arm-gnu-toolchain/bin/../lib/gcc/arm-none-eabi/6.3.1/../../../../arm-none-eabi/lib/thumb/v6-m\libc_nano.a(lib_a-impure.o)
 .ARM.attributes
                0x000003fe       0x2c e:/program files (x86)/atmel/studio/7.0/toolchain/arm/arm-gnu-toolchain/bin/../lib/gcc/arm-none-eabi/6.3.1/../../../../arm-none-eabi/lib/thumb/v6-m\libc_nano.a(lib_a-init.o)
 .ARM.attributes
                0x0000042a       0x2c e:/program files (x86)/atmel/studio/7.0/toolchain/arm/arm-gnu-toolchain/bin/../lib/gcc/arm-none-eabi/6.3.1/../../../../arm-none-eabi/lib/thumb/v6-m\libc_nano.a(lib_a-memset.o)
 .ARM.attributes
                0x00000456       0x2c e:/program files (x86)/atmel/studio/7.0/toolchain/arm/arm-gnu-toolchain/bin/../lib/gcc/arm-none-eabi/6.3.1/../../../../arm-none-eabi/lib/thumb/v6-m\libc_nano.a(lib_a-puts.o)
 .ARM.attributes
                0x00000482       0x2c e:/program files (x86)/atmel/studio/7.0/toolchain/arm/arm-gnu-toolchain/bin/../lib/gcc/arm-none-eabi/6.3.1/../../../../arm-none-eabi/lib/thumb/v6-m\libc_nano.a(lib_a-setbuf.o)
 .ARM.attributes
                0x000004ae       0x2c e:/program files (x86)/atmel/studio/7.0/toolchain/arm/arm-gnu-toolchain/bin/../lib/gcc/arm-none-eabi/6.3.1/../../../../arm-none-eabi/lib/thumb/v6-m\libc_nano.a(lib_a-setvbuf.o)
 .ARM.attributes
                0x000004da       0x2c e:/program files (x86)/atmel/studio/7.0/toolchain/arm/arm-gnu-toolchain/bin/../lib/gcc/arm-none-eabi/6.3.1/../../../../arm-none-eabi/lib/thumb/v6-m\libc_nano.a(lib_a-wbuf.o)
 .ARM.attributes
                0x00000506       0x2c e:/program files (x86)/atmel/studio/7.0/toolchain/arm/arm-gnu-toolchain/bin/../lib/gcc/arm-none-eabi/6.3.1/../../../../arm-none-eabi/lib/thumb/v6-m\libc_nano.a(lib_a-wsetup.o)
 .ARM.attributes
                0x00000532       0x2c e:/program files (x86)/atmel/studio/7.0/toolchain/arm/arm-gnu-toolchain/bin/../lib/gcc/arm-none-eabi/6.3.1/../../../../arm-none-eabi/lib/thumb/v6-m\libc_nano.a(lib_a-fflush.o)
 .ARM.attributes
                0x0000055e       0x2c e:/program files (x86)/atmel/studio/7.0/toolchain/arm/arm-gnu-toolchain/bin/../lib/gcc/arm-none-eabi/6.3.1/../../../../arm-none-eabi/lib/thumb/v6-m\libc_nano.a(lib_a-findfp.o)
 .ARM.attributes
                0x0000058a       0x2c e:/program files (x86)/atmel/studio/7.0/toolchain/arm/arm-gnu-toolchain/bin/../lib/gcc/arm-none-eabi/6.3.1/../../../../arm-none-eabi/lib/thumb/v6-m\libc_nano.a(lib_a-fwalk.o)
 .ARM.attributes
                0x000005b6       0x2c e:/program files (x86)/atmel/studio/7.0/toolchain/arm/arm-gnu-toolchain/bin/../lib/gcc/arm-none-eabi/6.3.1/../../../../arm-none-eabi/lib/thumb/v6-m\libc_nano.a(lib_a-makebuf.o)
 .ARM.attributes
                0x000005e2       0x2c e:/program files (x86)/atmel/studio/7.0/toolchain/arm/arm-gnu-toolchain/bin/../lib/gcc/arm-none-eabi/6.3.1/../../../../arm-none-eabi/lib/thumb/v6-m\libc_nano.a(lib_a-malloc.o)
 .ARM.attributes
                0x0000060e       0x2c e:/program files (x86)/atmel/studio/7.0/toolchain/arm/arm-gnu-toolchain/bin/../lib/gcc/arm-none-eabi/6.3.1/../../../../arm-none-eabi/lib/thumb/v6-m\libc_nano.a(lib_a-nano-freer.o)
 .ARM.attributes
                0x0000063a       0x2c e:/program files (x86)/atmel/studio/7.0/toolchain/arm/arm-gnu-toolchain/bin/../lib/gcc/arm-none-eabi/6.3.1/../../../../arm-none-eabi/lib/thumb/v6-m\libc_nano.a(lib_a-nano-mallocr.o)
 .ARM.attributes
                0x00000666       0x2c e:/program files (x86)/atmel/studio/7.0/toolchain/arm/arm-gnu-toolchain/bin/../lib/gcc/arm-none-eabi/6.3.1/../../../../arm-none-eabi/lib/thumb/v6-m\libc_nano.a(lib_a-sbrkr.o)
 .ARM.attributes
                0x00000692       0x2c e:/program files (x86)/atmel/studio/7.0/toolchain/arm/arm-gnu-toolchain/bin/../lib/gcc/arm-none-eabi/6.3.1/../../../../arm-none-eabi/lib/thumb/v6-m\libc_nano.a(lib_a-stdio.o)
 .ARM.attributes
                0x000006be       0x2c e:/program files (x86)/atmel/studio/7.0/toolchain/arm/arm-gnu-toolchain/bin/../lib/gcc/arm-none-eabi/6.3.1/../../../../arm-none-eabi/lib/thumb/v6-m\libc_nano.a(lib_a-writer.o)
 .ARM.attributes
                0x000006ea       0x2c e:/program files (x86)/atmel/studio/7.0/toolchain/arm/arm-gnu-toolchain/bin/../lib/gcc/arm-none-eabi/6.3.1/../../../../arm-none-eabi/lib/thumb/v6-m\libc_nano.a(lib_a-closer.o)
 .ARM.attributes
                0x00000716       0x2c e:/program files (x86)/atmel/studio/7.0/toolchain/arm/arm-gnu-toolchain/bin/../lib/gcc/arm-none-eabi/6.3.1/../../../../arm-none-eabi/lib/thumb/v6-m\libc_nano.a(lib_a-fstatr.o)
 .ARM.attributes
                0x00000742       0x2c e:/program files (x86)/atmel/studio/7.0/toolchain/arm/arm-gnu-toolchain/bin/../lib/gcc/arm-none-eabi/6.3.1/../../../../arm-none-eabi/lib/thumb/v6-m\libc_nano.a(lib_a-isattyr.o)
 .ARM.attributes
                0x0000076e       0x2c e:/program files (x86)/atmel/studio/7.0/toolchain/arm/arm-gnu-toolchain/bin/../lib/gcc/arm-none-eabi/6.3.1/../../../../arm-none-eabi/lib/thumb/v6-m\libc_nano.a(lib_a-lseekr.o)
 .ARM.attributes
                0x0000079a       0x2c e:/program files (x86)/atmel/studio/7.0/toolchain/arm/arm-gnu-toolchain/bin/../lib/gcc/arm-none-eabi/6.3.1/../../../../arm-none-eabi/lib/thumb/v6-m\libc_nano.a(lib_a-mlock.o)
 .ARM.attributes
                0x000007c6       0x2c e:/program files (x86)/atmel/studio/7.0/toolchain/arm/arm-gnu-toolchain/bin/../lib/gcc/arm-none-eabi/6.3.1/../../../../arm-none-eabi/lib/thumb/v6-m\libc_nano.a(lib_a-readr.o)
 .ARM.attributes
                0x000007f2       0x2c e:/program files (x86)/atmel/studio/7.0/toolchain/arm/arm-gnu-toolchain/bin/../lib/gcc/arm-none-eabi/6.3.1/../../../../arm-none-eabi/lib/thumb/v6-m\libc_nano.a(lib_a-reent.o)
 .ARM.attributes
                0x0000081e       0x1e e:/program files (x86)/atmel/studio/7.0/toolchain/arm/arm-gnu-toolchain/bin/../lib/gcc/arm-none-eabi/6.3.1/thumb/v6-m/crtn.o

.comment        0x00000000       0x59
 .comment       0x00000000       0x59 src/ASF/sam0/drivers/sercom/sercom.o
                                 0x5a (size before relaxing)
 .comment       0x00000059       0x5a src/ASF/sam0/utils/stdio/read.o
 .comment       0x00000059       0x5a src/ASF/sam0/utils/stdio/write.o
 .comment       0x00000059       0x5a src/ASF/sam0/drivers/sercom/usart/usart.o
 .comment       0x00000059       0x5a src/ASF/sam0/drivers/sercom/usart/usart_interrupt.o
 .comment       0x00000059       0x5a src/ASF/sam0/drivers/sercom/sercom_interrupt.o
 .comment       0x00000059       0x5a src/ASF/common/utils/interrupt/interrupt_sam_nvic.o
 .comment       0x00000059       0x5a src/ASF/sam0/boards/samd21_xplained_pro/board_init.o
 .comment       0x00000059       0x5a src/ASF/sam0/drivers/port/port.o
 .comment       0x00000059       0x5a src/ASF/sam0/drivers/system/clock/clock_samd21_r21_da/clock.o
 .comment       0x00000059       0x5a src/ASF/sam0/drivers/system/clock/clock_samd21_r21_da/gclk.o
 .comment       0x00000059       0x5a src/ASF/sam0/drivers/system/pinmux/pinmux.o
 .comment       0x00000059       0x5a src/ASF/sam0/drivers/system/system.o
 .comment       0x00000059       0x5a src/ASF/sam0/utils/cmsis/samd21/source/gcc/startup_samd21.o
 .comment       0x00000059       0x5a src/ASF/sam0/utils/syscalls/gcc/syscalls.o
 .comment       0x00000059       0x5a src/main.o

.debug_info     0x00000000    0x2154c
 .debug_info    0x00000000     0x2e28 src/ASF/sam0/drivers/sercom/sercom.o
 .debug_info    0x00002e28      0xacf src/ASF/sam0/utils/stdio/read.o
 .debug_info    0x000038f7      0xacc src/ASF/sam0/utils/stdio/write.o
 .debug_info    0x000043c3     0x4ad5 src/ASF/sam0/drivers/sercom/usart/usart.o
 .debug_info    0x00008e98     0x304b src/ASF/sam0/drivers/sercom/usart/usart_interrupt.o
 .debug_info    0x0000bee3     0x2bea src/ASF/sam0/drivers/sercom/sercom_interrupt.o
 .debug_info    0x0000eacd      0xb07 src/ASF/common/utils/interrupt/interrupt_sam_nvic.o
 .debug_info    0x0000f5d4     0x12af src/ASF/sam0/boards/samd21_xplained_pro/board_init.o
 .debug_info    0x00010883     0x12b8 src/ASF/sam0/drivers/port/port.o
 .debug_info    0x00011b3b     0x37cf src/ASF/sam0/drivers/system/clock/clock_samd21_r21_da/clock.o
 .debug_info    0x0001530a     0x1ee6 src/ASF/sam0/drivers/system/clock/clock_samd21_r21_da/gclk.o
 .debug_info    0x000171f0     0x13f7 src/ASF/sam0/drivers/system/pinmux/pinmux.o
 .debug_info    0x000185e7      0xa73 src/ASF/sam0/drivers/system/system.o
 .debug_info    0x0001905a     0x3a42 src/ASF/sam0/utils/cmsis/samd21/source/gcc/startup_samd21.o
 .debug_info    0x0001ca9c      0xdca src/ASF/sam0/utils/syscalls/gcc/syscalls.o
 .debug_info    0x0001d866     0x3ce6 src/main.o

.debug_abbrev   0x00000000     0x3159
 .debug_abbrev  0x00000000      0x3aa src/ASF/sam0/drivers/sercom/sercom.o
 .debug_abbrev  0x000003aa      0x218 src/ASF/sam0/utils/stdio/read.o
 .debug_abbrev  0x000005c2      0x203 src/ASF/sam0/utils/stdio/write.o
 .debug_abbrev  0x000007c5      0x477 src/ASF/sam0/drivers/sercom/usart/usart.o
 .debug_abbrev  0x00000c3c      0x416 src/ASF/sam0/drivers/sercom/usart/usart_interrupt.o
 .debug_abbrev  0x00001052      0x2d8 src/ASF/sam0/drivers/sercom/sercom_interrupt.o
 .debug_abbrev  0x0000132a      0x22c src/ASF/common/utils/interrupt/interrupt_sam_nvic.o
 .debug_abbrev  0x00001556      0x2dc src/ASF/sam0/boards/samd21_xplained_pro/board_init.o
 .debug_abbrev  0x00001832      0x298 src/ASF/sam0/drivers/port/port.o
 .debug_abbrev  0x00001aca      0x465 src/ASF/sam0/drivers/system/clock/clock_samd21_r21_da/clock.o
 .debug_abbrev  0x00001f2f      0x3f1 src/ASF/sam0/drivers/system/clock/clock_samd21_r21_da/gclk.o
 .debug_abbrev  0x00002320      0x37b src/ASF/sam0/drivers/system/pinmux/pinmux.o
 .debug_abbrev  0x0000269b      0x1e1 src/ASF/sam0/drivers/system/system.o
 .debug_abbrev  0x0000287c      0x234 src/ASF/sam0/utils/cmsis/samd21/source/gcc/startup_samd21.o
 .debug_abbrev  0x00002ab0      0x25a src/ASF/sam0/utils/syscalls/gcc/syscalls.o
 .debug_abbrev  0x00002d0a      0x44f src/main.o

.debug_loc      0x00000000     0x4071
 .debug_loc     0x00000000      0xabb src/ASF/sam0/drivers/sercom/sercom.o
 .debug_loc     0x00000abb       0xca src/ASF/sam0/utils/stdio/read.o
 .debug_loc     0x00000b85      0x130 src/ASF/sam0/utils/stdio/write.o
 .debug_loc     0x00000cb5      0xe04 src/ASF/sam0/drivers/sercom/usart/usart.o
 .debug_loc     0x00001ab9      0x711 src/ASF/sam0/drivers/sercom/usart/usart_interrupt.o
 .debug_loc     0x000021ca      0x161 src/ASF/sam0/drivers/sercom/sercom_interrupt.o
 .debug_loc     0x0000232b       0x8b src/ASF/sam0/boards/samd21_xplained_pro/board_init.o
 .debug_loc     0x000023b6      0x13d src/ASF/sam0/drivers/port/port.o
 .debug_loc     0x000024f3      0xef6 src/ASF/sam0/drivers/system/clock/clock_samd21_r21_da/clock.o
 .debug_loc     0x000033e9      0x504 src/ASF/sam0/drivers/system/clock/clock_samd21_r21_da/gclk.o
 .debug_loc     0x000038ed      0x36d src/ASF/sam0/drivers/system/pinmux/pinmux.o
 .debug_loc     0x00003c5a       0x20 src/ASF/sam0/drivers/system/system.o
 .debug_loc     0x00003c7a       0x40 src/ASF/sam0/utils/cmsis/samd21/source/gcc/startup_samd21.o
 .debug_loc     0x00003cba      0x13b src/ASF/sam0/utils/syscalls/gcc/syscalls.o
 .debug_loc     0x00003df5      0x27c src/main.o

.debug_aranges  0x00000000      0x418
 .debug_aranges
                0x00000000       0x40 src/ASF/sam0/drivers/sercom/sercom.o
 .debug_aranges
                0x00000040       0x20 src/ASF/sam0/utils/stdio/read.o
 .debug_aranges
                0x00000060       0x20 src/ASF/sam0/utils/stdio/write.o
 .debug_aranges
                0x00000080       0x40 src/ASF/sam0/drivers/sercom/usart/usart.o
 .debug_aranges
                0x000000c0       0x70 src/ASF/sam0/drivers/sercom/usart/usart_interrupt.o
 .debug_aranges
                0x00000130       0x60 src/ASF/sam0/drivers/sercom/sercom_interrupt.o
 .debug_aranges
                0x00000190       0x28 src/ASF/common/utils/interrupt/interrupt_sam_nvic.o
 .debug_aranges
                0x000001b8       0x20 src/ASF/sam0/boards/samd21_xplained_pro/board_init.o
 .debug_aranges
                0x000001d8       0x28 src/ASF/sam0/drivers/port/port.o
 .debug_aranges
                0x00000200       0x78 src/ASF/sam0/drivers/system/clock/clock_samd21_r21_da/clock.o
 .debug_aranges
                0x00000278       0x80 src/ASF/sam0/drivers/system/clock/clock_samd21_r21_da/gclk.o
 .debug_aranges
                0x000002f8       0x40 src/ASF/sam0/drivers/system/pinmux/pinmux.o
 .debug_aranges
                0x00000338       0x28 src/ASF/sam0/drivers/system/system.o
 .debug_aranges
                0x00000360       0x28 src/ASF/sam0/utils/cmsis/samd21/source/gcc/startup_samd21.o
 .debug_aranges
                0x00000388       0x60 src/ASF/sam0/utils/syscalls/gcc/syscalls.o
 .debug_aranges
                0x000003e8       0x30 src/main.o

.debug_ranges   0x00000000      0x490
 .debug_ranges  0x00000000       0x68 src/ASF/sam0/drivers/sercom/sercom.o
 .debug_ranges  0x00000068       0x10 src/ASF/sam0/utils/stdio/read.o
 .debug_ranges  0x00000078       0x10 src/ASF/sam0/utils/stdio/write.o
 .debug_ranges  0x00000088      0x140 src/ASF/sam0/drivers/sercom/usart/usart.o
 .debug_ranges  0x000001c8       0x60 src/ASF/sam0/drivers/sercom/usart/usart_interrupt.o
 .debug_ranges  0x00000228       0x50 src/ASF/sam0/drivers/sercom/sercom_interrupt.o
 .debug_ranges  0x00000278       0x18 src/ASF/common/utils/interrupt/interrupt_sam_nvic.o
 .debug_ranges  0x00000290       0x10 src/ASF/sam0/boards/samd21_xplained_pro/board_init.o
 .debug_ranges  0x000002a0       0x18 src/ASF/sam0/drivers/port/port.o
 .debug_ranges  0x000002b8       0x68 src/ASF/sam0/drivers/system/clock/clock_samd21_r21_da/clock.o
 .debug_ranges  0x00000320       0x88 src/ASF/sam0/drivers/system/clock/clock_samd21_r21_da/gclk.o
 .debug_ranges  0x000003a8       0x30 src/ASF/sam0/drivers/system/pinmux/pinmux.o
 .debug_ranges  0x000003d8       0x18 src/ASF/sam0/drivers/system/system.o
 .debug_ranges  0x000003f0       0x18 src/ASF/sam0/utils/cmsis/samd21/source/gcc/startup_samd21.o
 .debug_ranges  0x00000408       0x50 src/ASF/sam0/utils/syscalls/gcc/syscalls.o
 .debug_ranges  0x00000458       0x38 src/main.o

.debug_macro    0x00000000    0x1a451
 .debug_macro   0x00000000      0x5a0 src/ASF/sam0/drivers/sercom/sercom.o
 .debug_macro   0x000005a0      0x8b6 src/ASF/sam0/drivers/sercom/sercom.o
 .debug_macro   0x00000e56      0x16d src/ASF/sam0/drivers/sercom/sercom.o
 .debug_macro   0x00000fc3      0x644 src/ASF/sam0/drivers/sercom/sercom.o
 .debug_macro   0x00001607       0x22 src/ASF/sam0/drivers/sercom/sercom.o
 .debug_macro   0x00001629       0x87 src/ASF/sam0/drivers/sercom/sercom.o
 .debug_macro   0x000016b0       0x51 src/ASF/sam0/drivers/sercom/sercom.o
 .debug_macro   0x00001701       0xef src/ASF/sam0/drivers/sercom/sercom.o
 .debug_macro   0x000017f0       0x6a src/ASF/sam0/drivers/sercom/sercom.o
 .debug_macro   0x0000185a      0x1df src/ASF/sam0/drivers/sercom/sercom.o
 .debug_macro   0x00001a39       0x10 src/ASF/sam0/drivers/sercom/sercom.o
 .debug_macro   0x00001a49       0x76 src/ASF/sam0/drivers/sercom/sercom.o
 .debug_macro   0x00001abf       0x16 src/ASF/sam0/drivers/sercom/sercom.o
 .debug_macro   0x00001ad5      0x6e5 src/ASF/sam0/drivers/sercom/sercom.o
 .debug_macro   0x000021ba      0xde2 src/ASF/sam0/drivers/sercom/sercom.o
 .debug_macro   0x00002f9c       0x22 src/ASF/sam0/drivers/sercom/sercom.o
 .debug_macro   0x00002fbe       0x40 src/ASF/sam0/drivers/sercom/sercom.o
 .debug_macro   0x00002ffe       0x3a src/ASF/sam0/drivers/sercom/sercom.o
 .debug_macro   0x00003038       0x1f src/ASF/sam0/drivers/sercom/sercom.o
 .debug_macro   0x00003057      0x250 src/ASF/sam0/drivers/sercom/sercom.o
 .debug_macro   0x000032a7      0x682 src/ASF/sam0/drivers/sercom/sercom.o
 .debug_macro   0x00003929      0x8c1 src/ASF/sam0/drivers/sercom/sercom.o
 .debug_macro   0x000041ea      0x235 src/ASF/sam0/drivers/sercom/sercom.o
 .debug_macro   0x0000441f      0xd66 src/ASF/sam0/drivers/sercom/sercom.o
 .debug_macro   0x00005185      0x4ce src/ASF/sam0/drivers/sercom/sercom.o
 .debug_macro   0x00005653      0x9fb src/ASF/sam0/drivers/sercom/sercom.o
 .debug_macro   0x0000604e      0x82e src/ASF/sam0/drivers/sercom/sercom.o
 .debug_macro   0x0000687c      0x462 src/ASF/sam0/drivers/sercom/sercom.o
 .debug_macro   0x00006cde       0x5e src/ASF/sam0/drivers/sercom/sercom.o
 .debug_macro   0x00006d3c      0x907 src/ASF/sam0/drivers/sercom/sercom.o
 .debug_macro   0x00007643      0x226 src/ASF/sam0/drivers/sercom/sercom.o
 .debug_macro   0x00007869      0x9d3 src/ASF/sam0/drivers/sercom/sercom.o
 .debug_macro   0x0000823c       0x5e src/ASF/sam0/drivers/sercom/sercom.o
 .debug_macro   0x0000829a      0x682 src/ASF/sam0/drivers/sercom/sercom.o
 .debug_macro   0x0000891c      0x3b8 src/ASF/sam0/drivers/sercom/sercom.o
 .debug_macro   0x00008cd4      0xc55 src/ASF/sam0/drivers/sercom/sercom.o
 .debug_macro   0x00009929     0x1093 src/ASF/sam0/drivers/sercom/sercom.o
 .debug_macro   0x0000a9bc      0xc4a src/ASF/sam0/drivers/sercom/sercom.o
 .debug_macro   0x0000b606      0x6c2 src/ASF/sam0/drivers/sercom/sercom.o
 .debug_macro   0x0000bcc8     0x1b4e src/ASF/sam0/drivers/sercom/sercom.o
 .debug_macro   0x0000d816     0x144d src/ASF/sam0/drivers/sercom/sercom.o
 .debug_macro   0x0000ec63      0x351 src/ASF/sam0/drivers/sercom/sercom.o
 .debug_macro   0x0000efb4       0x7c src/ASF/sam0/drivers/sercom/sercom.o
 .debug_macro   0x0000f030       0xa0 src/ASF/sam0/drivers/sercom/sercom.o
 .debug_macro   0x0000f0d0       0x4c src/ASF/sam0/drivers/sercom/sercom.o
 .debug_macro   0x0000f11c       0xca src/ASF/sam0/drivers/sercom/sercom.o
 .debug_macro   0x0000f1e6       0x94 src/ASF/sam0/drivers/sercom/sercom.o
 .debug_macro   0x0000f27a       0x58 src/ASF/sam0/drivers/sercom/sercom.o
 .debug_macro   0x0000f2d2      0x38a src/ASF/sam0/drivers/sercom/sercom.o
 .debug_macro   0x0000f65c       0x82 src/ASF/sam0/drivers/sercom/sercom.o
 .debug_macro   0x0000f6de      0x19a src/ASF/sam0/drivers/sercom/sercom.o
 .debug_macro   0x0000f878       0xb8 src/ASF/sam0/drivers/sercom/sercom.o
 .debug_macro   0x0000f930       0xa0 src/ASF/sam0/drivers/sercom/sercom.o
 .debug_macro   0x0000f9d0       0xbe src/ASF/sam0/drivers/sercom/sercom.o
 .debug_macro   0x0000fa8e       0x1c src/ASF/sam0/drivers/sercom/sercom.o
 .debug_macro   0x0000faaa       0x1c src/ASF/sam0/drivers/sercom/sercom.o
 .debug_macro   0x0000fac6       0x1c src/ASF/sam0/drivers/sercom/sercom.o
 .debug_macro   0x0000fae2       0x82 src/ASF/sam0/drivers/sercom/sercom.o
 .debug_macro   0x0000fb64      0x164 src/ASF/sam0/drivers/sercom/sercom.o
 .debug_macro   0x0000fcc8       0xdc src/ASF/sam0/drivers/sercom/sercom.o
 .debug_macro   0x0000fda4      0x132 src/ASF/sam0/drivers/sercom/sercom.o
 .debug_macro   0x0000fed6      0x132 src/ASF/sam0/drivers/sercom/sercom.o
 .debug_macro   0x00010008      0x132 src/ASF/sam0/drivers/sercom/sercom.o
 .debug_macro   0x0001013a      0x132 src/ASF/sam0/drivers/sercom/sercom.o
 .debug_macro   0x0001026c      0x132 src/ASF/sam0/drivers/sercom/sercom.o
 .debug_macro   0x0001039e      0x132 src/ASF/sam0/drivers/sercom/sercom.o
 .debug_macro   0x000104d0      0x11e src/ASF/sam0/drivers/sercom/sercom.o
 .debug_macro   0x000105ee       0xe2 src/ASF/sam0/drivers/sercom/sercom.o
 .debug_macro   0x000106d0       0xe2 src/ASF/sam0/drivers/sercom/sercom.o
 .debug_macro   0x000107b2       0xe2 src/ASF/sam0/drivers/sercom/sercom.o
 .debug_macro   0x00010894       0xe2 src/ASF/sam0/drivers/sercom/sercom.o
 .debug_macro   0x00010976       0xe2 src/ASF/sam0/drivers/sercom/sercom.o
 .debug_macro   0x00010a58      0x136 src/ASF/sam0/drivers/sercom/sercom.o
 .debug_macro   0x00010b8e      0x106 src/ASF/sam0/drivers/sercom/sercom.o
 .debug_macro   0x00010c94       0xfa src/ASF/sam0/drivers/sercom/sercom.o
 .debug_macro   0x00010d8e      0x40f src/ASF/sam0/drivers/sercom/sercom.o
 .debug_macro   0x0001119d       0x40 src/ASF/sam0/drivers/sercom/sercom.o
 .debug_macro   0x000111dd      0x37d src/ASF/sam0/drivers/sercom/sercom.o
 .debug_macro   0x0001155a     0x1e5c src/ASF/sam0/drivers/sercom/sercom.o
 .debug_macro   0x000133b6       0x51 src/ASF/sam0/drivers/sercom/sercom.o
 .debug_macro   0x00013407       0x58 src/ASF/sam0/drivers/sercom/sercom.o
 .debug_macro   0x0001345f       0x35 src/ASF/sam0/drivers/sercom/sercom.o
 .debug_macro   0x00013494       0x9c src/ASF/sam0/drivers/sercom/sercom.o
 .debug_macro   0x00013530       0x16 src/ASF/sam0/drivers/sercom/sercom.o
 .debug_macro   0x00013546       0x35 src/ASF/sam0/drivers/sercom/sercom.o
 .debug_macro   0x0001357b      0x353 src/ASF/sam0/drivers/sercom/sercom.o
 .debug_macro   0x000138ce       0x10 src/ASF/sam0/drivers/sercom/sercom.o
 .debug_macro   0x000138de       0x58 src/ASF/sam0/drivers/sercom/sercom.o
 .debug_macro   0x00013936       0x1f src/ASF/sam0/drivers/sercom/sercom.o
 .debug_macro   0x00013955       0x43 src/ASF/sam0/drivers/sercom/sercom.o
 .debug_macro   0x00013998       0x20 src/ASF/sam0/drivers/sercom/sercom.o
 .debug_macro   0x000139b8      0x187 src/ASF/sam0/drivers/sercom/sercom.o
 .debug_macro   0x00013b3f       0x10 src/ASF/sam0/drivers/sercom/sercom.o
 .debug_macro   0x00013b4f       0x1c src/ASF/sam0/drivers/sercom/sercom.o
 .debug_macro   0x00013b6b       0x52 src/ASF/sam0/drivers/sercom/sercom.o
 .debug_macro   0x00013bbd       0x40 src/ASF/sam0/drivers/sercom/sercom.o
 .debug_macro   0x00013bfd       0x10 src/ASF/sam0/drivers/sercom/sercom.o
 .debug_macro   0x00013c0d       0x40 src/ASF/sam0/drivers/sercom/sercom.o
 .debug_macro   0x00013c4d       0xd7 src/ASF/sam0/drivers/sercom/sercom.o
 .debug_macro   0x00013d24       0x16 src/ASF/sam0/drivers/sercom/sercom.o
 .debug_macro   0x00013d3a      0x18b src/ASF/sam0/drivers/sercom/sercom.o
 .debug_macro   0x00013ec5       0x16 src/ASF/sam0/drivers/sercom/sercom.o
 .debug_macro   0x00013edb       0x16 src/ASF/sam0/drivers/sercom/sercom.o
 .debug_macro   0x00013ef1       0x29 src/ASF/sam0/drivers/sercom/sercom.o
 .debug_macro   0x00013f1a       0x51 src/ASF/sam0/drivers/sercom/sercom.o
 .debug_macro   0x00013f6b       0x3f src/ASF/sam0/drivers/sercom/sercom.o
 .debug_macro   0x00013faa      0x3df src/ASF/sam0/drivers/sercom/sercom.o
 .debug_macro   0x00014389       0x11 src/ASF/sam0/drivers/sercom/sercom.o
 .debug_macro   0x0001439a       0x18 src/ASF/sam0/drivers/sercom/sercom.o
 .debug_macro   0x000143b2       0x2e src/ASF/sam0/drivers/sercom/sercom.o
 .debug_macro   0x000143e0       0xb2 src/ASF/sam0/drivers/sercom/sercom.o
 .debug_macro   0x00014492       0x10 src/ASF/sam0/drivers/sercom/sercom.o
 .debug_macro   0x000144a2      0x512 src/ASF/sam0/utils/stdio/read.o
 .debug_macro   0x000149b4      0x512 src/ASF/sam0/utils/stdio/write.o
 .debug_macro   0x00014ec6      0x5b1 src/ASF/sam0/drivers/sercom/usart/usart.o
 .debug_macro   0x00015477       0x51 src/ASF/sam0/drivers/sercom/usart/usart.o
 .debug_macro   0x000154c8      0x5b1 src/ASF/sam0/drivers/sercom/usart/usart_interrupt.o
 .debug_macro   0x00015a79      0x59d src/ASF/sam0/drivers/sercom/sercom_interrupt.o
 .debug_macro   0x00016016      0x512 src/ASF/common/utils/interrupt/interrupt_sam_nvic.o
 .debug_macro   0x00016528      0x54e src/ASF/sam0/boards/samd21_xplained_pro/board_init.o
 .debug_macro   0x00016a76      0x2aa src/ASF/sam0/boards/samd21_xplained_pro/board_init.o
 .debug_macro   0x00016d20      0x9f7 src/ASF/sam0/boards/samd21_xplained_pro/board_init.o
 .debug_macro   0x00017717       0x12 src/ASF/sam0/boards/samd21_xplained_pro/board_init.o
 .debug_macro   0x00017729      0x52c src/ASF/sam0/drivers/port/port.o
 .debug_macro   0x00017c55      0x584 src/ASF/sam0/drivers/system/clock/clock_samd21_r21_da/clock.o
 .debug_macro   0x000181d9      0x29d src/ASF/sam0/drivers/system/clock/clock_samd21_r21_da/clock.o
 .debug_macro   0x00018476      0x548 src/ASF/sam0/drivers/system/clock/clock_samd21_r21_da/gclk.o
 .debug_macro   0x000189be      0x522 src/ASF/sam0/drivers/system/pinmux/pinmux.o
 .debug_macro   0x00018ee0       0x12 src/ASF/sam0/drivers/system/pinmux/pinmux.o
 .debug_macro   0x00018ef2      0x556 src/ASF/sam0/drivers/system/system.o
 .debug_macro   0x00019448      0x2f9 src/ASF/sam0/utils/cmsis/samd21/source/gcc/startup_samd21.o
 .debug_macro   0x00019741       0x3a src/ASF/sam0/utils/cmsis/samd21/source/gcc/startup_samd21.o
 .debug_macro   0x0001977b      0x1d6 src/ASF/sam0/utils/syscalls/gcc/syscalls.o
 .debug_macro   0x00019951       0x52 src/ASF/sam0/utils/syscalls/gcc/syscalls.o
 .debug_macro   0x000199a3       0x8d src/ASF/sam0/utils/syscalls/gcc/syscalls.o
 .debug_macro   0x00019a30       0x57 src/ASF/sam0/utils/syscalls/gcc/syscalls.o
 .debug_macro   0x00019a87       0x97 src/ASF/sam0/utils/syscalls/gcc/syscalls.o
 .debug_macro   0x00019b1e       0xf6 src/ASF/sam0/utils/syscalls/gcc/syscalls.o
 .debug_macro   0x00019c14       0x4c src/ASF/sam0/utils/syscalls/gcc/syscalls.o
 .debug_macro   0x00019c60       0x16 src/ASF/sam0/utils/syscalls/gcc/syscalls.o
 .debug_macro   0x00019c76       0x10 src/ASF/sam0/utils/syscalls/gcc/syscalls.o
 .debug_macro   0x00019c86       0x10 src/ASF/sam0/utils/syscalls/gcc/syscalls.o
 .debug_macro   0x00019c96       0x35 src/ASF/sam0/utils/syscalls/gcc/syscalls.o
 .debug_macro   0x00019ccb      0x122 src/ASF/sam0/utils/syscalls/gcc/syscalls.o
 .debug_macro   0x00019ded      0x60d src/main.o
 .debug_macro   0x0001a3fa       0x57 src/main.o

.debug_line     0x00000000     0xa1f1
 .debug_line    0x00000000      0xbf1 src/ASF/sam0/drivers/sercom/sercom.o
 .debug_line    0x00000bf1      0x8b5 src/ASF/sam0/utils/stdio/read.o
 .debug_line    0x000014a6      0x8a9 src/ASF/sam0/utils/stdio/write.o
 .debug_line    0x00001d4f      0xd40 src/ASF/sam0/drivers/sercom/usart/usart.o
 .debug_line    0x00002a8f      0xcce src/ASF/sam0/drivers/sercom/usart/usart_interrupt.o
 .debug_line    0x0000375d      0xb79 src/ASF/sam0/drivers/sercom/sercom_interrupt.o
 .debug_line    0x000042d6      0x8d8 src/ASF/common/utils/interrupt/interrupt_sam_nvic.o
 .debug_line    0x00004bae      0x97f src/ASF/sam0/boards/samd21_xplained_pro/board_init.o
 .debug_line    0x0000552d      0x904 src/ASF/sam0/drivers/port/port.o
 .debug_line    0x00005e31      0xc51 src/ASF/sam0/drivers/system/clock/clock_samd21_r21_da/clock.o
 .debug_line    0x00006a82      0xc7c src/ASF/sam0/drivers/system/clock/clock_samd21_r21_da/gclk.o
 .debug_line    0x000076fe      0x951 src/ASF/sam0/drivers/system/pinmux/pinmux.o
 .debug_line    0x0000804f      0x9f3 src/ASF/sam0/drivers/system/system.o
 .debug_line    0x00008a42      0x656 src/ASF/sam0/utils/cmsis/samd21/source/gcc/startup_samd21.o
 .debug_line    0x00009098      0x418 src/ASF/sam0/utils/syscalls/gcc/syscalls.o
 .debug_line    0x000094b0      0xd41 src/main.o

.debug_str      0x00000000    0x8d132
 .debug_str     0x00000000    0x837f1 src/ASF/sam0/drivers/sercom/sercom.o
                              0x84192 (size before relaxing)
 .debug_str     0x000837f1       0x3d src/ASF/sam0/utils/stdio/read.o
                              0x82a72 (size before relaxing)
 .debug_str     0x0008382e       0x2c src/ASF/sam0/utils/stdio/write.o
                              0x82a73 (size before relaxing)
 .debug_str     0x0008385a     0x1103 src/ASF/sam0/drivers/sercom/usart/usart.o
                              0x84f4e (size before relaxing)
 .debug_str     0x0008495d      0x216 src/ASF/sam0/drivers/sercom/usart/usart_interrupt.o
                              0x8418b (size before relaxing)
 .debug_str     0x00084b73      0x548 src/ASF/sam0/drivers/sercom/sercom_interrupt.o
                              0x84027 (size before relaxing)
 .debug_str     0x000850bb       0x66 src/ASF/common/utils/interrupt/interrupt_sam_nvic.o
                              0x82acb (size before relaxing)
 .debug_str     0x00085121     0x3c4a src/ASF/sam0/boards/samd21_xplained_pro/board_init.o
                              0x8675a (size before relaxing)
 .debug_str     0x00088d6b       0x5e src/ASF/sam0/drivers/port/port.o
                              0x82ef7 (size before relaxing)
 .debug_str     0x00088dc9     0x279a src/ASF/sam0/drivers/system/clock/clock_samd21_r21_da/clock.o
                              0x85c37 (size before relaxing)
 .debug_str     0x0008b563      0x1f6 src/ASF/sam0/drivers/system/clock/clock_samd21_r21_da/gclk.o
                              0x83793 (size before relaxing)
 .debug_str     0x0008b759      0x179 src/ASF/sam0/drivers/system/pinmux/pinmux.o
                              0x82f6d (size before relaxing)
 .debug_str     0x0008b8d2       0x47 src/ASF/sam0/drivers/system/system.o
                              0x82b76 (size before relaxing)
 .debug_str     0x0008b919      0xf2f src/ASF/sam0/utils/cmsis/samd21/source/gcc/startup_samd21.o
                              0x6e637 (size before relaxing)
 .debug_str     0x0008c848      0x778 src/ASF/sam0/utils/syscalls/gcc/syscalls.o
                               0x73a3 (size before relaxing)
 .debug_str     0x0008cfc0      0x172 src/main.o
                              0x8889b (size before relaxing)

.debug_frame    0x00000000      0xfdc
 .debug_frame   0x00000000       0x9c src/ASF/sam0/drivers/sercom/sercom.o
 .debug_frame   0x0000009c       0x34 src/ASF/sam0/utils/stdio/read.o
 .debug_frame   0x000000d0       0x34 src/ASF/sam0/utils/stdio/write.o
 .debug_frame   0x00000104       0xac src/ASF/sam0/drivers/sercom/usart/usart.o
 .debug_frame   0x000001b0      0x110 src/ASF/sam0/drivers/sercom/usart/usart_interrupt.o
 .debug_frame   0x000002c0       0xe8 src/ASF/sam0/drivers/sercom/sercom_interrupt.o
 .debug_frame   0x000003a8       0x30 src/ASF/common/utils/interrupt/interrupt_sam_nvic.o
 .debug_frame   0x000003d8       0x30 src/ASF/sam0/boards/samd21_xplained_pro/board_init.o
 .debug_frame   0x00000408       0x44 src/ASF/sam0/drivers/port/port.o
 .debug_frame   0x0000044c      0x14c src/ASF/sam0/drivers/system/clock/clock_samd21_r21_da/clock.o
 .debug_frame   0x00000598      0x148 src/ASF/sam0/drivers/system/clock/clock_samd21_r21_da/gclk.o
 .debug_frame   0x000006e0       0x98 src/ASF/sam0/drivers/system/pinmux/pinmux.o
 .debug_frame   0x00000778       0x38 src/ASF/sam0/drivers/system/system.o
 .debug_frame   0x000007b0       0x40 src/ASF/sam0/utils/cmsis/samd21/source/gcc/startup_samd21.o
 .debug_frame   0x000007f0       0xa8 src/ASF/sam0/utils/syscalls/gcc/syscalls.o
 .debug_frame   0x00000898       0x6c src/main.o
 .debug_frame   0x00000904       0x20 e:/program files (x86)/atmel/studio/7.0/toolchain/arm/arm-gnu-toolchain/bin/../lib/gcc/arm-none-eabi/6.3.1/thumb/v6-m\libgcc.a(_udivsi3.o)
 .debug_frame   0x00000924       0x34 e:/program files (x86)/atmel/studio/7.0/toolchain/arm/arm-gnu-toolchain/bin/../lib/gcc/arm-none-eabi/6.3.1/thumb/v6-m\libgcc.a(_muldi3.o)
 .debug_frame   0x00000958       0x2c e:/program files (x86)/atmel/studio/7.0/toolchain/arm/arm-gnu-toolchain/bin/../lib/gcc/arm-none-eabi/6.3.1/../../../../arm-none-eabi/lib/thumb/v6-m\libc_nano.a(lib_a-init.o)
 .debug_frame   0x00000984       0x20 e:/program files (x86)/atmel/studio/7.0/toolchain/arm/arm-gnu-toolchain/bin/../lib/gcc/arm-none-eabi/6.3.1/../../../../arm-none-eabi/lib/thumb/v6-m\libc_nano.a(lib_a-memset.o)
 .debug_frame   0x000009a4       0x44 e:/program files (x86)/atmel/studio/7.0/toolchain/arm/arm-gnu-toolchain/bin/../lib/gcc/arm-none-eabi/6.3.1/../../../../arm-none-eabi/lib/thumb/v6-m\libc_nano.a(lib_a-puts.o)
 .debug_frame   0x000009e8       0x28 e:/program files (x86)/atmel/studio/7.0/toolchain/arm/arm-gnu-toolchain/bin/../lib/gcc/arm-none-eabi/6.3.1/../../../../arm-none-eabi/lib/thumb/v6-m\libc_nano.a(lib_a-setbuf.o)
 .debug_frame   0x00000a10       0x30 e:/program files (x86)/atmel/studio/7.0/toolchain/arm/arm-gnu-toolchain/bin/../lib/gcc/arm-none-eabi/6.3.1/../../../../arm-none-eabi/lib/thumb/v6-m\libc_nano.a(lib_a-setvbuf.o)
 .debug_frame   0x00000a40       0x48 e:/program files (x86)/atmel/studio/7.0/toolchain/arm/arm-gnu-toolchain/bin/../lib/gcc/arm-none-eabi/6.3.1/../../../../arm-none-eabi/lib/thumb/v6-m\libc_nano.a(lib_a-wbuf.o)
 .debug_frame   0x00000a88       0x2c e:/program files (x86)/atmel/studio/7.0/toolchain/arm/arm-gnu-toolchain/bin/../lib/gcc/arm-none-eabi/6.3.1/../../../../arm-none-eabi/lib/thumb/v6-m\libc_nano.a(lib_a-wsetup.o)
 .debug_frame   0x00000ab4       0x68 e:/program files (x86)/atmel/studio/7.0/toolchain/arm/arm-gnu-toolchain/bin/../lib/gcc/arm-none-eabi/6.3.1/../../../../arm-none-eabi/lib/thumb/v6-m\libc_nano.a(lib_a-fflush.o)
 .debug_frame   0x00000b1c      0x140 e:/program files (x86)/atmel/studio/7.0/toolchain/arm/arm-gnu-toolchain/bin/../lib/gcc/arm-none-eabi/6.3.1/../../../../arm-none-eabi/lib/thumb/v6-m\libc_nano.a(lib_a-findfp.o)
 .debug_frame   0x00000c5c       0x58 e:/program files (x86)/atmel/studio/7.0/toolchain/arm/arm-gnu-toolchain/bin/../lib/gcc/arm-none-eabi/6.3.1/../../../../arm-none-eabi/lib/thumb/v6-m\libc_nano.a(lib_a-fwalk.o)
 .debug_frame   0x00000cb4       0x54 e:/program files (x86)/atmel/studio/7.0/toolchain/arm/arm-gnu-toolchain/bin/../lib/gcc/arm-none-eabi/6.3.1/../../../../arm-none-eabi/lib/thumb/v6-m\libc_nano.a(lib_a-makebuf.o)
 .debug_frame   0x00000d08       0x40 e:/program files (x86)/atmel/studio/7.0/toolchain/arm/arm-gnu-toolchain/bin/../lib/gcc/arm-none-eabi/6.3.1/../../../../arm-none-eabi/lib/thumb/v6-m\libc_nano.a(lib_a-malloc.o)
 .debug_frame   0x00000d48       0x2c e:/program files (x86)/atmel/studio/7.0/toolchain/arm/arm-gnu-toolchain/bin/../lib/gcc/arm-none-eabi/6.3.1/../../../../arm-none-eabi/lib/thumb/v6-m\libc_nano.a(lib_a-nano-freer.o)
 .debug_frame   0x00000d74       0x2c e:/program files (x86)/atmel/studio/7.0/toolchain/arm/arm-gnu-toolchain/bin/../lib/gcc/arm-none-eabi/6.3.1/../../../../arm-none-eabi/lib/thumb/v6-m\libc_nano.a(lib_a-nano-mallocr.o)
 .debug_frame   0x00000da0       0x2c e:/program files (x86)/atmel/studio/7.0/toolchain/arm/arm-gnu-toolchain/bin/../lib/gcc/arm-none-eabi/6.3.1/../../../../arm-none-eabi/lib/thumb/v6-m\libc_nano.a(lib_a-sbrkr.o)
 .debug_frame   0x00000dcc       0x90 e:/program files (x86)/atmel/studio/7.0/toolchain/arm/arm-gnu-toolchain/bin/../lib/gcc/arm-none-eabi/6.3.1/../../../../arm-none-eabi/lib/thumb/v6-m\libc_nano.a(lib_a-stdio.o)
 .debug_frame   0x00000e5c       0x2c e:/program files (x86)/atmel/studio/7.0/toolchain/arm/arm-gnu-toolchain/bin/../lib/gcc/arm-none-eabi/6.3.1/../../../../arm-none-eabi/lib/thumb/v6-m\libc_nano.a(lib_a-writer.o)
 .debug_frame   0x00000e88       0x2c e:/program files (x86)/atmel/studio/7.0/toolchain/arm/arm-gnu-toolchain/bin/../lib/gcc/arm-none-eabi/6.3.1/../../../../arm-none-eabi/lib/thumb/v6-m\libc_nano.a(lib_a-closer.o)
 .debug_frame   0x00000eb4       0x2c e:/program files (x86)/atmel/studio/7.0/toolchain/arm/arm-gnu-toolchain/bin/../lib/gcc/arm-none-eabi/6.3.1/../../../../arm-none-eabi/lib/thumb/v6-m\libc_nano.a(lib_a-fstatr.o)
 .debug_frame   0x00000ee0       0x2c e:/program files (x86)/atmel/studio/7.0/toolchain/arm/arm-gnu-toolchain/bin/../lib/gcc/arm-none-eabi/6.3.1/../../../../arm-none-eabi/lib/thumb/v6-m\libc_nano.a(lib_a-isattyr.o)
 .debug_frame   0x00000f0c       0x2c e:/program files (x86)/atmel/studio/7.0/toolchain/arm/arm-gnu-toolchain/bin/../lib/gcc/arm-none-eabi/6.3.1/../../../../arm-none-eabi/lib/thumb/v6-m\libc_nano.a(lib_a-lseekr.o)
 .debug_frame   0x00000f38       0x30 e:/program files (x86)/atmel/studio/7.0/toolchain/arm/arm-gnu-toolchain/bin/../lib/gcc/arm-none-eabi/6.3.1/../../../../arm-none-eabi/lib/thumb/v6-m\libc_nano.a(lib_a-mlock.o)
 .debug_frame   0x00000f68       0x2c e:/program files (x86)/atmel/studio/7.0/toolchain/arm/arm-gnu-toolchain/bin/../lib/gcc/arm-none-eabi/6.3.1/../../../../arm-none-eabi/lib/thumb/v6-m\libc_nano.a(lib_a-readr.o)
 .debug_frame   0x00000f94       0x48 e:/program files (x86)/atmel/studio/7.0/toolchain/arm/arm-gnu-toolchain/bin/../lib/gcc/arm-none-eabi/6.3.1/../../../../arm-none-eabi/lib/thumb/v6-m\libc_nano.a(lib_a-reent.o)

Cross Reference Table

Symbol                                            File
AC_Handler                                        src/ASF/sam0/utils/cmsis/samd21/source/gcc/startup_samd21.o
ADC_Handler                                       src/ASF/sam0/utils/cmsis/samd21/source/gcc/startup_samd21.o
DAC_Handler                                       src/ASF/sam0/utils/cmsis/samd21/source/gcc/startup_samd21.o
DMAC_Handler                                      src/ASF/sam0/utils/cmsis/samd21/source/gcc/startup_samd21.o
Dummy_Handler                                     src/ASF/sam0/utils/cmsis/samd21/source/gcc/startup_samd21.o
EIC_Handler                                       src/ASF/sam0/utils/cmsis/samd21/source/gcc/startup_samd21.o
EVSYS_Handler                                     src/ASF/sam0/utils/cmsis/samd21/source/gcc/startup_samd21.o
HardFault_Handler                                 src/ASF/sam0/utils/cmsis/samd21/source/gcc/startup_samd21.o
I2S_Handler                                       src/ASF/sam0/utils/cmsis/samd21/source/gcc/startup_samd21.o
NMI_Handler                                       src/ASF/sam0/utils/cmsis/samd21/source/gcc/startup_samd21.o
NVMCTRL_Handler                                   src/ASF/sam0/utils/cmsis/samd21/source/gcc/startup_samd21.o
PM_Handler                                        src/ASF/sam0/utils/cmsis/samd21/source/gcc/startup_samd21.o
PTC_Handler                                       src/ASF/sam0/utils/cmsis/samd21/source/gcc/startup_samd21.o
PendSV_Handler                                    src/ASF/sam0/utils/cmsis/samd21/source/gcc/startup_samd21.o
RTC_Handler                                       src/ASF/sam0/utils/cmsis/samd21/source/gcc/startup_samd21.o
Reset_Handler                                     src/ASF/sam0/utils/cmsis/samd21/source/gcc/startup_samd21.o
SERCOM0_Handler                                   src/ASF/sam0/drivers/sercom/sercom_interrupt.o
SERCOM1_Handler                                   src/ASF/sam0/drivers/sercom/sercom_interrupt.o
SERCOM2_Handler                                   src/ASF/sam0/drivers/sercom/sercom_interrupt.o
SERCOM3_Handler                                   src/ASF/sam0/drivers/sercom/sercom_interrupt.o
SERCOM4_Handler                                   src/ASF/sam0/drivers/sercom/sercom_interrupt.o
SERCOM5_Handler                                   src/ASF/sam0/drivers/sercom/sercom_interrupt.o
SVC_Handler                                       src/ASF/sam0/utils/cmsis/samd21/source/gcc/startup_samd21.o
SYSCTRL_Handler                                   src/ASF/sam0/utils/cmsis/samd21/source/gcc/startup_samd21.o
SysTick_Handler                                   src/ASF/sam0/utils/cmsis/samd21/source/gcc/startup_samd21.o
SystemCoreClock                                   src/ASF/sam0/utils/cmsis/samd21/source/system_samd21.o
SystemCoreClockUpdate                             src/ASF/sam0/utils/cmsis/samd21/source/system_samd21.o
SystemInit                                        src/ASF/sam0/utils/cmsis/samd21/source/system_samd21.o
TC3_Handler                                       src/ASF/sam0/utils/cmsis/samd21/source/gcc/startup_samd21.o
TC4_Handler                                       src/ASF/sam0/utils/cmsis/samd21/source/gcc/startup_samd21.o
TC5_Handler                                       src/ASF/sam0/utils/cmsis/samd21/source/gcc/startup_samd21.o
TC6_Handler                                       src/ASF/sam0/utils/cmsis/samd21/source/gcc/startup_samd21.o
TC7_Handler                                       src/ASF/sam0/utils/cmsis/samd21/source/gcc/startup_samd21.o
TCC0_Handler                                      src/ASF/sam0/utils/cmsis/samd21/source/gcc/startup_samd21.o
TCC1_Handler                                      src/ASF/sam0/utils/cmsis/samd21/source/gcc/startup_samd21.o
TCC2_Handler                                      src/ASF/sam0/utils/cmsis/samd21/source/gcc/startup_samd21.o
USB_Handler                                       src/ASF/sam0/utils/cmsis/samd21/source/gcc/startup_samd21.o
WDT_Handler                                       src/ASF/sam0/utils/cmsis/samd21/source/gcc/startup_samd21.o
_Jv_RegisterClasses                               e:/program files (x86)/atmel/studio/7.0/toolchain/arm/arm-gnu-toolchain/bin/../lib/gcc/arm-none-eabi/6.3.1/thumb/v6-m/crtbegin.o
__aeabi_idiv                                      e:/program files (x86)/atmel/studio/7.0/toolchain/arm/arm-gnu-toolchain/bin/../lib/gcc/arm-none-eabi/6.3.1/thumb/v6-m\libgcc.a(_divsi3.o)
                                                  e:/program files (x86)/atmel/studio/7.0/toolchain/arm/arm-gnu-toolchain/bin/../lib/gcc/arm-none-eabi/6.3.1/../../../../arm-none-eabi/lib/thumb/v6-m\libc_nano.a(lib_a-fvwrite.o)
__aeabi_idiv0                                     e:/program files (x86)/atmel/studio/7.0/toolchain/arm/arm-gnu-toolchain/bin/../lib/gcc/arm-none-eabi/6.3.1/thumb/v6-m\libgcc.a(_dvmd_tls.o)
                                                  e:/program files (x86)/atmel/studio/7.0/toolchain/arm/arm-gnu-toolchain/bin/../lib/gcc/arm-none-eabi/6.3.1/thumb/v6-m\libgcc.a(_divsi3.o)
                                                  e:/program files (x86)/atmel/studio/7.0/toolchain/arm/arm-gnu-toolchain/bin/../lib/gcc/arm-none-eabi/6.3.1/thumb/v6-m\libgcc.a(_udivsi3.o)
__aeabi_idivmod                                   e:/program files (x86)/atmel/studio/7.0/toolchain/arm/arm-gnu-toolchain/bin/../lib/gcc/arm-none-eabi/6.3.1/thumb/v6-m\libgcc.a(_divsi3.o)
__aeabi_ldiv0                                     e:/program files (x86)/atmel/studio/7.0/toolchain/arm/arm-gnu-toolchain/bin/../lib/gcc/arm-none-eabi/6.3.1/thumb/v6-m\libgcc.a(_dvmd_tls.o)
__aeabi_lmul                                      e:/program files (x86)/atmel/studio/7.0/toolchain/arm/arm-gnu-toolchain/bin/../lib/gcc/arm-none-eabi/6.3.1/thumb/v6-m\libgcc.a(_muldi3.o)
                                                  src/ASF/sam0/drivers/sercom/sercom.o
__aeabi_uidiv                                     e:/program files (x86)/atmel/studio/7.0/toolchain/arm/arm-gnu-toolchain/bin/../lib/gcc/arm-none-eabi/6.3.1/thumb/v6-m\libgcc.a(_udivsi3.o)
                                                  e:/program files (x86)/atmel/studio/7.0/toolchain/arm/arm-gnu-toolchain/bin/../lib/gcc/arm-none-eabi/6.3.1/../../../../arm-none-eabi/lib/thumb/v6-m\libc_nano.a(lib_a-nano-vfprintf_i.o)
                                                  src/ASF/sam0/drivers/system/clock/clock_samd21_r21_da/gclk.o
                                                  src/ASF/sam0/drivers/system/clock/clock_samd21_r21_da/clock.o
__aeabi_uidivmod                                  e:/program files (x86)/atmel/studio/7.0/toolchain/arm/arm-gnu-toolchain/bin/../lib/gcc/arm-none-eabi/6.3.1/thumb/v6-m\libgcc.a(_udivsi3.o)
                                                  e:/program files (x86)/atmel/studio/7.0/toolchain/arm/arm-gnu-toolchain/bin/../lib/gcc/arm-none-eabi/6.3.1/../../../../arm-none-eabi/lib/thumb/v6-m\libc_nano.a(lib_a-nano-vfprintf_i.o)
__bss_end__                                       e:/program files (x86)/atmel/studio/7.0/toolchain/arm/arm-gnu-toolchain/bin/../lib/gcc/arm-none-eabi/6.3.1/../../../../arm-none-eabi/lib/thumb/v6-m/crt0.o
__bss_start__                                     e:/program files (x86)/atmel/studio/7.0/toolchain/arm/arm-gnu-toolchain/bin/../lib/gcc/arm-none-eabi/6.3.1/../../../../arm-none-eabi/lib/thumb/v6-m/crt0.o
__call_exitprocs                                  e:/program files (x86)/atmel/studio/7.0/toolchain/arm/arm-gnu-toolchain/bin/../lib/gcc/arm-none-eabi/6.3.1/../../../../arm-none-eabi/lib/thumb/v6-m\libc_nano.a(lib_a-exit.o)
__deregister_frame_info                           e:/program files (x86)/atmel/studio/7.0/toolchain/arm/arm-gnu-toolchain/bin/../lib/gcc/arm-none-eabi/6.3.1/thumb/v6-m/crtbegin.o
__divsi3                                          e:/program files (x86)/atmel/studio/7.0/toolchain/arm/arm-gnu-toolchain/bin/../lib/gcc/arm-none-eabi/6.3.1/thumb/v6-m\libgcc.a(_divsi3.o)
__dso_handle                                      e:/program files (x86)/atmel/studio/7.0/toolchain/arm/arm-gnu-toolchain/bin/../lib/gcc/arm-none-eabi/6.3.1/thumb/v6-m/crtbegin.o
__fp_lock_all                                     e:/program files (x86)/atmel/studio/7.0/toolchain/arm/arm-gnu-toolchain/bin/../lib/gcc/arm-none-eabi/6.3.1/../../../../arm-none-eabi/lib/thumb/v6-m\libc_nano.a(lib_a-findfp.o)
__fp_unlock_all                                   e:/program files (x86)/atmel/studio/7.0/toolchain/arm/arm-gnu-toolchain/bin/../lib/gcc/arm-none-eabi/6.3.1/../../../../arm-none-eabi/lib/thumb/v6-m\libc_nano.a(lib_a-findfp.o)
__init_array_end                                  e:/program files (x86)/atmel/studio/7.0/toolchain/arm/arm-gnu-toolchain/bin/../lib/gcc/arm-none-eabi/6.3.1/../../../../arm-none-eabi/lib/thumb/v6-m\libc_nano.a(lib_a-init.o)
__init_array_start                                e:/program files (x86)/atmel/studio/7.0/toolchain/arm/arm-gnu-toolchain/bin/../lib/gcc/arm-none-eabi/6.3.1/../../../../arm-none-eabi/lib/thumb/v6-m\libc_nano.a(lib_a-init.o)
__libc_fini_array                                 e:/program files (x86)/atmel/studio/7.0/toolchain/arm/arm-gnu-toolchain/bin/../lib/gcc/arm-none-eabi/6.3.1/../../../../arm-none-eabi/lib/thumb/v6-m/crt0.o
__libc_init_array                                 e:/program files (x86)/atmel/studio/7.0/toolchain/arm/arm-gnu-toolchain/bin/../lib/gcc/arm-none-eabi/6.3.1/../../../../arm-none-eabi/lib/thumb/v6-m\libc_nano.a(lib_a-init.o)
                                                  src/ASF/sam0/utils/cmsis/samd21/source/gcc/startup_samd21.o
                                                  e:/program files (x86)/atmel/studio/7.0/toolchain/arm/arm-gnu-toolchain/bin/../lib/gcc/arm-none-eabi/6.3.1/../../../../arm-none-eabi/lib/thumb/v6-m/crt0.o
__malloc_free_list                                e:/program files (x86)/atmel/studio/7.0/toolchain/arm/arm-gnu-toolchain/bin/../lib/gcc/arm-none-eabi/6.3.1/../../../../arm-none-eabi/lib/thumb/v6-m\libc_nano.a(lib_a-nano-mallocr.o)
                                                  e:/program files (x86)/atmel/studio/7.0/toolchain/arm/arm-gnu-toolchain/bin/../lib/gcc/arm-none-eabi/6.3.1/../../../../arm-none-eabi/lib/thumb/v6-m\libc_nano.a(lib_a-nano-freer.o)
__malloc_lock                                     e:/program files (x86)/atmel/studio/7.0/toolchain/arm/arm-gnu-toolchain/bin/../lib/gcc/arm-none-eabi/6.3.1/../../../../arm-none-eabi/lib/thumb/v6-m\libc_nano.a(lib_a-mlock.o)
                                                  e:/program files (x86)/atmel/studio/7.0/toolchain/arm/arm-gnu-toolchain/bin/../lib/gcc/arm-none-eabi/6.3.1/../../../../arm-none-eabi/lib/thumb/v6-m\libc_nano.a(lib_a-nano-mallocr.o)
                                                  e:/program files (x86)/atmel/studio/7.0/toolchain/arm/arm-gnu-toolchain/bin/../lib/gcc/arm-none-eabi/6.3.1/../../../../arm-none-eabi/lib/thumb/v6-m\libc_nano.a(lib_a-nano-freer.o)
__malloc_sbrk_start                               e:/program files (x86)/atmel/studio/7.0/toolchain/arm/arm-gnu-toolchain/bin/../lib/gcc/arm-none-eabi/6.3.1/../../../../arm-none-eabi/lib/thumb/v6-m\libc_nano.a(lib_a-nano-mallocr.o)
__malloc_unlock                                   e:/program files (x86)/atmel/studio/7.0/toolchain/arm/arm-gnu-toolchain/bin/../lib/gcc/arm-none-eabi/6.3.1/../../../../arm-none-eabi/lib/thumb/v6-m\libc_nano.a(lib_a-mlock.o)
                                                  e:/program files (x86)/atmel/studio/7.0/toolchain/arm/arm-gnu-toolchain/bin/../lib/gcc/arm-none-eabi/6.3.1/../../../../arm-none-eabi/lib/thumb/v6-m\libc_nano.a(lib_a-nano-mallocr.o)
                                                  e:/program files (x86)/atmel/studio/7.0/toolchain/arm/arm-gnu-toolchain/bin/../lib/gcc/arm-none-eabi/6.3.1/../../../../arm-none-eabi/lib/thumb/v6-m\libc_nano.a(lib_a-nano-freer.o)
__muldi3                                          e:/program files (x86)/atmel/studio/7.0/toolchain/arm/arm-gnu-toolchain/bin/../lib/gcc/arm-none-eabi/6.3.1/thumb/v6-m\libgcc.a(_muldi3.o)
__preinit_array_end                               e:/program files (x86)/atmel/studio/7.0/toolchain/arm/arm-gnu-toolchain/bin/../lib/gcc/arm-none-eabi/6.3.1/../../../../arm-none-eabi/lib/thumb/v6-m\libc_nano.a(lib_a-init.o)
__preinit_array_start                             e:/program files (x86)/atmel/studio/7.0/toolchain/arm/arm-gnu-toolchain/bin/../lib/gcc/arm-none-eabi/6.3.1/../../../../arm-none-eabi/lib/thumb/v6-m\libc_nano.a(lib_a-init.o)
__register_frame_info                             e:/program files (x86)/atmel/studio/7.0/toolchain/arm/arm-gnu-toolchain/bin/../lib/gcc/arm-none-eabi/6.3.1/thumb/v6-m/crtbegin.o
__sclose                                          e:/program files (x86)/atmel/studio/7.0/toolchain/arm/arm-gnu-toolchain/bin/../lib/gcc/arm-none-eabi/6.3.1/../../../../arm-none-eabi/lib/thumb/v6-m\libc_nano.a(lib_a-stdio.o)
                                                  e:/program files (x86)/atmel/studio/7.0/toolchain/arm/arm-gnu-toolchain/bin/../lib/gcc/arm-none-eabi/6.3.1/../../../../arm-none-eabi/lib/thumb/v6-m\libc_nano.a(lib_a-findfp.o)
__seofread                                        e:/program files (x86)/atmel/studio/7.0/toolchain/arm/arm-gnu-toolchain/bin/../lib/gcc/arm-none-eabi/6.3.1/../../../../arm-none-eabi/lib/thumb/v6-m\libc_nano.a(lib_a-stdio.o)
__sf_fake_stderr                                  e:/program files (x86)/atmel/studio/7.0/toolchain/arm/arm-gnu-toolchain/bin/../lib/gcc/arm-none-eabi/6.3.1/../../../../arm-none-eabi/lib/thumb/v6-m\libc_nano.a(lib_a-findfp.o)
                                                  e:/program files (x86)/atmel/studio/7.0/toolchain/arm/arm-gnu-toolchain/bin/../lib/gcc/arm-none-eabi/6.3.1/../../../../arm-none-eabi/lib/thumb/v6-m\libc_nano.a(lib_a-nano-vfprintf.o)
                                                  e:/program files (x86)/atmel/studio/7.0/toolchain/arm/arm-gnu-toolchain/bin/../lib/gcc/arm-none-eabi/6.3.1/../../../../arm-none-eabi/lib/thumb/v6-m\libc_nano.a(lib_a-fflush.o)
                                                  e:/program files (x86)/atmel/studio/7.0/toolchain/arm/arm-gnu-toolchain/bin/../lib/gcc/arm-none-eabi/6.3.1/../../../../arm-none-eabi/lib/thumb/v6-m\libc_nano.a(lib_a-wsetup.o)
                                                  e:/program files (x86)/atmel/studio/7.0/toolchain/arm/arm-gnu-toolchain/bin/../lib/gcc/arm-none-eabi/6.3.1/../../../../arm-none-eabi/lib/thumb/v6-m\libc_nano.a(lib_a-wbuf.o)
                                                  e:/program files (x86)/atmel/studio/7.0/toolchain/arm/arm-gnu-toolchain/bin/../lib/gcc/arm-none-eabi/6.3.1/../../../../arm-none-eabi/lib/thumb/v6-m\libc_nano.a(lib_a-setvbuf.o)
                                                  e:/program files (x86)/atmel/studio/7.0/toolchain/arm/arm-gnu-toolchain/bin/../lib/gcc/arm-none-eabi/6.3.1/../../../../arm-none-eabi/lib/thumb/v6-m\libc_nano.a(lib_a-puts.o)
                                                  e:/program files (x86)/atmel/studio/7.0/toolchain/arm/arm-gnu-toolchain/bin/../lib/gcc/arm-none-eabi/6.3.1/../../../../arm-none-eabi/lib/thumb/v6-m\libc_nano.a(lib_a-impure.o)
__sf_fake_stdin                                   e:/program files (x86)/atmel/studio/7.0/toolchain/arm/arm-gnu-toolchain/bin/../lib/gcc/arm-none-eabi/6.3.1/../../../../arm-none-eabi/lib/thumb/v6-m\libc_nano.a(lib_a-findfp.o)
                                                  e:/program files (x86)/atmel/studio/7.0/toolchain/arm/arm-gnu-toolchain/bin/../lib/gcc/arm-none-eabi/6.3.1/../../../../arm-none-eabi/lib/thumb/v6-m\libc_nano.a(lib_a-nano-vfprintf.o)
                                                  e:/program files (x86)/atmel/studio/7.0/toolchain/arm/arm-gnu-toolchain/bin/../lib/gcc/arm-none-eabi/6.3.1/../../../../arm-none-eabi/lib/thumb/v6-m\libc_nano.a(lib_a-fflush.o)
                                                  e:/program files (x86)/atmel/studio/7.0/toolchain/arm/arm-gnu-toolchain/bin/../lib/gcc/arm-none-eabi/6.3.1/../../../../arm-none-eabi/lib/thumb/v6-m\libc_nano.a(lib_a-wsetup.o)
                                                  e:/program files (x86)/atmel/studio/7.0/toolchain/arm/arm-gnu-toolchain/bin/../lib/gcc/arm-none-eabi/6.3.1/../../../../arm-none-eabi/lib/thumb/v6-m\libc_nano.a(lib_a-wbuf.o)
                                                  e:/program files (x86)/atmel/studio/7.0/toolchain/arm/arm-gnu-toolchain/bin/../lib/gcc/arm-none-eabi/6.3.1/../../../../arm-none-eabi/lib/thumb/v6-m\libc_nano.a(lib_a-setvbuf.o)
                                                  e:/program files (x86)/atmel/studio/7.0/toolchain/arm/arm-gnu-toolchain/bin/../lib/gcc/arm-none-eabi/6.3.1/../../../../arm-none-eabi/lib/thumb/v6-m\libc_nano.a(lib_a-puts.o)
                                                  e:/program files (x86)/atmel/studio/7.0/toolchain/arm/arm-gnu-toolchain/bin/../lib/gcc/arm-none-eabi/6.3.1/../../../../arm-none-eabi/lib/thumb/v6-m\libc_nano.a(lib_a-impure.o)
__sf_fake_stdout                                  e:/program files (x86)/atmel/studio/7.0/toolchain/arm/arm-gnu-toolchain/bin/../lib/gcc/arm-none-eabi/6.3.1/../../../../arm-none-eabi/lib/thumb/v6-m\libc_nano.a(lib_a-findfp.o)
                                                  e:/program files (x86)/atmel/studio/7.0/toolchain/arm/arm-gnu-toolchain/bin/../lib/gcc/arm-none-eabi/6.3.1/../../../../arm-none-eabi/lib/thumb/v6-m\libc_nano.a(lib_a-nano-vfprintf.o)
                                                  e:/program files (x86)/atmel/studio/7.0/toolchain/arm/arm-gnu-toolchain/bin/../lib/gcc/arm-none-eabi/6.3.1/../../../../arm-none-eabi/lib/thumb/v6-m\libc_nano.a(lib_a-fflush.o)
                                                  e:/program files (x86)/atmel/studio/7.0/toolchain/arm/arm-gnu-toolchain/bin/../lib/gcc/arm-none-eabi/6.3.1/../../../../arm-none-eabi/lib/thumb/v6-m\libc_nano.a(lib_a-wsetup.o)
                                                  e:/program files (x86)/atmel/studio/7.0/toolchain/arm/arm-gnu-toolchain/bin/../lib/gcc/arm-none-eabi/6.3.1/../../../../arm-none-eabi/lib/thumb/v6-m\libc_nano.a(lib_a-wbuf.o)
                                                  e:/program files (x86)/atmel/studio/7.0/toolchain/arm/arm-gnu-toolchain/bin/../lib/gcc/arm-none-eabi/6.3.1/../../../../arm-none-eabi/lib/thumb/v6-m\libc_nano.a(lib_a-setvbuf.o)
                                                  e:/program files (x86)/atmel/studio/7.0/toolchain/arm/arm-gnu-toolchain/bin/../lib/gcc/arm-none-eabi/6.3.1/../../../../arm-none-eabi/lib/thumb/v6-m\libc_nano.a(lib_a-puts.o)
                                                  e:/program files (x86)/atmel/studio/7.0/toolchain/arm/arm-gnu-toolchain/bin/../lib/gcc/arm-none-eabi/6.3.1/../../../../arm-none-eabi/lib/thumb/v6-m\libc_nano.a(lib_a-impure.o)
__sflush_r                                        e:/program files (x86)/atmel/studio/7.0/toolchain/arm/arm-gnu-toolchain/bin/../lib/gcc/arm-none-eabi/6.3.1/../../../../arm-none-eabi/lib/thumb/v6-m\libc_nano.a(lib_a-fflush.o)
__sfmoreglue                                      e:/program files (x86)/atmel/studio/7.0/toolchain/arm/arm-gnu-toolchain/bin/../lib/gcc/arm-none-eabi/6.3.1/../../../../arm-none-eabi/lib/thumb/v6-m\libc_nano.a(lib_a-findfp.o)
__sfp                                             e:/program files (x86)/atmel/studio/7.0/toolchain/arm/arm-gnu-toolchain/bin/../lib/gcc/arm-none-eabi/6.3.1/../../../../arm-none-eabi/lib/thumb/v6-m\libc_nano.a(lib_a-findfp.o)
__sfp_lock_acquire                                e:/program files (x86)/atmel/studio/7.0/toolchain/arm/arm-gnu-toolchain/bin/../lib/gcc/arm-none-eabi/6.3.1/../../../../arm-none-eabi/lib/thumb/v6-m\libc_nano.a(lib_a-findfp.o)
__sfp_lock_release                                e:/program files (x86)/atmel/studio/7.0/toolchain/arm/arm-gnu-toolchain/bin/../lib/gcc/arm-none-eabi/6.3.1/../../../../arm-none-eabi/lib/thumb/v6-m\libc_nano.a(lib_a-findfp.o)
__sfputs_r                                        e:/program files (x86)/atmel/studio/7.0/toolchain/arm/arm-gnu-toolchain/bin/../lib/gcc/arm-none-eabi/6.3.1/../../../../arm-none-eabi/lib/thumb/v6-m\libc_nano.a(lib_a-nano-vfprintf.o)
__sfvwrite_r                                      e:/program files (x86)/atmel/studio/7.0/toolchain/arm/arm-gnu-toolchain/bin/../lib/gcc/arm-none-eabi/6.3.1/../../../../arm-none-eabi/lib/thumb/v6-m\libc_nano.a(lib_a-fvwrite.o)
                                                  e:/program files (x86)/atmel/studio/7.0/toolchain/arm/arm-gnu-toolchain/bin/../lib/gcc/arm-none-eabi/6.3.1/../../../../arm-none-eabi/lib/thumb/v6-m\libc_nano.a(lib_a-nano-vfprintf.o)
__sinit                                           e:/program files (x86)/atmel/studio/7.0/toolchain/arm/arm-gnu-toolchain/bin/../lib/gcc/arm-none-eabi/6.3.1/../../../../arm-none-eabi/lib/thumb/v6-m\libc_nano.a(lib_a-findfp.o)
                                                  e:/program files (x86)/atmel/studio/7.0/toolchain/arm/arm-gnu-toolchain/bin/../lib/gcc/arm-none-eabi/6.3.1/../../../../arm-none-eabi/lib/thumb/v6-m\libc_nano.a(lib_a-nano-vfprintf.o)
                                                  e:/program files (x86)/atmel/studio/7.0/toolchain/arm/arm-gnu-toolchain/bin/../lib/gcc/arm-none-eabi/6.3.1/../../../../arm-none-eabi/lib/thumb/v6-m\libc_nano.a(lib_a-fflush.o)
                                                  e:/program files (x86)/atmel/studio/7.0/toolchain/arm/arm-gnu-toolchain/bin/../lib/gcc/arm-none-eabi/6.3.1/../../../../arm-none-eabi/lib/thumb/v6-m\libc_nano.a(lib_a-wsetup.o)
                                                  e:/program files (x86)/atmel/studio/7.0/toolchain/arm/arm-gnu-toolchain/bin/../lib/gcc/arm-none-eabi/6.3.1/../../../../arm-none-eabi/lib/thumb/v6-m\libc_nano.a(lib_a-wbuf.o)
                                                  e:/program files (x86)/atmel/studio/7.0/toolchain/arm/arm-gnu-toolchain/bin/../lib/gcc/arm-none-eabi/6.3.1/../../../../arm-none-eabi/lib/thumb/v6-m\libc_nano.a(lib_a-setvbuf.o)
                                                  e:/program files (x86)/atmel/studio/7.0/toolchain/arm/arm-gnu-toolchain/bin/../lib/gcc/arm-none-eabi/6.3.1/../../../../arm-none-eabi/lib/thumb/v6-m\libc_nano.a(lib_a-puts.o)